[0.036s] Invoking command in '/home/tiffy/One-Wish-Coders/build/tidal_vehicle_interfaces': CMAKE_PREFIX_PATH=${CMAKE_PREFIX_PATH}:/opt/ros/jazzy /usr/bin/cmake --build /home/tiffy/One-Wish-Coders/build/tidal_vehicle_interfaces -- -j14 -l14
[0.205s] [  1%] Built target tidal_vehicle_interfaces__rosidl_generator_type_description
[0.226s] [  3%] Built target tidal_vehicle_interfaces__rs
[0.261s] [  5%] Built target tidal_vehicle_interfaces__cpp
[0.262s] [  5%] Built target ament_cmake_python_symlink_tidal_vehicle_interfaces
[0.274s] [ 25%] Built target tidal_vehicle_interfaces__rosidl_generator_c
[0.363s] [ 34%] Built target tidal_vehicle_interfaces__rosidl_typesupport_fastrtps_cpp
[0.367s] [ 43%] Built target tidal_vehicle_interfaces__rosidl_typesupport_introspection_cpp
[0.378s] [ 52%] Built target tidal_vehicle_interfaces__rosidl_typesupport_introspection_c
[0.401s] [ 61%] Built target tidal_vehicle_interfaces__rosidl_typesupport_cpp
[0.404s] [ 76%] Built target tidal_vehicle_interfaces__rosidl_typesupport_c
[0.408s] [ 80%] Built target tidal_vehicle_interfaces__rosidl_typesupport_fastrtps_c
[0.465s] [ 80%] Built target tidal_vehicle_interfaces
[0.512s] [ 81%] Built target tidal_vehicle_interfaces__py
[0.611s] [ 89%] Built target tidal_vehicle_interfaces__rosidl_generator_py
[0.674s] [ 92%] Built target tidal_vehicle_interfaces_s__rosidl_typesupport_introspection_c
[0.676s] [ 96%] Built target tidal_vehicle_interfaces_s__rosidl_typesupport_fastrtps_c
[0.678s] [100%] Built target tidal_vehicle_interfaces_s__rosidl_typesupport_c
[0.835s] running egg_info
[0.879s] writing tidal_vehicle_interfaces.egg-info/PKG-INFO
[0.879s] writing dependency_links to tidal_vehicle_interfaces.egg-info/dependency_links.txt
[0.879s] writing top-level names to tidal_vehicle_interfaces.egg-info/top_level.txt
[1.006s] reading manifest file 'tidal_vehicle_interfaces.egg-info/SOURCES.txt'
[1.007s] writing manifest file 'tidal_vehicle_interfaces.egg-info/SOURCES.txt'
[1.089s] [100%] Built target ament_cmake_python_build_tidal_vehicle_interfaces_egg
[1.111s] Invoked command in '/home/tiffy/One-Wish-Coders/build/tidal_vehicle_interfaces' returned '0': CMAKE_PREFIX_PATH=${CMAKE_PREFIX_PATH}:/opt/ros/jazzy /usr/bin/cmake --build /home/tiffy/One-Wish-Coders/build/tidal_vehicle_interfaces -- -j14 -l14
[1.137s] Invoking command in '/home/tiffy/One-Wish-Coders/build/tidal_vehicle_interfaces': CMAKE_PREFIX_PATH=${CMAKE_PREFIX_PATH}:/opt/ros/jazzy /usr/bin/cmake --install /home/tiffy/One-Wish-Coders/build/tidal_vehicle_interfaces
[1.155s] -- Install configuration: ""
[1.156s] -- Execute custom install script
[1.157s] -- Up-to-date symlink: /home/tiffy/One-Wish-Coders/install/tidal_vehicle_interfaces/share/ament_index/resource_index/rosidl_interfaces/tidal_vehicle_interfaces
[1.158s] -- Up-to-date symlink: /home/tiffy/One-Wish-Coders/install/tidal_vehicle_interfaces/share/tidal_vehicle_interfaces/msg/SafetyStatus.json
[1.158s] -- Up-to-date symlink: /home/tiffy/One-Wish-Coders/install/tidal_vehicle_interfaces/share/tidal_vehicle_interfaces/msg/TerrainState.json
[1.158s] -- Up-to-date symlink: /home/tiffy/One-Wish-Coders/install/tidal_vehicle_interfaces/share/tidal_vehicle_interfaces/msg/VehicleHealth.json
[1.160s] -- Up-to-date symlink: /home/tiffy/One-Wish-Coders/install/tidal_vehicle_interfaces/include/tidal_vehicle_interfaces/tidal_vehicle_interfaces/msg/detail/safety_status__functions.h
[1.161s] -- Up-to-date symlink: /home/tiffy/One-Wish-Coders/install/tidal_vehicle_interfaces/include/tidal_vehicle_interfaces/tidal_vehicle_interfaces/msg/detail/safety_status__struct.h
[1.162s] -- Up-to-date symlink: /home/tiffy/One-Wish-Coders/install/tidal_vehicle_interfaces/include/tidal_vehicle_interfaces/tidal_vehicle_interfaces/msg/detail/safety_status__type_support.h
[1.164s] -- Up-to-date symlink: /home/tiffy/One-Wish-Coders/install/tidal_vehicle_interfaces/include/tidal_vehicle_interfaces/tidal_vehicle_interfaces/msg/detail/terrain_state__functions.h
[1.166s] -- Up-to-date symlink: /home/tiffy/One-Wish-Coders/install/tidal_vehicle_interfaces/include/tidal_vehicle_interfaces/tidal_vehicle_interfaces/msg/detail/terrain_state__struct.h
[1.168s] -- Up-to-date symlink: /home/tiffy/One-Wish-Coders/install/tidal_vehicle_interfaces/include/tidal_vehicle_interfaces/tidal_vehicle_interfaces/msg/detail/terrain_state__type_support.h
[1.168s] -- Up-to-date symlink: /home/tiffy/One-Wish-Coders/install/tidal_vehicle_interfaces/include/tidal_vehicle_interfaces/tidal_vehicle_interfaces/msg/detail/vehicle_health__functions.h
[1.168s] -- Up-to-date symlink: /home/tiffy/One-Wish-Coders/install/tidal_vehicle_interfaces/include/tidal_vehicle_interfaces/tidal_vehicle_interfaces/msg/detail/vehicle_health__struct.h
[1.168s] -- Up-to-date symlink: /home/tiffy/One-Wish-Coders/install/tidal_vehicle_interfaces/include/tidal_vehicle_interfaces/tidal_vehicle_interfaces/msg/detail/vehicle_health__type_support.h
[1.168s] -- Up-to-date symlink: /home/tiffy/One-Wish-Coders/install/tidal_vehicle_interfaces/include/tidal_vehicle_interfaces/tidal_vehicle_interfaces/msg/rosidl_generator_c__visibility_control.h
[1.168s] -- Up-to-date symlink: /home/tiffy/One-Wish-Coders/install/tidal_vehicle_interfaces/include/tidal_vehicle_interfaces/tidal_vehicle_interfaces/msg/safety_status.h
[1.168s] -- Up-to-date symlink: /home/tiffy/One-Wish-Coders/install/tidal_vehicle_interfaces/include/tidal_vehicle_interfaces/tidal_vehicle_interfaces/msg/terrain_state.h
[1.168s] -- Up-to-date symlink: /home/tiffy/One-Wish-Coders/install/tidal_vehicle_interfaces/include/tidal_vehicle_interfaces/tidal_vehicle_interfaces/msg/vehicle_health.h
[1.169s] -- Up-to-date symlink: /home/tiffy/One-Wish-Coders/install/tidal_vehicle_interfaces/share/tidal_vehicle_interfaces/environment/library_path.sh
[1.169s] -- Up-to-date symlink: /home/tiffy/One-Wish-Coders/install/tidal_vehicle_interfaces/share/tidal_vehicle_interfaces/environment/library_path.dsv
[1.169s] -- Up-to-date symlink: /home/tiffy/One-Wish-Coders/install/tidal_vehicle_interfaces/include/tidal_vehicle_interfaces/tidal_vehicle_interfaces/msg/detail/safety_status__rosidl_typesupport_fastrtps_c.h
[1.169s] -- Up-to-date symlink: /home/tiffy/One-Wish-Coders/install/tidal_vehicle_interfaces/include/tidal_vehicle_interfaces/tidal_vehicle_interfaces/msg/detail/terrain_state__rosidl_typesupport_fastrtps_c.h
[1.169s] -- Up-to-date symlink: /home/tiffy/One-Wish-Coders/install/tidal_vehicle_interfaces/include/tidal_vehicle_interfaces/tidal_vehicle_interfaces/msg/detail/vehicle_health__rosidl_typesupport_fastrtps_c.h
[1.169s] -- Up-to-date symlink: /home/tiffy/One-Wish-Coders/install/tidal_vehicle_interfaces/include/tidal_vehicle_interfaces/tidal_vehicle_interfaces/msg/rosidl_typesupport_fastrtps_c__visibility_control.h
[1.169s] -- Up-to-date symlink: /home/tiffy/One-Wish-Coders/install/tidal_vehicle_interfaces/include/tidal_vehicle_interfaces/tidal_vehicle_interfaces/msg/detail/safety_status__rosidl_typesupport_introspection_c.h
[1.169s] -- Up-to-date symlink: /home/tiffy/One-Wish-Coders/install/tidal_vehicle_interfaces/include/tidal_vehicle_interfaces/tidal_vehicle_interfaces/msg/detail/terrain_state__rosidl_typesupport_introspection_c.h
[1.170s] -- Up-to-date symlink: /home/tiffy/One-Wish-Coders/install/tidal_vehicle_interfaces/include/tidal_vehicle_interfaces/tidal_vehicle_interfaces/msg/detail/vehicle_health__rosidl_typesupport_introspection_c.h
[1.171s] -- Up-to-date symlink: /home/tiffy/One-Wish-Coders/install/tidal_vehicle_interfaces/include/tidal_vehicle_interfaces/tidal_vehicle_interfaces/msg/rosidl_typesupport_introspection_c__visibility_control.h
[1.171s] -- Up-to-date symlink: /home/tiffy/One-Wish-Coders/install/tidal_vehicle_interfaces/include/tidal_vehicle_interfaces/tidal_vehicle_interfaces/msg/detail/safety_status__builder.hpp
[1.171s] -- Up-to-date symlink: /home/tiffy/One-Wish-Coders/install/tidal_vehicle_interfaces/include/tidal_vehicle_interfaces/tidal_vehicle_interfaces/msg/detail/safety_status__struct.hpp
[1.171s] -- Up-to-date symlink: /home/tiffy/One-Wish-Coders/install/tidal_vehicle_interfaces/include/tidal_vehicle_interfaces/tidal_vehicle_interfaces/msg/detail/safety_status__traits.hpp
[1.172s] -- Up-to-date symlink: /home/tiffy/One-Wish-Coders/install/tidal_vehicle_interfaces/include/tidal_vehicle_interfaces/tidal_vehicle_interfaces/msg/detail/safety_status__type_support.hpp
[1.173s] -- Up-to-date symlink: /home/tiffy/One-Wish-Coders/install/tidal_vehicle_interfaces/include/tidal_vehicle_interfaces/tidal_vehicle_interfaces/msg/detail/terrain_state__builder.hpp
[1.174s] -- Up-to-date symlink: /home/tiffy/One-Wish-Coders/install/tidal_vehicle_interfaces/include/tidal_vehicle_interfaces/tidal_vehicle_interfaces/msg/detail/terrain_state__struct.hpp
[1.174s] -- Up-to-date symlink: /home/tiffy/One-Wish-Coders/install/tidal_vehicle_interfaces/include/tidal_vehicle_interfaces/tidal_vehicle_interfaces/msg/detail/terrain_state__traits.hpp
[1.174s] -- Up-to-date symlink: /home/tiffy/One-Wish-Coders/install/tidal_vehicle_interfaces/include/tidal_vehicle_interfaces/tidal_vehicle_interfaces/msg/detail/terrain_state__type_support.hpp
[1.175s] -- Up-to-date symlink: /home/tiffy/One-Wish-Coders/install/tidal_vehicle_interfaces/include/tidal_vehicle_interfaces/tidal_vehicle_interfaces/msg/detail/vehicle_health__builder.hpp
[1.176s] -- Up-to-date symlink: /home/tiffy/One-Wish-Coders/install/tidal_vehicle_interfaces/include/tidal_vehicle_interfaces/tidal_vehicle_interfaces/msg/detail/vehicle_health__struct.hpp
[1.176s] -- Up-to-date symlink: /home/tiffy/One-Wish-Coders/install/tidal_vehicle_interfaces/include/tidal_vehicle_interfaces/tidal_vehicle_interfaces/msg/detail/vehicle_health__traits.hpp
[1.176s] -- Up-to-date symlink: /home/tiffy/One-Wish-Coders/install/tidal_vehicle_interfaces/include/tidal_vehicle_interfaces/tidal_vehicle_interfaces/msg/detail/vehicle_health__type_support.hpp
[1.176s] -- Up-to-date symlink: /home/tiffy/One-Wish-Coders/install/tidal_vehicle_interfaces/include/tidal_vehicle_interfaces/tidal_vehicle_interfaces/msg/rosidl_generator_cpp__visibility_control.hpp
[1.176s] -- Up-to-date symlink: /home/tiffy/One-Wish-Coders/install/tidal_vehicle_interfaces/include/tidal_vehicle_interfaces/tidal_vehicle_interfaces/msg/safety_status.hpp
[1.176s] -- Up-to-date symlink: /home/tiffy/One-Wish-Coders/install/tidal_vehicle_interfaces/include/tidal_vehicle_interfaces/tidal_vehicle_interfaces/msg/terrain_state.hpp
[1.176s] -- Up-to-date symlink: /home/tiffy/One-Wish-Coders/install/tidal_vehicle_interfaces/include/tidal_vehicle_interfaces/tidal_vehicle_interfaces/msg/vehicle_health.hpp
[1.176s] -- Up-to-date symlink: /home/tiffy/One-Wish-Coders/install/tidal_vehicle_interfaces/include/tidal_vehicle_interfaces/tidal_vehicle_interfaces/msg/detail/safety_status__rosidl_typesupport_fastrtps_cpp.hpp
[1.177s] -- Up-to-date symlink: /home/tiffy/One-Wish-Coders/install/tidal_vehicle_interfaces/include/tidal_vehicle_interfaces/tidal_vehicle_interfaces/msg/detail/terrain_state__rosidl_typesupport_fastrtps_cpp.hpp
[1.177s] -- Up-to-date symlink: /home/tiffy/One-Wish-Coders/install/tidal_vehicle_interfaces/include/tidal_vehicle_interfaces/tidal_vehicle_interfaces/msg/detail/vehicle_health__rosidl_typesupport_fastrtps_cpp.hpp
[1.177s] -- Up-to-date symlink: /home/tiffy/One-Wish-Coders/install/tidal_vehicle_interfaces/include/tidal_vehicle_interfaces/tidal_vehicle_interfaces/msg/rosidl_typesupport_fastrtps_cpp__visibility_control.h
[1.177s] -- Up-to-date symlink: /home/tiffy/One-Wish-Coders/install/tidal_vehicle_interfaces/include/tidal_vehicle_interfaces/tidal_vehicle_interfaces/msg/detail/safety_status__rosidl_typesupport_introspection_cpp.hpp
[1.177s] -- Up-to-date symlink: /home/tiffy/One-Wish-Coders/install/tidal_vehicle_interfaces/include/tidal_vehicle_interfaces/tidal_vehicle_interfaces/msg/detail/terrain_state__rosidl_typesupport_introspection_cpp.hpp
[1.177s] -- Up-to-date symlink: /home/tiffy/One-Wish-Coders/install/tidal_vehicle_interfaces/include/tidal_vehicle_interfaces/tidal_vehicle_interfaces/msg/detail/vehicle_health__rosidl_typesupport_introspection_cpp.hpp
[1.177s] -- Up-to-date symlink: /home/tiffy/One-Wish-Coders/install/tidal_vehicle_interfaces/share/tidal_vehicle_interfaces/environment/pythonpath.sh
[1.177s] -- Up-to-date symlink: /home/tiffy/One-Wish-Coders/install/tidal_vehicle_interfaces/share/tidal_vehicle_interfaces/environment/pythonpath.dsv
[1.177s] -- Up-to-date symlink: /home/tiffy/One-Wish-Coders/install/tidal_vehicle_interfaces/lib/python3.12/site-packages/tidal_vehicle_interfaces-0.0.1-py3.12.egg-info/PKG-INFO
[1.177s] -- Up-to-date symlink: /home/tiffy/One-Wish-Coders/install/tidal_vehicle_interfaces/lib/python3.12/site-packages/tidal_vehicle_interfaces-0.0.1-py3.12.egg-info/SOURCES.txt
[1.178s] -- Up-to-date symlink: /home/tiffy/One-Wish-Coders/install/tidal_vehicle_interfaces/lib/python3.12/site-packages/tidal_vehicle_interfaces-0.0.1-py3.12.egg-info/dependency_links.txt
[1.178s] -- Up-to-date symlink: /home/tiffy/One-Wish-Coders/install/tidal_vehicle_interfaces/lib/python3.12/site-packages/tidal_vehicle_interfaces-0.0.1-py3.12.egg-info/top_level.txt
[1.178s] -- Up-to-date symlink: /home/tiffy/One-Wish-Coders/install/tidal_vehicle_interfaces/lib/python3.12/site-packages/tidal_vehicle_interfaces/__init__.py
[1.178s] -- Up-to-date symlink: /home/tiffy/One-Wish-Coders/install/tidal_vehicle_interfaces/lib/python3.12/site-packages/tidal_vehicle_interfaces/_tidal_vehicle_interfaces_s.ep.rosidl_typesupport_c.c
[1.178s] -- Up-to-date symlink: /home/tiffy/One-Wish-Coders/install/tidal_vehicle_interfaces/lib/python3.12/site-packages/tidal_vehicle_interfaces/_tidal_vehicle_interfaces_s.ep.rosidl_typesupport_fastrtps_c.c
[1.178s] -- Up-to-date symlink: /home/tiffy/One-Wish-Coders/install/tidal_vehicle_interfaces/lib/python3.12/site-packages/tidal_vehicle_interfaces/_tidal_vehicle_interfaces_s.ep.rosidl_typesupport_introspection_c.c
[1.184s] -- Up-to-date symlink: /home/tiffy/One-Wish-Coders/install/tidal_vehicle_interfaces/lib/python3.12/site-packages/tidal_vehicle_interfaces/msg/__init__.py
[1.185s] -- Up-to-date symlink: /home/tiffy/One-Wish-Coders/install/tidal_vehicle_interfaces/lib/python3.12/site-packages/tidal_vehicle_interfaces/msg/_safety_status.py
[1.185s] -- Up-to-date symlink: /home/tiffy/One-Wish-Coders/install/tidal_vehicle_interfaces/lib/python3.12/site-packages/tidal_vehicle_interfaces/msg/_safety_status_s.c
[1.185s] -- Up-to-date symlink: /home/tiffy/One-Wish-Coders/install/tidal_vehicle_interfaces/lib/python3.12/site-packages/tidal_vehicle_interfaces/msg/_terrain_state.py
[1.185s] -- Up-to-date symlink: /home/tiffy/One-Wish-Coders/install/tidal_vehicle_interfaces/lib/python3.12/site-packages/tidal_vehicle_interfaces/msg/_terrain_state_s.c
[1.186s] -- Up-to-date symlink: /home/tiffy/One-Wish-Coders/install/tidal_vehicle_interfaces/lib/python3.12/site-packages/tidal_vehicle_interfaces/msg/_vehicle_health.py
[1.186s] -- Up-to-date symlink: /home/tiffy/One-Wish-Coders/install/tidal_vehicle_interfaces/lib/python3.12/site-packages/tidal_vehicle_interfaces/msg/_vehicle_health_s.c
[1.186s] -- Up-to-date symlink: /home/tiffy/One-Wish-Coders/install/tidal_vehicle_interfaces/lib/python3.12/site-packages/tidal_vehicle_interfaces/tidal_vehicle_interfaces_s__rosidl_typesupport_c.so
[1.186s] -- Up-to-date symlink: /home/tiffy/One-Wish-Coders/install/tidal_vehicle_interfaces/lib/python3.12/site-packages/tidal_vehicle_interfaces/tidal_vehicle_interfaces_s__rosidl_typesupport_fastrtps_c.so
[1.186s] -- Up-to-date symlink: /home/tiffy/One-Wish-Coders/install/tidal_vehicle_interfaces/lib/python3.12/site-packages/tidal_vehicle_interfaces/tidal_vehicle_interfaces_s__rosidl_typesupport_introspection_c.so
[1.186s] -- Up-to-date symlink: /home/tiffy/One-Wish-Coders/install/tidal_vehicle_interfaces/lib/python3.12/site-packages/tidal_vehicle_interfaces/tidal_vehicle_interfaces_s__rosidl_typesupport_fastrtps_c.so
[1.186s] -- Up-to-date symlink: /home/tiffy/One-Wish-Coders/install/tidal_vehicle_interfaces/lib/python3.12/site-packages/tidal_vehicle_interfaces/tidal_vehicle_interfaces_s__rosidl_typesupport_introspection_c.so
[1.186s] -- Up-to-date symlink: /home/tiffy/One-Wish-Coders/install/tidal_vehicle_interfaces/lib/python3.12/site-packages/tidal_vehicle_interfaces/tidal_vehicle_interfaces_s__rosidl_typesupport_c.so
[1.187s] -- Up-to-date symlink: /home/tiffy/One-Wish-Coders/install/tidal_vehicle_interfaces/share/tidal_vehicle_interfaces/rust/Cargo.toml
[1.187s] -- Up-to-date symlink: /home/tiffy/One-Wish-Coders/install/tidal_vehicle_interfaces/share/tidal_vehicle_interfaces/rust/build.rs
[1.187s] -- Up-to-date symlink: /home/tiffy/One-Wish-Coders/install/tidal_vehicle_interfaces/share/tidal_vehicle_interfaces/rust/src/lib.rs
[1.187s] -- Up-to-date symlink: /home/tiffy/One-Wish-Coders/install/tidal_vehicle_interfaces/share/tidal_vehicle_interfaces/rust/src/msg.rs
[1.187s] -- Up-to-date symlink: /home/tiffy/One-Wish-Coders/install/tidal_vehicle_interfaces/share/tidal_vehicle_interfaces/rust/src/msg/rmw.rs
[1.187s] -- Up-to-date symlink: /home/tiffy/One-Wish-Coders/install/tidal_vehicle_interfaces/share/tidal_vehicle_interfaces/msg/SafetyStatus.idl
[1.187s] -- Up-to-date symlink: /home/tiffy/One-Wish-Coders/install/tidal_vehicle_interfaces/share/tidal_vehicle_interfaces/msg/TerrainState.idl
[1.187s] -- Up-to-date symlink: /home/tiffy/One-Wish-Coders/install/tidal_vehicle_interfaces/share/tidal_vehicle_interfaces/msg/VehicleHealth.idl
[1.188s] -- Up-to-date symlink: /home/tiffy/One-Wish-Coders/install/tidal_vehicle_interfaces/share/tidal_vehicle_interfaces/msg/SafetyStatus.msg
[1.188s] -- Up-to-date symlink: /home/tiffy/One-Wish-Coders/install/tidal_vehicle_interfaces/share/tidal_vehicle_interfaces/msg/TerrainState.msg
[1.188s] -- Up-to-date symlink: /home/tiffy/One-Wish-Coders/install/tidal_vehicle_interfaces/share/tidal_vehicle_interfaces/msg/VehicleHealth.msg
[1.188s] -- Up-to-date symlink: /home/tiffy/One-Wish-Coders/install/tidal_vehicle_interfaces/share/ament_index/resource_index/package_run_dependencies/tidal_vehicle_interfaces
[1.188s] -- Up-to-date symlink: /home/tiffy/One-Wish-Coders/install/tidal_vehicle_interfaces/share/ament_index/resource_index/parent_prefix_path/tidal_vehicle_interfaces
[1.188s] -- Up-to-date symlink: /home/tiffy/One-Wish-Coders/install/tidal_vehicle_interfaces/share/tidal_vehicle_interfaces/environment/ament_prefix_path.sh
[1.188s] -- Up-to-date symlink: /home/tiffy/One-Wish-Coders/install/tidal_vehicle_interfaces/share/tidal_vehicle_interfaces/environment/ament_prefix_path.dsv
[1.188s] -- Up-to-date symlink: /home/tiffy/One-Wish-Coders/install/tidal_vehicle_interfaces/share/tidal_vehicle_interfaces/environment/path.sh
[1.189s] -- Up-to-date symlink: /home/tiffy/One-Wish-Coders/install/tidal_vehicle_interfaces/share/tidal_vehicle_interfaces/environment/path.dsv
[1.189s] -- Up-to-date symlink: /home/tiffy/One-Wish-Coders/install/tidal_vehicle_interfaces/share/tidal_vehicle_interfaces/local_setup.bash
[1.189s] -- Up-to-date symlink: /home/tiffy/One-Wish-Coders/install/tidal_vehicle_interfaces/share/tidal_vehicle_interfaces/local_setup.sh
[1.189s] -- Up-to-date symlink: /home/tiffy/One-Wish-Coders/install/tidal_vehicle_interfaces/share/tidal_vehicle_interfaces/local_setup.zsh
[1.189s] -- Up-to-date symlink: /home/tiffy/One-Wish-Coders/install/tidal_vehicle_interfaces/share/tidal_vehicle_interfaces/local_setup.dsv
[1.189s] -- Symlinking: /home/tiffy/One-Wish-Coders/install/tidal_vehicle_interfaces/share/tidal_vehicle_interfaces/package.dsv
[1.223s] -- Up-to-date symlink: /home/tiffy/One-Wish-Coders/install/tidal_vehicle_interfaces/share/ament_index/resource_index/packages/tidal_vehicle_interfaces
[1.223s] -- Up-to-date symlink: /home/tiffy/One-Wish-Coders/install/tidal_vehicle_interfaces/share/tidal_vehicle_interfaces/cmake/rosidl_cmake-extras.cmake
[1.223s] -- Up-to-date symlink: /home/tiffy/One-Wish-Coders/install/tidal_vehicle_interfaces/share/tidal_vehicle_interfaces/cmake/ament_cmake_export_dependencies-extras.cmake
[1.224s] -- Up-to-date symlink: /home/tiffy/One-Wish-Coders/install/tidal_vehicle_interfaces/share/tidal_vehicle_interfaces/cmake/ament_cmake_export_include_directories-extras.cmake
[1.224s] -- Up-to-date symlink: /home/tiffy/One-Wish-Coders/install/tidal_vehicle_interfaces/share/tidal_vehicle_interfaces/cmake/ament_cmake_export_libraries-extras.cmake
[1.225s] -- Up-to-date symlink: /home/tiffy/One-Wish-Coders/install/tidal_vehicle_interfaces/share/tidal_vehicle_interfaces/cmake/ament_cmake_export_targets-extras.cmake
[1.226s] -- Up-to-date symlink: /home/tiffy/One-Wish-Coders/install/tidal_vehicle_interfaces/share/tidal_vehicle_interfaces/cmake/rosidl_cmake_export_typesupport_targets-extras.cmake
[1.227s] -- Up-to-date symlink: /home/tiffy/One-Wish-Coders/install/tidal_vehicle_interfaces/share/tidal_vehicle_interfaces/cmake/rosidl_cmake_export_typesupport_libraries-extras.cmake
[1.228s] -- Up-to-date symlink: /home/tiffy/One-Wish-Coders/install/tidal_vehicle_interfaces/share/tidal_vehicle_interfaces/cmake/rosidl_cmake_aggregate_target-extras.cmake
[1.229s] -- Up-to-date symlink: /home/tiffy/One-Wish-Coders/install/tidal_vehicle_interfaces/share/tidal_vehicle_interfaces/cmake/tidal_vehicle_interfacesConfig.cmake
[1.229s] -- Up-to-date symlink: /home/tiffy/One-Wish-Coders/install/tidal_vehicle_interfaces/share/tidal_vehicle_interfaces/cmake/tidal_vehicle_interfacesConfig-version.cmake
[1.229s] -- Up-to-date symlink: /home/tiffy/One-Wish-Coders/install/tidal_vehicle_interfaces/share/tidal_vehicle_interfaces/package.xml
[1.229s] -- Up-to-date: /home/tiffy/One-Wish-Coders/install/tidal_vehicle_interfaces/lib/libtidal_vehicle_interfaces__rosidl_generator_c.so
[1.230s] -- Up-to-date: /home/tiffy/One-Wish-Coders/install/tidal_vehicle_interfaces/lib/libtidal_vehicle_interfaces__rosidl_typesupport_fastrtps_c.so
[1.230s] -- Up-to-date: /home/tiffy/One-Wish-Coders/install/tidal_vehicle_interfaces/lib/libtidal_vehicle_interfaces__rosidl_typesupport_introspection_c.so
[1.230s] -- Up-to-date: /home/tiffy/One-Wish-Coders/install/tidal_vehicle_interfaces/lib/libtidal_vehicle_interfaces__rosidl_typesupport_c.so
[1.230s] -- Up-to-date: /home/tiffy/One-Wish-Coders/install/tidal_vehicle_interfaces/lib/libtidal_vehicle_interfaces__rosidl_typesupport_fastrtps_cpp.so
[1.230s] -- Up-to-date: /home/tiffy/One-Wish-Coders/install/tidal_vehicle_interfaces/lib/libtidal_vehicle_interfaces__rosidl_typesupport_introspection_cpp.so
[1.230s] -- Up-to-date: /home/tiffy/One-Wish-Coders/install/tidal_vehicle_interfaces/lib/libtidal_vehicle_interfaces__rosidl_typesupport_cpp.so
[1.319s] Listing '/home/tiffy/One-Wish-Coders/install/tidal_vehicle_interfaces/lib/python3.12/site-packages/tidal_vehicle_interfaces'...
[1.320s] Listing '/home/tiffy/One-Wish-Coders/install/tidal_vehicle_interfaces/lib/python3.12/site-packages/tidal_vehicle_interfaces/msg'...
[1.322s] -- Up-to-date: /home/tiffy/One-Wish-Coders/install/tidal_vehicle_interfaces/lib/libtidal_vehicle_interfaces__rosidl_generator_py.so
[1.324s] -- Up-to-date: /home/tiffy/One-Wish-Coders/install/tidal_vehicle_interfaces/share/tidal_vehicle_interfaces/cmake/export_tidal_vehicle_interfaces__rosidl_generator_cExport.cmake
[1.324s] -- Up-to-date: /home/tiffy/One-Wish-Coders/install/tidal_vehicle_interfaces/share/tidal_vehicle_interfaces/cmake/export_tidal_vehicle_interfaces__rosidl_generator_cExport-noconfig.cmake
[1.324s] -- Up-to-date: /home/tiffy/One-Wish-Coders/install/tidal_vehicle_interfaces/share/tidal_vehicle_interfaces/cmake/export_tidal_vehicle_interfaces__rosidl_typesupport_fastrtps_cExport.cmake
[1.327s] -- Up-to-date: /home/tiffy/One-Wish-Coders/install/tidal_vehicle_interfaces/share/tidal_vehicle_interfaces/cmake/export_tidal_vehicle_interfaces__rosidl_typesupport_fastrtps_cExport-noconfig.cmake
[1.327s] -- Up-to-date: /home/tiffy/One-Wish-Coders/install/tidal_vehicle_interfaces/share/tidal_vehicle_interfaces/cmake/tidal_vehicle_interfaces__rosidl_typesupport_introspection_cExport.cmake
[1.327s] -- Up-to-date: /home/tiffy/One-Wish-Coders/install/tidal_vehicle_interfaces/share/tidal_vehicle_interfaces/cmake/tidal_vehicle_interfaces__rosidl_typesupport_introspection_cExport-noconfig.cmake
[1.328s] -- Up-to-date: /home/tiffy/One-Wish-Coders/install/tidal_vehicle_interfaces/share/tidal_vehicle_interfaces/cmake/tidal_vehicle_interfaces__rosidl_typesupport_cExport.cmake
[1.328s] -- Up-to-date: /home/tiffy/One-Wish-Coders/install/tidal_vehicle_interfaces/share/tidal_vehicle_interfaces/cmake/tidal_vehicle_interfaces__rosidl_typesupport_cExport-noconfig.cmake
[1.328s] -- Up-to-date: /home/tiffy/One-Wish-Coders/install/tidal_vehicle_interfaces/share/tidal_vehicle_interfaces/cmake/export_tidal_vehicle_interfaces__rosidl_generator_cppExport.cmake
[1.328s] -- Up-to-date: /home/tiffy/One-Wish-Coders/install/tidal_vehicle_interfaces/share/tidal_vehicle_interfaces/cmake/export_tidal_vehicle_interfaces__rosidl_typesupport_fastrtps_cppExport.cmake
[1.328s] -- Up-to-date: /home/tiffy/One-Wish-Coders/install/tidal_vehicle_interfaces/share/tidal_vehicle_interfaces/cmake/export_tidal_vehicle_interfaces__rosidl_typesupport_fastrtps_cppExport-noconfig.cmake
[1.329s] -- Up-to-date: /home/tiffy/One-Wish-Coders/install/tidal_vehicle_interfaces/share/tidal_vehicle_interfaces/cmake/tidal_vehicle_interfaces__rosidl_typesupport_introspection_cppExport.cmake
[1.338s] -- Up-to-date: /home/tiffy/One-Wish-Coders/install/tidal_vehicle_interfaces/share/tidal_vehicle_interfaces/cmake/tidal_vehicle_interfaces__rosidl_typesupport_introspection_cppExport-noconfig.cmake
[1.338s] -- Up-to-date: /home/tiffy/One-Wish-Coders/install/tidal_vehicle_interfaces/share/tidal_vehicle_interfaces/cmake/tidal_vehicle_interfaces__rosidl_typesupport_cppExport.cmake
[1.338s] -- Up-to-date: /home/tiffy/One-Wish-Coders/install/tidal_vehicle_interfaces/share/tidal_vehicle_interfaces/cmake/tidal_vehicle_interfaces__rosidl_typesupport_cppExport-noconfig.cmake
[1.339s] -- Up-to-date: /home/tiffy/One-Wish-Coders/install/tidal_vehicle_interfaces/share/tidal_vehicle_interfaces/cmake/export_tidal_vehicle_interfaces__rosidl_generator_pyExport.cmake
[1.339s] -- Up-to-date: /home/tiffy/One-Wish-Coders/install/tidal_vehicle_interfaces/share/tidal_vehicle_interfaces/cmake/export_tidal_vehicle_interfaces__rosidl_generator_pyExport-noconfig.cmake
[1.339s] Invoked command in '/home/tiffy/One-Wish-Coders/build/tidal_vehicle_interfaces' returned '0': CMAKE_PREFIX_PATH=${CMAKE_PREFIX_PATH}:/opt/ros/jazzy /usr/bin/cmake --install /home/tiffy/One-Wish-Coders/build/tidal_vehicle_interfaces
