[0.339s] DEBUG:colcon:Command line arguments: ['/usr/bin/colcon', 'build', '--symlink-install', '--packages-up-to', 'tidal_vehicle_simulation']
[0.339s] DEBUG:colcon:Parsed command line arguments: Namespace(log_base=None, log_level=None, verb_name='build', build_base='build', install_base='install', merge_install=False, symlink_install=True, test_result_base=None, continue_on_error=False, executor='parallel', parallel_workers=14, event_handlers=None, ignore_user_meta=False, metas=['./colcon.meta'], base_paths=['.'], packages_ignore=None, packages_ignore_regex=None, paths=None, packages_up_to=['tidal_vehicle_simulation'], packages_up_to_regex=None, packages_above=None, packages_above_and_dependencies=None, packages_above_depth=None, packages_select_by_dep=None, packages_skip_by_dep=None, packages_skip_up_to=None, packages_select_build_failed=False, packages_skip_build_finished=False, packages_select_test_failures=False, packages_skip_test_passed=False, packages_select=None, packages_skip=None, packages_select_regex=None, packages_skip_regex=None, packages_start=None, packages_end=None, allow_overriding=[], cmake_args=None, cmake_target=None, cmake_target_skip_unavailable=False, cmake_clean_cache=False, cmake_clean_first=False, cmake_force_configure=False, ament_cmake_args=None, catkin_cmake_args=None, catkin_skip_building_tests=False, verb_parser=<colcon_defaults.argument_parser.defaults.DefaultArgumentsDecorator object at 0x79bc30663d40>, verb_extension=<colcon_core.verb.build.BuildVerb object at 0x79bc311a3c50>, main=<bound method BuildVerb.main of <colcon_core.verb.build.BuildVerb object at 0x79bc311a3c50>>)
[0.477s] Level 1:colcon.colcon_core.package_discovery:discover_packages(colcon_meta) check parameters
[0.477s] Level 1:colcon.colcon_core.package_discovery:discover_packages(recursive) check parameters
[0.478s] Level 1:colcon.colcon_core.package_discovery:discover_packages(ignore) check parameters
[0.478s] Level 1:colcon.colcon_core.package_discovery:discover_packages(path) check parameters
[0.478s] Level 1:colcon.colcon_core.package_discovery:discover_packages(colcon_meta) discover
[0.478s] Level 1:colcon.colcon_core.package_discovery:discover_packages(recursive) discover
[0.478s] INFO:colcon.colcon_core.package_discovery:Crawling recursively for packages in '/home/tiffy/One-Wish-Coders'
[0.479s] Level 1:colcon.colcon_core.package_identification:_identify(.) by extensions ['ignore', 'ignore_ament_install']
[0.479s] Level 1:colcon.colcon_core.package_identification:_identify(.) by extension 'ignore'
[0.479s] Level 1:colcon.colcon_core.package_identification:_identify(.) by extension 'ignore_ament_install'
[0.480s] Level 1:colcon.colcon_core.package_identification:_identify(.) by extensions ['colcon_pkg']
[0.480s] Level 1:colcon.colcon_core.package_identification:_identify(.) by extension 'colcon_pkg'
[0.480s] Level 1:colcon.colcon_core.package_identification:_identify(.) by extensions ['colcon_meta']
[0.480s] Level 1:colcon.colcon_core.package_identification:_identify(.) by extension 'colcon_meta'
[0.480s] Level 1:colcon.colcon_core.package_identification:_identify(.) by extensions ['ros']
[0.480s] Level 1:colcon.colcon_core.package_identification:_identify(.) by extension 'ros'
[0.538s] Level 1:colcon.colcon_core.package_identification:_identify(.) by extensions ['cmake', 'python']
[0.538s] Level 1:colcon.colcon_core.package_identification:_identify(.) by extension 'cmake'
[0.538s] Level 1:colcon.colcon_core.package_identification:_identify(.) by extension 'python'
[0.538s] Level 1:colcon.colcon_core.package_identification:_identify(.) by extensions ['python_setup_py']
[0.538s] Level 1:colcon.colcon_core.package_identification:_identify(.) by extension 'python_setup_py'
[0.539s] Level 1:colcon.colcon_core.package_identification:_identify(assets) by extensions ['ignore', 'ignore_ament_install']
[0.539s] Level 1:colcon.colcon_core.package_identification:_identify(assets) by extension 'ignore'
[0.539s] Level 1:colcon.colcon_core.package_identification:_identify(assets) by extension 'ignore_ament_install'
[0.539s] Level 1:colcon.colcon_core.package_identification:_identify(assets) by extensions ['colcon_pkg']
[0.539s] Level 1:colcon.colcon_core.package_identification:_identify(assets) by extension 'colcon_pkg'
[0.539s] Level 1:colcon.colcon_core.package_identification:_identify(assets) by extensions ['colcon_meta']
[0.539s] Level 1:colcon.colcon_core.package_identification:_identify(assets) by extension 'colcon_meta'
[0.539s] Level 1:colcon.colcon_core.package_identification:_identify(assets) by extensions ['ros']
[0.539s] Level 1:colcon.colcon_core.package_identification:_identify(assets) by extension 'ros'
[0.539s] Level 1:colcon.colcon_core.package_identification:_identify(assets) by extensions ['cmake', 'python']
[0.539s] Level 1:colcon.colcon_core.package_identification:_identify(assets) by extension 'cmake'
[0.539s] Level 1:colcon.colcon_core.package_identification:_identify(assets) by extension 'python'
[0.539s] Level 1:colcon.colcon_core.package_identification:_identify(assets) by extensions ['python_setup_py']
[0.539s] Level 1:colcon.colcon_core.package_identification:_identify(assets) by extension 'python_setup_py'
[0.540s] Level 1:colcon.colcon_core.package_identification:_identify(autonomous_tidal_vehicle_ws) by extensions ['ignore', 'ignore_ament_install']
[0.540s] Level 1:colcon.colcon_core.package_identification:_identify(autonomous_tidal_vehicle_ws) by extension 'ignore'
[0.540s] Level 1:colcon.colcon_core.package_identification:_identify(autonomous_tidal_vehicle_ws) by extension 'ignore_ament_install'
[0.540s] Level 1:colcon.colcon_core.package_identification:_identify(autonomous_tidal_vehicle_ws) by extensions ['colcon_pkg']
[0.540s] Level 1:colcon.colcon_core.package_identification:_identify(autonomous_tidal_vehicle_ws) by extension 'colcon_pkg'
[0.540s] Level 1:colcon.colcon_core.package_identification:_identify(autonomous_tidal_vehicle_ws) by extensions ['colcon_meta']
[0.540s] Level 1:colcon.colcon_core.package_identification:_identify(autonomous_tidal_vehicle_ws) by extension 'colcon_meta'
[0.540s] Level 1:colcon.colcon_core.package_identification:_identify(autonomous_tidal_vehicle_ws) by extensions ['ros']
[0.540s] Level 1:colcon.colcon_core.package_identification:_identify(autonomous_tidal_vehicle_ws) by extension 'ros'
[0.540s] Level 1:colcon.colcon_core.package_identification:_identify(autonomous_tidal_vehicle_ws) by extensions ['cmake', 'python']
[0.540s] Level 1:colcon.colcon_core.package_identification:_identify(autonomous_tidal_vehicle_ws) by extension 'cmake'
[0.540s] Level 1:colcon.colcon_core.package_identification:_identify(autonomous_tidal_vehicle_ws) by extension 'python'
[0.540s] Level 1:colcon.colcon_core.package_identification:_identify(autonomous_tidal_vehicle_ws) by extensions ['python_setup_py']
[0.540s] Level 1:colcon.colcon_core.package_identification:_identify(autonomous_tidal_vehicle_ws) by extension 'python_setup_py'
[0.540s] Level 1:colcon.colcon_core.package_identification:_identify(autonomous_tidal_vehicle_ws/build) by extensions ['ignore', 'ignore_ament_install']
[0.540s] Level 1:colcon.colcon_core.package_identification:_identify(autonomous_tidal_vehicle_ws/build) by extension 'ignore'
[0.541s] Level 1:colcon.colcon_core.package_identification:_identify(autonomous_tidal_vehicle_ws/build) ignored
[0.541s] Level 1:colcon.colcon_core.package_identification:_identify(autonomous_tidal_vehicle_ws/install) by extensions ['ignore', 'ignore_ament_install']
[0.541s] Level 1:colcon.colcon_core.package_identification:_identify(autonomous_tidal_vehicle_ws/install) by extension 'ignore'
[0.541s] Level 1:colcon.colcon_core.package_identification:_identify(autonomous_tidal_vehicle_ws/install) ignored
[0.541s] Level 1:colcon.colcon_core.package_identification:_identify(autonomous_tidal_vehicle_ws/log) by extensions ['ignore', 'ignore_ament_install']
[0.541s] Level 1:colcon.colcon_core.package_identification:_identify(autonomous_tidal_vehicle_ws/log) by extension 'ignore'
[0.541s] Level 1:colcon.colcon_core.package_identification:_identify(autonomous_tidal_vehicle_ws/log) ignored
[0.541s] Level 1:colcon.colcon_core.package_identification:_identify(autonomous_tidal_vehicle_ws/src) by extensions ['ignore', 'ignore_ament_install']
[0.541s] Level 1:colcon.colcon_core.package_identification:_identify(autonomous_tidal_vehicle_ws/src) by extension 'ignore'
[0.542s] Level 1:colcon.colcon_core.package_identification:_identify(autonomous_tidal_vehicle_ws/src) by extension 'ignore_ament_install'
[0.542s] Level 1:colcon.colcon_core.package_identification:_identify(autonomous_tidal_vehicle_ws/src) by extensions ['colcon_pkg']
[0.542s] Level 1:colcon.colcon_core.package_identification:_identify(autonomous_tidal_vehicle_ws/src) by extension 'colcon_pkg'
[0.542s] Level 1:colcon.colcon_core.package_identification:_identify(autonomous_tidal_vehicle_ws/src) by extensions ['colcon_meta']
[0.542s] Level 1:colcon.colcon_core.package_identification:_identify(autonomous_tidal_vehicle_ws/src) by extension 'colcon_meta'
[0.542s] Level 1:colcon.colcon_core.package_identification:_identify(autonomous_tidal_vehicle_ws/src) by extensions ['ros']
[0.542s] Level 1:colcon.colcon_core.package_identification:_identify(autonomous_tidal_vehicle_ws/src) by extension 'ros'
[0.542s] Level 1:colcon.colcon_core.package_identification:_identify(autonomous_tidal_vehicle_ws/src) by extensions ['cmake', 'python']
[0.542s] Level 1:colcon.colcon_core.package_identification:_identify(autonomous_tidal_vehicle_ws/src) by extension 'cmake'
[0.542s] Level 1:colcon.colcon_core.package_identification:_identify(autonomous_tidal_vehicle_ws/src) by extension 'python'
[0.542s] Level 1:colcon.colcon_core.package_identification:_identify(autonomous_tidal_vehicle_ws/src) by extensions ['python_setup_py']
[0.542s] Level 1:colcon.colcon_core.package_identification:_identify(autonomous_tidal_vehicle_ws/src) by extension 'python_setup_py'
[0.542s] Level 1:colcon.colcon_core.package_identification:_identify(autonomous_tidal_vehicle_ws/src/tidal_vehicle_autonomy) by extensions ['ignore', 'ignore_ament_install']
[0.542s] Level 1:colcon.colcon_core.package_identification:_identify(autonomous_tidal_vehicle_ws/src/tidal_vehicle_autonomy) by extension 'ignore'
[0.542s] Level 1:colcon.colcon_core.package_identification:_identify(autonomous_tidal_vehicle_ws/src/tidal_vehicle_autonomy) by extension 'ignore_ament_install'
[0.542s] Level 1:colcon.colcon_core.package_identification:_identify(autonomous_tidal_vehicle_ws/src/tidal_vehicle_autonomy) by extensions ['colcon_pkg']
[0.542s] Level 1:colcon.colcon_core.package_identification:_identify(autonomous_tidal_vehicle_ws/src/tidal_vehicle_autonomy) by extension 'colcon_pkg'
[0.542s] Level 1:colcon.colcon_core.package_identification:_identify(autonomous_tidal_vehicle_ws/src/tidal_vehicle_autonomy) by extensions ['colcon_meta']
[0.542s] Level 1:colcon.colcon_core.package_identification:_identify(autonomous_tidal_vehicle_ws/src/tidal_vehicle_autonomy) by extension 'colcon_meta'
[0.543s] Level 1:colcon.colcon_core.package_identification:_identify(autonomous_tidal_vehicle_ws/src/tidal_vehicle_autonomy) by extensions ['ros']
[0.543s] Level 1:colcon.colcon_core.package_identification:_identify(autonomous_tidal_vehicle_ws/src/tidal_vehicle_autonomy) by extension 'ros'
[0.548s] DEBUG:colcon.colcon_core.package_identification:Package 'autonomous_tidal_vehicle_ws/src/tidal_vehicle_autonomy' with type 'ros.ament_python' and name 'tidal_vehicle_autonomy'
[0.548s] Level 1:colcon.colcon_core.package_identification:_identify(autonomous_tidal_vehicle_ws/src/tidal_vehicle_bringup) by extensions ['ignore', 'ignore_ament_install']
[0.548s] Level 1:colcon.colcon_core.package_identification:_identify(autonomous_tidal_vehicle_ws/src/tidal_vehicle_bringup) by extension 'ignore'
[0.548s] Level 1:colcon.colcon_core.package_identification:_identify(autonomous_tidal_vehicle_ws/src/tidal_vehicle_bringup) by extension 'ignore_ament_install'
[0.549s] Level 1:colcon.colcon_core.package_identification:_identify(autonomous_tidal_vehicle_ws/src/tidal_vehicle_bringup) by extensions ['colcon_pkg']
[0.549s] Level 1:colcon.colcon_core.package_identification:_identify(autonomous_tidal_vehicle_ws/src/tidal_vehicle_bringup) by extension 'colcon_pkg'
[0.549s] Level 1:colcon.colcon_core.package_identification:_identify(autonomous_tidal_vehicle_ws/src/tidal_vehicle_bringup) by extensions ['colcon_meta']
[0.549s] Level 1:colcon.colcon_core.package_identification:_identify(autonomous_tidal_vehicle_ws/src/tidal_vehicle_bringup) by extension 'colcon_meta'
[0.549s] Level 1:colcon.colcon_core.package_identification:_identify(autonomous_tidal_vehicle_ws/src/tidal_vehicle_bringup) by extensions ['ros']
[0.549s] Level 1:colcon.colcon_core.package_identification:_identify(autonomous_tidal_vehicle_ws/src/tidal_vehicle_bringup) by extension 'ros'
[0.549s] DEBUG:colcon.colcon_core.package_identification:Package 'autonomous_tidal_vehicle_ws/src/tidal_vehicle_bringup' with type 'ros.ament_cmake' and name 'tidal_vehicle_bringup'
[0.550s] Level 1:colcon.colcon_core.package_identification:_identify(autonomous_tidal_vehicle_ws/src/tidal_vehicle_description) by extensions ['ignore', 'ignore_ament_install']
[0.550s] Level 1:colcon.colcon_core.package_identification:_identify(autonomous_tidal_vehicle_ws/src/tidal_vehicle_description) by extension 'ignore'
[0.550s] Level 1:colcon.colcon_core.package_identification:_identify(autonomous_tidal_vehicle_ws/src/tidal_vehicle_description) by extension 'ignore_ament_install'
[0.550s] Level 1:colcon.colcon_core.package_identification:_identify(autonomous_tidal_vehicle_ws/src/tidal_vehicle_description) by extensions ['colcon_pkg']
[0.550s] Level 1:colcon.colcon_core.package_identification:_identify(autonomous_tidal_vehicle_ws/src/tidal_vehicle_description) by extension 'colcon_pkg'
[0.550s] Level 1:colcon.colcon_core.package_identification:_identify(autonomous_tidal_vehicle_ws/src/tidal_vehicle_description) by extensions ['colcon_meta']
[0.550s] Level 1:colcon.colcon_core.package_identification:_identify(autonomous_tidal_vehicle_ws/src/tidal_vehicle_description) by extension 'colcon_meta'
[0.550s] Level 1:colcon.colcon_core.package_identification:_identify(autonomous_tidal_vehicle_ws/src/tidal_vehicle_description) by extensions ['ros']
[0.550s] Level 1:colcon.colcon_core.package_identification:_identify(autonomous_tidal_vehicle_ws/src/tidal_vehicle_description) by extension 'ros'
[0.551s] DEBUG:colcon.colcon_core.package_identification:Package 'autonomous_tidal_vehicle_ws/src/tidal_vehicle_description' with type 'ros.ament_cmake' and name 'tidal_vehicle_description'
[0.551s] Level 1:colcon.colcon_core.package_identification:_identify(autonomous_tidal_vehicle_ws/src/tidal_vehicle_evaluation) by extensions ['ignore', 'ignore_ament_install']
[0.551s] Level 1:colcon.colcon_core.package_identification:_identify(autonomous_tidal_vehicle_ws/src/tidal_vehicle_evaluation) by extension 'ignore'
[0.551s] Level 1:colcon.colcon_core.package_identification:_identify(autonomous_tidal_vehicle_ws/src/tidal_vehicle_evaluation) by extension 'ignore_ament_install'
[0.551s] Level 1:colcon.colcon_core.package_identification:_identify(autonomous_tidal_vehicle_ws/src/tidal_vehicle_evaluation) by extensions ['colcon_pkg']
[0.551s] Level 1:colcon.colcon_core.package_identification:_identify(autonomous_tidal_vehicle_ws/src/tidal_vehicle_evaluation) by extension 'colcon_pkg'
[0.551s] Level 1:colcon.colcon_core.package_identification:_identify(autonomous_tidal_vehicle_ws/src/tidal_vehicle_evaluation) by extensions ['colcon_meta']
[0.551s] Level 1:colcon.colcon_core.package_identification:_identify(autonomous_tidal_vehicle_ws/src/tidal_vehicle_evaluation) by extension 'colcon_meta'
[0.552s] Level 1:colcon.colcon_core.package_identification:_identify(autonomous_tidal_vehicle_ws/src/tidal_vehicle_evaluation) by extensions ['ros']
[0.552s] Level 1:colcon.colcon_core.package_identification:_identify(autonomous_tidal_vehicle_ws/src/tidal_vehicle_evaluation) by extension 'ros'
[0.552s] DEBUG:colcon.colcon_core.package_identification:Package 'autonomous_tidal_vehicle_ws/src/tidal_vehicle_evaluation' with type 'ros.ament_python' and name 'tidal_vehicle_evaluation'
[0.552s] Level 1:colcon.colcon_core.package_identification:_identify(autonomous_tidal_vehicle_ws/src/tidal_vehicle_interfaces) by extensions ['ignore', 'ignore_ament_install']
[0.553s] Level 1:colcon.colcon_core.package_identification:_identify(autonomous_tidal_vehicle_ws/src/tidal_vehicle_interfaces) by extension 'ignore'
[0.553s] Level 1:colcon.colcon_core.package_identification:_identify(autonomous_tidal_vehicle_ws/src/tidal_vehicle_interfaces) by extension 'ignore_ament_install'
[0.553s] Level 1:colcon.colcon_core.package_identification:_identify(autonomous_tidal_vehicle_ws/src/tidal_vehicle_interfaces) by extensions ['colcon_pkg']
[0.553s] Level 1:colcon.colcon_core.package_identification:_identify(autonomous_tidal_vehicle_ws/src/tidal_vehicle_interfaces) by extension 'colcon_pkg'
[0.553s] Level 1:colcon.colcon_core.package_identification:_identify(autonomous_tidal_vehicle_ws/src/tidal_vehicle_interfaces) by extensions ['colcon_meta']
[0.553s] Level 1:colcon.colcon_core.package_identification:_identify(autonomous_tidal_vehicle_ws/src/tidal_vehicle_interfaces) by extension 'colcon_meta'
[0.553s] Level 1:colcon.colcon_core.package_identification:_identify(autonomous_tidal_vehicle_ws/src/tidal_vehicle_interfaces) by extensions ['ros']
[0.553s] Level 1:colcon.colcon_core.package_identification:_identify(autonomous_tidal_vehicle_ws/src/tidal_vehicle_interfaces) by extension 'ros'
[0.555s] DEBUG:colcon.colcon_core.package_identification:Package 'autonomous_tidal_vehicle_ws/src/tidal_vehicle_interfaces' with type 'ros.ament_cmake' and name 'tidal_vehicle_interfaces'
[0.555s] Level 1:colcon.colcon_core.package_identification:_identify(autonomous_tidal_vehicle_ws/src/tidal_vehicle_operator) by extensions ['ignore', 'ignore_ament_install']
[0.556s] Level 1:colcon.colcon_core.package_identification:_identify(autonomous_tidal_vehicle_ws/src/tidal_vehicle_operator) by extension 'ignore'
[0.556s] Level 1:colcon.colcon_core.package_identification:_identify(autonomous_tidal_vehicle_ws/src/tidal_vehicle_operator) by extension 'ignore_ament_install'
[0.556s] Level 1:colcon.colcon_core.package_identification:_identify(autonomous_tidal_vehicle_ws/src/tidal_vehicle_operator) by extensions ['colcon_pkg']
[0.556s] Level 1:colcon.colcon_core.package_identification:_identify(autonomous_tidal_vehicle_ws/src/tidal_vehicle_operator) by extension 'colcon_pkg'
[0.556s] Level 1:colcon.colcon_core.package_identification:_identify(autonomous_tidal_vehicle_ws/src/tidal_vehicle_operator) by extensions ['colcon_meta']
[0.556s] Level 1:colcon.colcon_core.package_identification:_identify(autonomous_tidal_vehicle_ws/src/tidal_vehicle_operator) by extension 'colcon_meta'
[0.556s] Level 1:colcon.colcon_core.package_identification:_identify(autonomous_tidal_vehicle_ws/src/tidal_vehicle_operator) by extensions ['ros']
[0.556s] Level 1:colcon.colcon_core.package_identification:_identify(autonomous_tidal_vehicle_ws/src/tidal_vehicle_operator) by extension 'ros'
[0.557s] DEBUG:colcon.colcon_core.package_identification:Package 'autonomous_tidal_vehicle_ws/src/tidal_vehicle_operator' with type 'ros.ament_python' and name 'tidal_vehicle_operator'
[0.557s] Level 1:colcon.colcon_core.package_identification:_identify(autonomous_tidal_vehicle_ws/src/tidal_vehicle_safety) by extensions ['ignore', 'ignore_ament_install']
[0.557s] Level 1:colcon.colcon_core.package_identification:_identify(autonomous_tidal_vehicle_ws/src/tidal_vehicle_safety) by extension 'ignore'
[0.557s] Level 1:colcon.colcon_core.package_identification:_identify(autonomous_tidal_vehicle_ws/src/tidal_vehicle_safety) by extension 'ignore_ament_install'
[0.557s] Level 1:colcon.colcon_core.package_identification:_identify(autonomous_tidal_vehicle_ws/src/tidal_vehicle_safety) by extensions ['colcon_pkg']
[0.557s] Level 1:colcon.colcon_core.package_identification:_identify(autonomous_tidal_vehicle_ws/src/tidal_vehicle_safety) by extension 'colcon_pkg'
[0.557s] Level 1:colcon.colcon_core.package_identification:_identify(autonomous_tidal_vehicle_ws/src/tidal_vehicle_safety) by extensions ['colcon_meta']
[0.557s] Level 1:colcon.colcon_core.package_identification:_identify(autonomous_tidal_vehicle_ws/src/tidal_vehicle_safety) by extension 'colcon_meta'
[0.557s] Level 1:colcon.colcon_core.package_identification:_identify(autonomous_tidal_vehicle_ws/src/tidal_vehicle_safety) by extensions ['ros']
[0.557s] Level 1:colcon.colcon_core.package_identification:_identify(autonomous_tidal_vehicle_ws/src/tidal_vehicle_safety) by extension 'ros'
[0.558s] DEBUG:colcon.colcon_core.package_identification:Package 'autonomous_tidal_vehicle_ws/src/tidal_vehicle_safety' with type 'ros.ament_python' and name 'tidal_vehicle_safety'
[0.558s] Level 1:colcon.colcon_core.package_identification:_identify(autonomous_tidal_vehicle_ws/src/tidal_vehicle_simulation) by extensions ['ignore', 'ignore_ament_install']
[0.559s] Level 1:colcon.colcon_core.package_identification:_identify(autonomous_tidal_vehicle_ws/src/tidal_vehicle_simulation) by extension 'ignore'
[0.559s] Level 1:colcon.colcon_core.package_identification:_identify(autonomous_tidal_vehicle_ws/src/tidal_vehicle_simulation) by extension 'ignore_ament_install'
[0.559s] Level 1:colcon.colcon_core.package_identification:_identify(autonomous_tidal_vehicle_ws/src/tidal_vehicle_simulation) by extensions ['colcon_pkg']
[0.559s] Level 1:colcon.colcon_core.package_identification:_identify(autonomous_tidal_vehicle_ws/src/tidal_vehicle_simulation) by extension 'colcon_pkg'
[0.559s] Level 1:colcon.colcon_core.package_identification:_identify(autonomous_tidal_vehicle_ws/src/tidal_vehicle_simulation) by extensions ['colcon_meta']
[0.559s] Level 1:colcon.colcon_core.package_identification:_identify(autonomous_tidal_vehicle_ws/src/tidal_vehicle_simulation) by extension 'colcon_meta'
[0.560s] Level 1:colcon.colcon_core.package_identification:_identify(autonomous_tidal_vehicle_ws/src/tidal_vehicle_simulation) by extensions ['ros']
[0.560s] Level 1:colcon.colcon_core.package_identification:_identify(autonomous_tidal_vehicle_ws/src/tidal_vehicle_simulation) by extension 'ros'
[0.561s] DEBUG:colcon.colcon_core.package_identification:Package 'autonomous_tidal_vehicle_ws/src/tidal_vehicle_simulation' with type 'ros.ament_cmake' and name 'tidal_vehicle_simulation'
[0.561s] Level 1:colcon.colcon_core.package_identification:_identify(build) by extensions ['ignore', 'ignore_ament_install']
[0.561s] Level 1:colcon.colcon_core.package_identification:_identify(build) by extension 'ignore'
[0.561s] Level 1:colcon.colcon_core.package_identification:_identify(build) ignored
[0.561s] Level 1:colcon.colcon_core.package_identification:_identify(docs) by extensions ['ignore', 'ignore_ament_install']
[0.561s] Level 1:colcon.colcon_core.package_identification:_identify(docs) by extension 'ignore'
[0.562s] Level 1:colcon.colcon_core.package_identification:_identify(docs) by extension 'ignore_ament_install'
[0.562s] Level 1:colcon.colcon_core.package_identification:_identify(docs) by extensions ['colcon_pkg']
[0.562s] Level 1:colcon.colcon_core.package_identification:_identify(docs) by extension 'colcon_pkg'
[0.562s] Level 1:colcon.colcon_core.package_identification:_identify(docs) by extensions ['colcon_meta']
[0.562s] Level 1:colcon.colcon_core.package_identification:_identify(docs) by extension 'colcon_meta'
[0.562s] Level 1:colcon.colcon_core.package_identification:_identify(docs) by extensions ['ros']
[0.562s] Level 1:colcon.colcon_core.package_identification:_identify(docs) by extension 'ros'
[0.562s] Level 1:colcon.colcon_core.package_identification:_identify(docs) by extensions ['cmake', 'python']
[0.563s] Level 1:colcon.colcon_core.package_identification:_identify(docs) by extension 'cmake'
[0.563s] Level 1:colcon.colcon_core.package_identification:_identify(docs) by extension 'python'
[0.563s] Level 1:colcon.colcon_core.package_identification:_identify(docs) by extensions ['python_setup_py']
[0.563s] Level 1:colcon.colcon_core.package_identification:_identify(docs) by extension 'python_setup_py'
[0.563s] Level 1:colcon.colcon_core.package_identification:_identify(install) by extensions ['ignore', 'ignore_ament_install']
[0.563s] Level 1:colcon.colcon_core.package_identification:_identify(install) by extension 'ignore'
[0.563s] Level 1:colcon.colcon_core.package_identification:_identify(install) ignored
[0.563s] Level 1:colcon.colcon_core.package_identification:_identify(log) by extensions ['ignore', 'ignore_ament_install']
[0.563s] Level 1:colcon.colcon_core.package_identification:_identify(log) by extension 'ignore'
[0.564s] Level 1:colcon.colcon_core.package_identification:_identify(log) ignored
[0.564s] Level 1:colcon.colcon_core.package_discovery:discover_packages(recursive) using defaults
[0.564s] Level 1:colcon.colcon_core.package_discovery:discover_packages(ignore) discover
[0.564s] Level 1:colcon.colcon_core.package_discovery:discover_packages(ignore) using defaults
[0.564s] Level 1:colcon.colcon_core.package_discovery:discover_packages(path) discover
[0.564s] Level 1:colcon.colcon_core.package_discovery:discover_packages(path) using defaults
[0.635s] INFO:colcon.colcon_core.package_selection:Skipping package 'tidal_vehicle_safety' in 'autonomous_tidal_vehicle_ws/src/tidal_vehicle_safety'
[0.636s] INFO:colcon.colcon_core.package_selection:Skipping package 'tidal_vehicle_operator' in 'autonomous_tidal_vehicle_ws/src/tidal_vehicle_operator'
[0.636s] INFO:colcon.colcon_core.package_selection:Skipping package 'tidal_vehicle_evaluation' in 'autonomous_tidal_vehicle_ws/src/tidal_vehicle_evaluation'
[0.636s] INFO:colcon.colcon_core.package_selection:Skipping package 'tidal_vehicle_autonomy' in 'autonomous_tidal_vehicle_ws/src/tidal_vehicle_autonomy'
[0.636s] INFO:colcon.colcon_core.package_selection:Skipping package 'tidal_vehicle_description' in 'autonomous_tidal_vehicle_ws/src/tidal_vehicle_description'
[0.636s] INFO:colcon.colcon_core.package_selection:Skipping package 'tidal_vehicle_bringup' in 'autonomous_tidal_vehicle_ws/src/tidal_vehicle_bringup'
[0.637s] Level 1:colcon.colcon_core.package_discovery:discover_packages(prefix_path) check parameters
[0.637s] Level 1:colcon.colcon_core.package_discovery:discover_packages(prefix_path) discover
[0.643s] DEBUG:colcon.colcon_installed_package_information.package_discovery:Found 321 installed packages in /opt/ros/jazzy
[0.644s] Level 1:colcon.colcon_core.package_discovery:discover_packages(prefix_path) using defaults
[0.776s] Level 5:colcon.colcon_core.verb:set package 'tidal_vehicle_interfaces' build argument 'cmake_args' from command line to 'None'
[0.776s] Level 5:colcon.colcon_core.verb:set package 'tidal_vehicle_interfaces' build argument 'cmake_target' from command line to 'None'
[0.776s] Level 5:colcon.colcon_core.verb:set package 'tidal_vehicle_interfaces' build argument 'cmake_target_skip_unavailable' from command line to 'False'
[0.776s] Level 5:colcon.colcon_core.verb:set package 'tidal_vehicle_interfaces' build argument 'cmake_clean_cache' from command line to 'False'
[0.776s] Level 5:colcon.colcon_core.verb:set package 'tidal_vehicle_interfaces' build argument 'cmake_clean_first' from command line to 'False'
[0.776s] Level 5:colcon.colcon_core.verb:set package 'tidal_vehicle_interfaces' build argument 'cmake_force_configure' from command line to 'False'
[0.776s] Level 5:colcon.colcon_core.verb:set package 'tidal_vehicle_interfaces' build argument 'ament_cmake_args' from command line to 'None'
[0.776s] Level 5:colcon.colcon_core.verb:set package 'tidal_vehicle_interfaces' build argument 'catkin_cmake_args' from command line to 'None'
[0.776s] Level 5:colcon.colcon_core.verb:set package 'tidal_vehicle_interfaces' build argument 'catkin_skip_building_tests' from command line to 'False'
[0.776s] DEBUG:colcon.colcon_core.verb:Building package 'tidal_vehicle_interfaces' with the following arguments: {'ament_cmake_args': None, 'build_base': '/home/tiffy/One-Wish-Coders/build/tidal_vehicle_interfaces', 'catkin_cmake_args': None, 'catkin_skip_building_tests': False, 'cmake_args': None, 'cmake_clean_cache': False, 'cmake_clean_first': False, 'cmake_force_configure': False, 'cmake_target': None, 'cmake_target_skip_unavailable': False, 'install_base': '/home/tiffy/One-Wish-Coders/install/tidal_vehicle_interfaces', 'merge_install': False, 'path': '/home/tiffy/One-Wish-Coders/autonomous_tidal_vehicle_ws/src/tidal_vehicle_interfaces', 'symlink_install': True, 'test_result_base': None}
[0.776s] Level 5:colcon.colcon_core.verb:set package 'tidal_vehicle_simulation' build argument 'cmake_args' from command line to 'None'
[0.777s] Level 5:colcon.colcon_core.verb:set package 'tidal_vehicle_simulation' build argument 'cmake_target' from command line to 'None'
[0.777s] Level 5:colcon.colcon_core.verb:set package 'tidal_vehicle_simulation' build argument 'cmake_target_skip_unavailable' from command line to 'False'
[0.777s] Level 5:colcon.colcon_core.verb:set package 'tidal_vehicle_simulation' build argument 'cmake_clean_cache' from command line to 'False'
[0.777s] Level 5:colcon.colcon_core.verb:set package 'tidal_vehicle_simulation' build argument 'cmake_clean_first' from command line to 'False'
[0.777s] Level 5:colcon.colcon_core.verb:set package 'tidal_vehicle_simulation' build argument 'cmake_force_configure' from command line to 'False'
[0.777s] Level 5:colcon.colcon_core.verb:set package 'tidal_vehicle_simulation' build argument 'ament_cmake_args' from command line to 'None'
[0.777s] Level 5:colcon.colcon_core.verb:set package 'tidal_vehicle_simulation' build argument 'catkin_cmake_args' from command line to 'None'
[0.777s] Level 5:colcon.colcon_core.verb:set package 'tidal_vehicle_simulation' build argument 'catkin_skip_building_tests' from command line to 'False'
[0.777s] DEBUG:colcon.colcon_core.verb:Building package 'tidal_vehicle_simulation' with the following arguments: {'ament_cmake_args': None, 'build_base': '/home/tiffy/One-Wish-Coders/build/tidal_vehicle_simulation', 'catkin_cmake_args': None, 'catkin_skip_building_tests': False, 'cmake_args': None, 'cmake_clean_cache': False, 'cmake_clean_first': False, 'cmake_force_configure': False, 'cmake_target': None, 'cmake_target_skip_unavailable': False, 'install_base': '/home/tiffy/One-Wish-Coders/install/tidal_vehicle_simulation', 'merge_install': False, 'path': '/home/tiffy/One-Wish-Coders/autonomous_tidal_vehicle_ws/src/tidal_vehicle_simulation', 'symlink_install': True, 'test_result_base': None}
[0.777s] INFO:colcon.colcon_core.executor:Executing jobs using 'parallel' executor
[0.780s] DEBUG:colcon.colcon_parallel_executor.executor.parallel:run_until_complete
[0.780s] INFO:colcon.colcon_ros.task.ament_cmake.build:Building ROS package in '/home/tiffy/One-Wish-Coders/autonomous_tidal_vehicle_ws/src/tidal_vehicle_interfaces' with build type 'ament_cmake'
[0.781s] INFO:colcon.colcon_cmake.task.cmake.build:Building CMake package in '/home/tiffy/One-Wish-Coders/autonomous_tidal_vehicle_ws/src/tidal_vehicle_interfaces'
[0.788s] INFO:colcon.colcon_core.plugin_system:Skipping extension 'colcon_core.shell.bat': Not used on non-Windows systems
[0.789s] INFO:colcon.colcon_core.shell:Skip shell extension 'powershell' for command environment: Not usable outside of PowerShell
[0.789s] DEBUG:colcon.colcon_core.shell:Skip shell extension 'dsv' for command environment
[0.807s] DEBUG:colcon.colcon_core.event_handler.log_command:Invoking command in '/home/tiffy/One-Wish-Coders/build/tidal_vehicle_interfaces': CMAKE_PREFIX_PATH=${CMAKE_PREFIX_PATH}:/opt/ros/jazzy /usr/bin/cmake --build /home/tiffy/One-Wish-Coders/build/tidal_vehicle_interfaces -- -j14 -l14
[0.784s] DEBUG:colcon.colcon_core.event_handler.log_command:Invoked command in '/home/tiffy/One-Wish-Coders/build/tidal_vehicle_interfaces' returned '0': CMAKE_PREFIX_PATH=${CMAKE_PREFIX_PATH}:/opt/ros/jazzy /usr/bin/cmake --build /home/tiffy/One-Wish-Coders/build/tidal_vehicle_interfaces -- -j14 -l14
[0.819s] DEBUG:colcon.colcon_core.event_handler.log_command:Invoking command in '/home/tiffy/One-Wish-Coders/build/tidal_vehicle_interfaces': CMAKE_PREFIX_PATH=${CMAKE_PREFIX_PATH}:/opt/ros/jazzy /usr/bin/cmake --install /home/tiffy/One-Wish-Coders/build/tidal_vehicle_interfaces
[1.032s] Level 1:colcon.colcon_core.environment:create_environment_scripts_only(tidal_vehicle_interfaces)
[1.034s] DEBUG:colcon.colcon_core.event_handler.log_command:Invoked command in '/home/tiffy/One-Wish-Coders/build/tidal_vehicle_interfaces' returned '0': CMAKE_PREFIX_PATH=${CMAKE_PREFIX_PATH}:/opt/ros/jazzy /usr/bin/cmake --install /home/tiffy/One-Wish-Coders/build/tidal_vehicle_interfaces
[1.040s] Level 1:colcon.colcon_core.environment:checking '/home/tiffy/One-Wish-Coders/install/tidal_vehicle_interfaces' for CMake module files
[1.042s] Level 1:colcon.colcon_core.environment:checking '/home/tiffy/One-Wish-Coders/install/tidal_vehicle_interfaces' for CMake config files
[1.044s] Level 1:colcon.colcon_core.shell:create_environment_hook('tidal_vehicle_interfaces', 'cmake_prefix_path')
[1.044s] INFO:colcon.colcon_core.shell:Creating environment hook '/home/tiffy/One-Wish-Coders/install/tidal_vehicle_interfaces/share/tidal_vehicle_interfaces/hook/cmake_prefix_path.ps1'
[1.046s] INFO:colcon.colcon_core.shell:Creating environment descriptor '/home/tiffy/One-Wish-Coders/install/tidal_vehicle_interfaces/share/tidal_vehicle_interfaces/hook/cmake_prefix_path.dsv'
[1.053s] INFO:colcon.colcon_core.shell:Creating environment hook '/home/tiffy/One-Wish-Coders/install/tidal_vehicle_interfaces/share/tidal_vehicle_interfaces/hook/cmake_prefix_path.sh'
[1.058s] Level 1:colcon.colcon_core.environment:checking '/home/tiffy/One-Wish-Coders/install/tidal_vehicle_interfaces/lib'
[1.058s] Level 1:colcon.colcon_core.shell:create_environment_hook('tidal_vehicle_interfaces', 'ld_library_path_lib')
[1.059s] INFO:colcon.colcon_core.shell:Creating environment hook '/home/tiffy/One-Wish-Coders/install/tidal_vehicle_interfaces/share/tidal_vehicle_interfaces/hook/ld_library_path_lib.ps1'
[1.060s] INFO:colcon.colcon_core.shell:Creating environment descriptor '/home/tiffy/One-Wish-Coders/install/tidal_vehicle_interfaces/share/tidal_vehicle_interfaces/hook/ld_library_path_lib.dsv'
[1.061s] INFO:colcon.colcon_core.shell:Creating environment hook '/home/tiffy/One-Wish-Coders/install/tidal_vehicle_interfaces/share/tidal_vehicle_interfaces/hook/ld_library_path_lib.sh'
[1.062s] Level 1:colcon.colcon_core.environment:checking '/home/tiffy/One-Wish-Coders/install/tidal_vehicle_interfaces/bin'
[1.062s] Level 1:colcon.colcon_core.environment:checking '/home/tiffy/One-Wish-Coders/install/tidal_vehicle_interfaces/lib/pkgconfig/tidal_vehicle_interfaces.pc'
[1.062s] Level 1:colcon.colcon_core.environment:checking '/home/tiffy/One-Wish-Coders/install/tidal_vehicle_interfaces/lib/python3.12/site-packages'
[1.063s] Level 1:colcon.colcon_core.shell:create_environment_hook('tidal_vehicle_interfaces', 'pythonpath')
[1.068s] INFO:colcon.colcon_core.shell:Creating environment hook '/home/tiffy/One-Wish-Coders/install/tidal_vehicle_interfaces/share/tidal_vehicle_interfaces/hook/pythonpath.ps1'
[1.070s] INFO:colcon.colcon_core.shell:Creating environment descriptor '/home/tiffy/One-Wish-Coders/install/tidal_vehicle_interfaces/share/tidal_vehicle_interfaces/hook/pythonpath.dsv'
[1.071s] INFO:colcon.colcon_core.shell:Creating environment hook '/home/tiffy/One-Wish-Coders/install/tidal_vehicle_interfaces/share/tidal_vehicle_interfaces/hook/pythonpath.sh'
[1.078s] Level 1:colcon.colcon_core.environment:checking '/home/tiffy/One-Wish-Coders/install/tidal_vehicle_interfaces/bin'
[1.079s] INFO:colcon.colcon_core.shell:Creating package script '/home/tiffy/One-Wish-Coders/install/tidal_vehicle_interfaces/share/tidal_vehicle_interfaces/package.ps1'
[1.090s] INFO:colcon.colcon_core.shell:Creating package descriptor '/home/tiffy/One-Wish-Coders/install/tidal_vehicle_interfaces/share/tidal_vehicle_interfaces/package.dsv'
[1.092s] INFO:colcon.colcon_core.shell:Creating package script '/home/tiffy/One-Wish-Coders/install/tidal_vehicle_interfaces/share/tidal_vehicle_interfaces/package.sh'
[1.094s] INFO:colcon.colcon_core.shell:Creating package script '/home/tiffy/One-Wish-Coders/install/tidal_vehicle_interfaces/share/tidal_vehicle_interfaces/package.bash'
[1.095s] INFO:colcon.colcon_core.shell:Creating package script '/home/tiffy/One-Wish-Coders/install/tidal_vehicle_interfaces/share/tidal_vehicle_interfaces/package.zsh'
[1.096s] Level 1:colcon.colcon_core.environment:create_file_with_runtime_dependencies(/home/tiffy/One-Wish-Coders/install/tidal_vehicle_interfaces/share/colcon-core/packages/tidal_vehicle_interfaces)
[1.098s] Level 1:colcon.colcon_core.environment:create_environment_scripts_only(tidal_vehicle_interfaces)
[1.098s] Level 1:colcon.colcon_core.environment:checking '/home/tiffy/One-Wish-Coders/install/tidal_vehicle_interfaces' for CMake module files
[1.099s] Level 1:colcon.colcon_core.environment:checking '/home/tiffy/One-Wish-Coders/install/tidal_vehicle_interfaces' for CMake config files
[1.101s] Level 1:colcon.colcon_core.shell:create_environment_hook('tidal_vehicle_interfaces', 'cmake_prefix_path')
[1.102s] INFO:colcon.colcon_core.shell:Creating environment hook '/home/tiffy/One-Wish-Coders/install/tidal_vehicle_interfaces/share/tidal_vehicle_interfaces/hook/cmake_prefix_path.ps1'
[1.103s] INFO:colcon.colcon_core.shell:Creating environment descriptor '/home/tiffy/One-Wish-Coders/install/tidal_vehicle_interfaces/share/tidal_vehicle_interfaces/hook/cmake_prefix_path.dsv'
[1.103s] INFO:colcon.colcon_core.shell:Creating environment hook '/home/tiffy/One-Wish-Coders/install/tidal_vehicle_interfaces/share/tidal_vehicle_interfaces/hook/cmake_prefix_path.sh'
[1.105s] Level 1:colcon.colcon_core.environment:checking '/home/tiffy/One-Wish-Coders/install/tidal_vehicle_interfaces/lib'
[1.106s] Level 1:colcon.colcon_core.shell:create_environment_hook('tidal_vehicle_interfaces', 'ld_library_path_lib')
[1.106s] INFO:colcon.colcon_core.shell:Creating environment hook '/home/tiffy/One-Wish-Coders/install/tidal_vehicle_interfaces/share/tidal_vehicle_interfaces/hook/ld_library_path_lib.ps1'
[1.107s] INFO:colcon.colcon_core.shell:Creating environment descriptor '/home/tiffy/One-Wish-Coders/install/tidal_vehicle_interfaces/share/tidal_vehicle_interfaces/hook/ld_library_path_lib.dsv'
[1.107s] INFO:colcon.colcon_core.shell:Creating environment hook '/home/tiffy/One-Wish-Coders/install/tidal_vehicle_interfaces/share/tidal_vehicle_interfaces/hook/ld_library_path_lib.sh'
[1.108s] Level 1:colcon.colcon_core.environment:checking '/home/tiffy/One-Wish-Coders/install/tidal_vehicle_interfaces/bin'
[1.108s] Level 1:colcon.colcon_core.environment:checking '/home/tiffy/One-Wish-Coders/install/tidal_vehicle_interfaces/lib/pkgconfig/tidal_vehicle_interfaces.pc'
[1.108s] Level 1:colcon.colcon_core.environment:checking '/home/tiffy/One-Wish-Coders/install/tidal_vehicle_interfaces/lib/python3.12/site-packages'
[1.109s] Level 1:colcon.colcon_core.shell:create_environment_hook('tidal_vehicle_interfaces', 'pythonpath')
[1.109s] INFO:colcon.colcon_core.shell:Creating environment hook '/home/tiffy/One-Wish-Coders/install/tidal_vehicle_interfaces/share/tidal_vehicle_interfaces/hook/pythonpath.ps1'
[1.110s] INFO:colcon.colcon_core.shell:Creating environment descriptor '/home/tiffy/One-Wish-Coders/install/tidal_vehicle_interfaces/share/tidal_vehicle_interfaces/hook/pythonpath.dsv'
[1.110s] INFO:colcon.colcon_core.shell:Creating environment hook '/home/tiffy/One-Wish-Coders/install/tidal_vehicle_interfaces/share/tidal_vehicle_interfaces/hook/pythonpath.sh'
[1.111s] Level 1:colcon.colcon_core.environment:checking '/home/tiffy/One-Wish-Coders/install/tidal_vehicle_interfaces/bin'
[1.112s] INFO:colcon.colcon_core.shell:Creating package script '/home/tiffy/One-Wish-Coders/install/tidal_vehicle_interfaces/share/tidal_vehicle_interfaces/package.ps1'
[1.114s] INFO:colcon.colcon_core.shell:Creating package descriptor '/home/tiffy/One-Wish-Coders/install/tidal_vehicle_interfaces/share/tidal_vehicle_interfaces/package.dsv'
[1.115s] INFO:colcon.colcon_core.shell:Creating package script '/home/tiffy/One-Wish-Coders/install/tidal_vehicle_interfaces/share/tidal_vehicle_interfaces/package.sh'
[1.116s] INFO:colcon.colcon_core.shell:Creating package script '/home/tiffy/One-Wish-Coders/install/tidal_vehicle_interfaces/share/tidal_vehicle_interfaces/package.bash'
[1.119s] INFO:colcon.colcon_core.shell:Creating package script '/home/tiffy/One-Wish-Coders/install/tidal_vehicle_interfaces/share/tidal_vehicle_interfaces/package.zsh'
[1.120s] Level 1:colcon.colcon_core.environment:create_file_with_runtime_dependencies(/home/tiffy/One-Wish-Coders/install/tidal_vehicle_interfaces/share/colcon-core/packages/tidal_vehicle_interfaces)
[1.120s] INFO:colcon.colcon_ros.task.ament_cmake.build:Building ROS package in '/home/tiffy/One-Wish-Coders/autonomous_tidal_vehicle_ws/src/tidal_vehicle_simulation' with build type 'ament_cmake'
[1.123s] INFO:colcon.colcon_cmake.task.cmake.build:Building CMake package in '/home/tiffy/One-Wish-Coders/autonomous_tidal_vehicle_ws/src/tidal_vehicle_simulation'
[1.124s] INFO:colcon.colcon_core.shell:Skip shell extension 'powershell' for command environment: Not usable outside of PowerShell
[1.124s] DEBUG:colcon.colcon_core.shell:Skip shell extension 'dsv' for command environment
[1.307s] DEBUG:colcon.colcon_core.event_handler.log_command:Invoking command in '/home/tiffy/One-Wish-Coders/build/tidal_vehicle_simulation': AMENT_PREFIX_PATH=/home/tiffy/One-Wish-Coders/install/tidal_vehicle_interfaces:${AMENT_PREFIX_PATH} CMAKE_PREFIX_PATH=/home/tiffy/One-Wish-Coders/install/tidal_vehicle_interfaces:/opt/ros/jazzy/opt/gz_sim_vendor:/opt/ros/jazzy/opt/gz_sensors_vendor:/opt/ros/jazzy/opt/gz_physics_vendor:/opt/ros/jazzy/opt/sdformat_vendor:/opt/ros/jazzy/opt/gz_gui_vendor:/opt/ros/jazzy/opt/gz_transport_vendor:/opt/ros/jazzy/opt/gz_rendering_vendor:/opt/ros/jazzy/opt/gz_plugin_vendor:/opt/ros/jazzy/opt/gz_fuel_tools_vendor:/opt/ros/jazzy/opt/gz_msgs_vendor:/opt/ros/jazzy/opt/gz_common_vendor:/opt/ros/jazzy/opt/gz_math_vendor:/opt/ros/jazzy/opt/gz_utils_vendor:/opt/ros/jazzy/opt/gz_tools_vendor:/opt/ros/jazzy/opt/gz_ogre_next_vendor:/opt/ros/jazzy/opt/gz_dartsim_vendor:/opt/ros/jazzy/opt/gz_cmake_vendor:/opt/ros/jazzy LD_LIBRARY_PATH=/home/tiffy/One-Wish-Coders/install/tidal_vehicle_interfaces/lib:${LD_LIBRARY_PATH} PYTHONPATH=/home/tiffy/One-Wish-Coders/install/tidal_vehicle_interfaces/lib/python3.12/site-packages:${PYTHONPATH} /usr/bin/cmake --build /home/tiffy/One-Wish-Coders/build/tidal_vehicle_simulation -- -j14 -l14
[1.484s] DEBUG:colcon.colcon_core.event_handler.log_command:Invoked command in '/home/tiffy/One-Wish-Coders/build/tidal_vehicle_simulation' returned '0': AMENT_PREFIX_PATH=/home/tiffy/One-Wish-Coders/install/tidal_vehicle_interfaces:${AMENT_PREFIX_PATH} CMAKE_PREFIX_PATH=/home/tiffy/One-Wish-Coders/install/tidal_vehicle_interfaces:/opt/ros/jazzy/opt/gz_sim_vendor:/opt/ros/jazzy/opt/gz_sensors_vendor:/opt/ros/jazzy/opt/gz_physics_vendor:/opt/ros/jazzy/opt/sdformat_vendor:/opt/ros/jazzy/opt/gz_gui_vendor:/opt/ros/jazzy/opt/gz_transport_vendor:/opt/ros/jazzy/opt/gz_rendering_vendor:/opt/ros/jazzy/opt/gz_plugin_vendor:/opt/ros/jazzy/opt/gz_fuel_tools_vendor:/opt/ros/jazzy/opt/gz_msgs_vendor:/opt/ros/jazzy/opt/gz_common_vendor:/opt/ros/jazzy/opt/gz_math_vendor:/opt/ros/jazzy/opt/gz_utils_vendor:/opt/ros/jazzy/opt/gz_tools_vendor:/opt/ros/jazzy/opt/gz_ogre_next_vendor:/opt/ros/jazzy/opt/gz_dartsim_vendor:/opt/ros/jazzy/opt/gz_cmake_vendor:/opt/ros/jazzy LD_LIBRARY_PATH=/home/tiffy/One-Wish-Coders/install/tidal_vehicle_interfaces/lib:${LD_LIBRARY_PATH} PYTHONPATH=/home/tiffy/One-Wish-Coders/install/tidal_vehicle_interfaces/lib/python3.12/site-packages:${PYTHONPATH} /usr/bin/cmake --build /home/tiffy/One-Wish-Coders/build/tidal_vehicle_simulation -- -j14 -l14
[1.489s] DEBUG:colcon.colcon_core.event_handler.log_command:Invoking command in '/home/tiffy/One-Wish-Coders/build/tidal_vehicle_simulation': AMENT_PREFIX_PATH=/home/tiffy/One-Wish-Coders/install/tidal_vehicle_interfaces:${AMENT_PREFIX_PATH} CMAKE_PREFIX_PATH=/home/tiffy/One-Wish-Coders/install/tidal_vehicle_interfaces:/opt/ros/jazzy/opt/gz_sim_vendor:/opt/ros/jazzy/opt/gz_sensors_vendor:/opt/ros/jazzy/opt/gz_physics_vendor:/opt/ros/jazzy/opt/sdformat_vendor:/opt/ros/jazzy/opt/gz_gui_vendor:/opt/ros/jazzy/opt/gz_transport_vendor:/opt/ros/jazzy/opt/gz_rendering_vendor:/opt/ros/jazzy/opt/gz_plugin_vendor:/opt/ros/jazzy/opt/gz_fuel_tools_vendor:/opt/ros/jazzy/opt/gz_msgs_vendor:/opt/ros/jazzy/opt/gz_common_vendor:/opt/ros/jazzy/opt/gz_math_vendor:/opt/ros/jazzy/opt/gz_utils_vendor:/opt/ros/jazzy/opt/gz_tools_vendor:/opt/ros/jazzy/opt/gz_ogre_next_vendor:/opt/ros/jazzy/opt/gz_dartsim_vendor:/opt/ros/jazzy/opt/gz_cmake_vendor:/opt/ros/jazzy LD_LIBRARY_PATH=/home/tiffy/One-Wish-Coders/install/tidal_vehicle_interfaces/lib:${LD_LIBRARY_PATH} PYTHONPATH=/home/tiffy/One-Wish-Coders/install/tidal_vehicle_interfaces/lib/python3.12/site-packages:${PYTHONPATH} /usr/bin/cmake --install /home/tiffy/One-Wish-Coders/build/tidal_vehicle_simulation
[1.575s] Level 1:colcon.colcon_core.environment:create_environment_scripts_only(tidal_vehicle_simulation)
[1.575s] Level 1:colcon.colcon_core.environment:checking '/home/tiffy/One-Wish-Coders/install/tidal_vehicle_simulation' for CMake module files
[1.577s] Level 1:colcon.colcon_core.environment:checking '/home/tiffy/One-Wish-Coders/install/tidal_vehicle_simulation' for CMake config files
[1.577s] Level 1:colcon.colcon_core.shell:create_environment_hook('tidal_vehicle_simulation', 'cmake_prefix_path')
[1.578s] INFO:colcon.colcon_core.shell:Creating environment hook '/home/tiffy/One-Wish-Coders/install/tidal_vehicle_simulation/share/tidal_vehicle_simulation/hook/cmake_prefix_path.ps1'
[1.579s] INFO:colcon.colcon_core.shell:Creating environment descriptor '/home/tiffy/One-Wish-Coders/install/tidal_vehicle_simulation/share/tidal_vehicle_simulation/hook/cmake_prefix_path.dsv'
[1.580s] INFO:colcon.colcon_core.shell:Creating environment hook '/home/tiffy/One-Wish-Coders/install/tidal_vehicle_simulation/share/tidal_vehicle_simulation/hook/cmake_prefix_path.sh'
[1.582s] Level 1:colcon.colcon_core.environment:checking '/home/tiffy/One-Wish-Coders/install/tidal_vehicle_simulation/lib'
[1.582s] Level 1:colcon.colcon_core.shell:create_environment_hook('tidal_vehicle_simulation', 'ld_library_path_lib')
[1.583s] INFO:colcon.colcon_core.shell:Creating environment hook '/home/tiffy/One-Wish-Coders/install/tidal_vehicle_simulation/share/tidal_vehicle_simulation/hook/ld_library_path_lib.ps1'
[1.585s] DEBUG:colcon.colcon_core.event_handler.log_command:Invoked command in '/home/tiffy/One-Wish-Coders/build/tidal_vehicle_simulation' returned '0': AMENT_PREFIX_PATH=/home/tiffy/One-Wish-Coders/install/tidal_vehicle_interfaces:${AMENT_PREFIX_PATH} CMAKE_PREFIX_PATH=/home/tiffy/One-Wish-Coders/install/tidal_vehicle_interfaces:/opt/ros/jazzy/opt/gz_sim_vendor:/opt/ros/jazzy/opt/gz_sensors_vendor:/opt/ros/jazzy/opt/gz_physics_vendor:/opt/ros/jazzy/opt/sdformat_vendor:/opt/ros/jazzy/opt/gz_gui_vendor:/opt/ros/jazzy/opt/gz_transport_vendor:/opt/ros/jazzy/opt/gz_rendering_vendor:/opt/ros/jazzy/opt/gz_plugin_vendor:/opt/ros/jazzy/opt/gz_fuel_tools_vendor:/opt/ros/jazzy/opt/gz_msgs_vendor:/opt/ros/jazzy/opt/gz_common_vendor:/opt/ros/jazzy/opt/gz_math_vendor:/opt/ros/jazzy/opt/gz_utils_vendor:/opt/ros/jazzy/opt/gz_tools_vendor:/opt/ros/jazzy/opt/gz_ogre_next_vendor:/opt/ros/jazzy/opt/gz_dartsim_vendor:/opt/ros/jazzy/opt/gz_cmake_vendor:/opt/ros/jazzy LD_LIBRARY_PATH=/home/tiffy/One-Wish-Coders/install/tidal_vehicle_interfaces/lib:${LD_LIBRARY_PATH} PYTHONPATH=/home/tiffy/One-Wish-Coders/install/tidal_vehicle_interfaces/lib/python3.12/site-packages:${PYTHONPATH} /usr/bin/cmake --install /home/tiffy/One-Wish-Coders/build/tidal_vehicle_simulation
[1.588s] INFO:colcon.colcon_core.shell:Creating environment descriptor '/home/tiffy/One-Wish-Coders/install/tidal_vehicle_simulation/share/tidal_vehicle_simulation/hook/ld_library_path_lib.dsv'
[1.590s] INFO:colcon.colcon_core.shell:Creating environment hook '/home/tiffy/One-Wish-Coders/install/tidal_vehicle_simulation/share/tidal_vehicle_simulation/hook/ld_library_path_lib.sh'
[1.594s] Level 1:colcon.colcon_core.environment:checking '/home/tiffy/One-Wish-Coders/install/tidal_vehicle_simulation/bin'
[1.594s] Level 1:colcon.colcon_core.environment:checking '/home/tiffy/One-Wish-Coders/install/tidal_vehicle_simulation/lib/pkgconfig/tidal_vehicle_simulation.pc'
[1.594s] Level 1:colcon.colcon_core.environment:checking '/home/tiffy/One-Wish-Coders/install/tidal_vehicle_simulation/lib/python3.12/site-packages'
[1.595s] Level 1:colcon.colcon_core.environment:checking '/home/tiffy/One-Wish-Coders/install/tidal_vehicle_simulation/bin'
[1.596s] INFO:colcon.colcon_core.shell:Creating package script '/home/tiffy/One-Wish-Coders/install/tidal_vehicle_simulation/share/tidal_vehicle_simulation/package.ps1'
[1.597s] INFO:colcon.colcon_core.shell:Creating package descriptor '/home/tiffy/One-Wish-Coders/install/tidal_vehicle_simulation/share/tidal_vehicle_simulation/package.dsv'
[1.599s] INFO:colcon.colcon_core.shell:Creating package script '/home/tiffy/One-Wish-Coders/install/tidal_vehicle_simulation/share/tidal_vehicle_simulation/package.sh'
[1.600s] INFO:colcon.colcon_core.shell:Creating package script '/home/tiffy/One-Wish-Coders/install/tidal_vehicle_simulation/share/tidal_vehicle_simulation/package.bash'
[1.600s] INFO:colcon.colcon_core.shell:Creating package script '/home/tiffy/One-Wish-Coders/install/tidal_vehicle_simulation/share/tidal_vehicle_simulation/package.zsh'
[1.601s] Level 1:colcon.colcon_core.environment:create_file_with_runtime_dependencies(/home/tiffy/One-Wish-Coders/install/tidal_vehicle_simulation/share/colcon-core/packages/tidal_vehicle_simulation)
[1.602s] Level 1:colcon.colcon_core.environment:create_environment_scripts_only(tidal_vehicle_simulation)
[1.603s] Level 1:colcon.colcon_core.environment:checking '/home/tiffy/One-Wish-Coders/install/tidal_vehicle_simulation' for CMake module files
[1.604s] Level 1:colcon.colcon_core.environment:checking '/home/tiffy/One-Wish-Coders/install/tidal_vehicle_simulation' for CMake config files
[1.605s] Level 1:colcon.colcon_core.shell:create_environment_hook('tidal_vehicle_simulation', 'cmake_prefix_path')
[1.606s] INFO:colcon.colcon_core.shell:Creating environment hook '/home/tiffy/One-Wish-Coders/install/tidal_vehicle_simulation/share/tidal_vehicle_simulation/hook/cmake_prefix_path.ps1'
[1.607s] INFO:colcon.colcon_core.shell:Creating environment descriptor '/home/tiffy/One-Wish-Coders/install/tidal_vehicle_simulation/share/tidal_vehicle_simulation/hook/cmake_prefix_path.dsv'
[1.608s] INFO:colcon.colcon_core.shell:Creating environment hook '/home/tiffy/One-Wish-Coders/install/tidal_vehicle_simulation/share/tidal_vehicle_simulation/hook/cmake_prefix_path.sh'
[1.610s] Level 1:colcon.colcon_core.environment:checking '/home/tiffy/One-Wish-Coders/install/tidal_vehicle_simulation/lib'
[1.610s] Level 1:colcon.colcon_core.shell:create_environment_hook('tidal_vehicle_simulation', 'ld_library_path_lib')
[1.611s] INFO:colcon.colcon_core.shell:Creating environment hook '/home/tiffy/One-Wish-Coders/install/tidal_vehicle_simulation/share/tidal_vehicle_simulation/hook/ld_library_path_lib.ps1'
[1.612s] INFO:colcon.colcon_core.shell:Creating environment descriptor '/home/tiffy/One-Wish-Coders/install/tidal_vehicle_simulation/share/tidal_vehicle_simulation/hook/ld_library_path_lib.dsv'
[1.613s] INFO:colcon.colcon_core.shell:Creating environment hook '/home/tiffy/One-Wish-Coders/install/tidal_vehicle_simulation/share/tidal_vehicle_simulation/hook/ld_library_path_lib.sh'
[1.614s] Level 1:colcon.colcon_core.environment:checking '/home/tiffy/One-Wish-Coders/install/tidal_vehicle_simulation/bin'
[1.615s] Level 1:colcon.colcon_core.environment:checking '/home/tiffy/One-Wish-Coders/install/tidal_vehicle_simulation/lib/pkgconfig/tidal_vehicle_simulation.pc'
[1.615s] Level 1:colcon.colcon_core.environment:checking '/home/tiffy/One-Wish-Coders/install/tidal_vehicle_simulation/lib/python3.12/site-packages'
[1.616s] Level 1:colcon.colcon_core.environment:checking '/home/tiffy/One-Wish-Coders/install/tidal_vehicle_simulation/bin'
[1.616s] INFO:colcon.colcon_core.shell:Creating package script '/home/tiffy/One-Wish-Coders/install/tidal_vehicle_simulation/share/tidal_vehicle_simulation/package.ps1'
[1.618s] INFO:colcon.colcon_core.shell:Creating package descriptor '/home/tiffy/One-Wish-Coders/install/tidal_vehicle_simulation/share/tidal_vehicle_simulation/package.dsv'
[1.619s] INFO:colcon.colcon_core.shell:Creating package script '/home/tiffy/One-Wish-Coders/install/tidal_vehicle_simulation/share/tidal_vehicle_simulation/package.sh'
[1.620s] INFO:colcon.colcon_core.shell:Creating package script '/home/tiffy/One-Wish-Coders/install/tidal_vehicle_simulation/share/tidal_vehicle_simulation/package.bash'
[1.621s] INFO:colcon.colcon_core.shell:Creating package script '/home/tiffy/One-Wish-Coders/install/tidal_vehicle_simulation/share/tidal_vehicle_simulation/package.zsh'
[1.622s] Level 1:colcon.colcon_core.environment:create_file_with_runtime_dependencies(/home/tiffy/One-Wish-Coders/install/tidal_vehicle_simulation/share/colcon-core/packages/tidal_vehicle_simulation)
[1.622s] DEBUG:colcon.colcon_parallel_executor.executor.parallel:closing loop
[1.624s] DEBUG:colcon.colcon_parallel_executor.executor.parallel:loop closed
[1.624s] DEBUG:colcon.colcon_parallel_executor.executor.parallel:run_until_complete finished with '0'
[1.624s] DEBUG:colcon.colcon_core.event_reactor:joining thread
[1.692s] INFO:colcon.colcon_core.plugin_system:Skipping extension 'colcon_notification.desktop_notification.notify_send': Could not find 'notify-send'
[1.692s] INFO:colcon.colcon_core.plugin_system:Skipping extension 'colcon_notification.desktop_notification.terminal_notifier': Not used on non-Darwin systems
[1.692s] INFO:colcon.colcon_core.plugin_system:Skipping extension 'colcon_notification.desktop_notification.win32': Not used on non-Windows systems
[1.692s] INFO:colcon.colcon_notification.desktop_notification:Sending desktop notification using 'notify2'
[1.694s] DEBUG:colcon.colcon_notification.desktop_notification.notify2:Failed to initialize notify2: org.freedesktop.DBus.Error.ServiceUnknown: The name org.freedesktop.Notifications was not provided by any .service files
[1.695s] DEBUG:colcon.colcon_core.event_reactor:joined thread
[1.695s] INFO:colcon.colcon_core.shell:Creating prefix script '/home/tiffy/One-Wish-Coders/install/local_setup.ps1'
[1.698s] INFO:colcon.colcon_core.shell:Creating prefix util module '/home/tiffy/One-Wish-Coders/install/_local_setup_util_ps1.py'
[1.700s] INFO:colcon.colcon_core.shell:Creating prefix chain script '/home/tiffy/One-Wish-Coders/install/setup.ps1'
[1.703s] INFO:colcon.colcon_core.shell:Creating prefix script '/home/tiffy/One-Wish-Coders/install/local_setup.sh'
[1.704s] INFO:colcon.colcon_core.shell:Creating prefix util module '/home/tiffy/One-Wish-Coders/install/_local_setup_util_sh.py'
[1.706s] INFO:colcon.colcon_core.shell:Creating prefix chain script '/home/tiffy/One-Wish-Coders/install/setup.sh'
[1.708s] INFO:colcon.colcon_core.shell:Creating prefix script '/home/tiffy/One-Wish-Coders/install/local_setup.bash'
[1.710s] INFO:colcon.colcon_core.shell:Creating prefix chain script '/home/tiffy/One-Wish-Coders/install/setup.bash'
[1.713s] INFO:colcon.colcon_core.shell:Creating prefix script '/home/tiffy/One-Wish-Coders/install/local_setup.zsh'
[1.714s] INFO:colcon.colcon_core.shell:Creating prefix chain script '/home/tiffy/One-Wish-Coders/install/setup.zsh'
