[0.094s] DEBUG:colcon:Command line arguments: ['/usr/bin/colcon', 'build', '--symlink-install', '--packages-up-to', 'tidal_vehicle_simulation']
[0.094s] DEBUG:colcon:Parsed command line arguments: Namespace(log_base=None, log_level=None, verb_name='build', build_base='build', install_base='install', merge_install=False, symlink_install=True, test_result_base=None, continue_on_error=False, executor='parallel', parallel_workers=14, event_handlers=None, ignore_user_meta=False, metas=['./colcon.meta'], base_paths=['.'], packages_ignore=None, packages_ignore_regex=None, paths=None, packages_up_to=['tidal_vehicle_simulation'], packages_up_to_regex=None, packages_above=None, packages_above_and_dependencies=None, packages_above_depth=None, packages_select_by_dep=None, packages_skip_by_dep=None, packages_skip_up_to=None, packages_select_build_failed=False, packages_skip_build_finished=False, packages_select_test_failures=False, packages_skip_test_passed=False, packages_select=None, packages_skip=None, packages_select_regex=None, packages_skip_regex=None, packages_start=None, packages_end=None, allow_overriding=[], cmake_args=None, cmake_target=None, cmake_target_skip_unavailable=False, cmake_clean_cache=False, cmake_clean_first=False, cmake_force_configure=False, ament_cmake_args=None, catkin_cmake_args=None, catkin_skip_building_tests=False, verb_parser=<colcon_defaults.argument_parser.defaults.DefaultArgumentsDecorator object at 0x7fc1e8d67f50>, verb_extension=<colcon_core.verb.build.BuildVerb object at 0x7fc1e8e24aa0>, main=<bound method BuildVerb.main of <colcon_core.verb.build.BuildVerb object at 0x7fc1e8e24aa0>>)
[0.119s] Level 1:colcon.colcon_core.package_discovery:discover_packages(colcon_meta) check parameters
[0.119s] Level 1:colcon.colcon_core.package_discovery:discover_packages(recursive) check parameters
[0.119s] Level 1:colcon.colcon_core.package_discovery:discover_packages(ignore) check parameters
[0.119s] Level 1:colcon.colcon_core.package_discovery:discover_packages(path) check parameters
[0.119s] Level 1:colcon.colcon_core.package_discovery:discover_packages(colcon_meta) discover
[0.119s] Level 1:colcon.colcon_core.package_discovery:discover_packages(recursive) discover
[0.119s] INFO:colcon.colcon_core.package_discovery:Crawling recursively for packages in '/home/tiffy/One-Wish-Coders'
[0.120s] Level 1:colcon.colcon_core.package_identification:_identify(.) by extensions ['ignore', 'ignore_ament_install']
[0.120s] Level 1:colcon.colcon_core.package_identification:_identify(.) by extension 'ignore'
[0.120s] Level 1:colcon.colcon_core.package_identification:_identify(.) by extension 'ignore_ament_install'
[0.120s] Level 1:colcon.colcon_core.package_identification:_identify(.) by extensions ['colcon_pkg']
[0.120s] Level 1:colcon.colcon_core.package_identification:_identify(.) by extension 'colcon_pkg'
[0.120s] Level 1:colcon.colcon_core.package_identification:_identify(.) by extensions ['colcon_meta']
[0.120s] Level 1:colcon.colcon_core.package_identification:_identify(.) by extension 'colcon_meta'
[0.120s] Level 1:colcon.colcon_core.package_identification:_identify(.) by extensions ['ros']
[0.120s] Level 1:colcon.colcon_core.package_identification:_identify(.) by extension 'ros'
[0.140s] Level 1:colcon.colcon_core.package_identification:_identify(.) by extensions ['cmake', 'python']
[0.140s] Level 1:colcon.colcon_core.package_identification:_identify(.) by extension 'cmake'
[0.141s] Level 1:colcon.colcon_core.package_identification:_identify(.) by extension 'python'
[0.141s] Level 1:colcon.colcon_core.package_identification:_identify(.) by extensions ['python_setup_py']
[0.141s] Level 1:colcon.colcon_core.package_identification:_identify(.) by extension 'python_setup_py'
[0.141s] Level 1:colcon.colcon_core.package_identification:_identify(assets) by extensions ['ignore', 'ignore_ament_install']
[0.141s] Level 1:colcon.colcon_core.package_identification:_identify(assets) by extension 'ignore'
[0.141s] Level 1:colcon.colcon_core.package_identification:_identify(assets) by extension 'ignore_ament_install'
[0.141s] Level 1:colcon.colcon_core.package_identification:_identify(assets) by extensions ['colcon_pkg']
[0.141s] Level 1:colcon.colcon_core.package_identification:_identify(assets) by extension 'colcon_pkg'
[0.141s] Level 1:colcon.colcon_core.package_identification:_identify(assets) by extensions ['colcon_meta']
[0.141s] Level 1:colcon.colcon_core.package_identification:_identify(assets) by extension 'colcon_meta'
[0.141s] Level 1:colcon.colcon_core.package_identification:_identify(assets) by extensions ['ros']
[0.141s] Level 1:colcon.colcon_core.package_identification:_identify(assets) by extension 'ros'
[0.141s] Level 1:colcon.colcon_core.package_identification:_identify(assets) by extensions ['cmake', 'python']
[0.141s] Level 1:colcon.colcon_core.package_identification:_identify(assets) by extension 'cmake'
[0.141s] Level 1:colcon.colcon_core.package_identification:_identify(assets) by extension 'python'
[0.141s] Level 1:colcon.colcon_core.package_identification:_identify(assets) by extensions ['python_setup_py']
[0.141s] Level 1:colcon.colcon_core.package_identification:_identify(assets) by extension 'python_setup_py'
[0.141s] Level 1:colcon.colcon_core.package_identification:_identify(autonomous_tidal_vehicle_ws) by extensions ['ignore', 'ignore_ament_install']
[0.142s] Level 1:colcon.colcon_core.package_identification:_identify(autonomous_tidal_vehicle_ws) by extension 'ignore'
[0.142s] Level 1:colcon.colcon_core.package_identification:_identify(autonomous_tidal_vehicle_ws) by extension 'ignore_ament_install'
[0.142s] Level 1:colcon.colcon_core.package_identification:_identify(autonomous_tidal_vehicle_ws) by extensions ['colcon_pkg']
[0.142s] Level 1:colcon.colcon_core.package_identification:_identify(autonomous_tidal_vehicle_ws) by extension 'colcon_pkg'
[0.142s] Level 1:colcon.colcon_core.package_identification:_identify(autonomous_tidal_vehicle_ws) by extensions ['colcon_meta']
[0.142s] Level 1:colcon.colcon_core.package_identification:_identify(autonomous_tidal_vehicle_ws) by extension 'colcon_meta'
[0.142s] Level 1:colcon.colcon_core.package_identification:_identify(autonomous_tidal_vehicle_ws) by extensions ['ros']
[0.142s] Level 1:colcon.colcon_core.package_identification:_identify(autonomous_tidal_vehicle_ws) by extension 'ros'
[0.142s] Level 1:colcon.colcon_core.package_identification:_identify(autonomous_tidal_vehicle_ws) by extensions ['cmake', 'python']
[0.142s] Level 1:colcon.colcon_core.package_identification:_identify(autonomous_tidal_vehicle_ws) by extension 'cmake'
[0.142s] Level 1:colcon.colcon_core.package_identification:_identify(autonomous_tidal_vehicle_ws) by extension 'python'
[0.142s] Level 1:colcon.colcon_core.package_identification:_identify(autonomous_tidal_vehicle_ws) by extensions ['python_setup_py']
[0.142s] Level 1:colcon.colcon_core.package_identification:_identify(autonomous_tidal_vehicle_ws) by extension 'python_setup_py'
[0.142s] Level 1:colcon.colcon_core.package_identification:_identify(autonomous_tidal_vehicle_ws/build) by extensions ['ignore', 'ignore_ament_install']
[0.142s] Level 1:colcon.colcon_core.package_identification:_identify(autonomous_tidal_vehicle_ws/build) by extension 'ignore'
[0.142s] Level 1:colcon.colcon_core.package_identification:_identify(autonomous_tidal_vehicle_ws/build) ignored
[0.142s] Level 1:colcon.colcon_core.package_identification:_identify(autonomous_tidal_vehicle_ws/install) by extensions ['ignore', 'ignore_ament_install']
[0.142s] Level 1:colcon.colcon_core.package_identification:_identify(autonomous_tidal_vehicle_ws/install) by extension 'ignore'
[0.142s] Level 1:colcon.colcon_core.package_identification:_identify(autonomous_tidal_vehicle_ws/install) ignored
[0.142s] Level 1:colcon.colcon_core.package_identification:_identify(autonomous_tidal_vehicle_ws/log) by extensions ['ignore', 'ignore_ament_install']
[0.142s] Level 1:colcon.colcon_core.package_identification:_identify(autonomous_tidal_vehicle_ws/log) by extension 'ignore'
[0.142s] Level 1:colcon.colcon_core.package_identification:_identify(autonomous_tidal_vehicle_ws/log) ignored
[0.142s] Level 1:colcon.colcon_core.package_identification:_identify(autonomous_tidal_vehicle_ws/src) by extensions ['ignore', 'ignore_ament_install']
[0.142s] Level 1:colcon.colcon_core.package_identification:_identify(autonomous_tidal_vehicle_ws/src) by extension 'ignore'
[0.142s] Level 1:colcon.colcon_core.package_identification:_identify(autonomous_tidal_vehicle_ws/src) by extension 'ignore_ament_install'
[0.142s] Level 1:colcon.colcon_core.package_identification:_identify(autonomous_tidal_vehicle_ws/src) by extensions ['colcon_pkg']
[0.142s] Level 1:colcon.colcon_core.package_identification:_identify(autonomous_tidal_vehicle_ws/src) by extension 'colcon_pkg'
[0.143s] Level 1:colcon.colcon_core.package_identification:_identify(autonomous_tidal_vehicle_ws/src) by extensions ['colcon_meta']
[0.143s] Level 1:colcon.colcon_core.package_identification:_identify(autonomous_tidal_vehicle_ws/src) by extension 'colcon_meta'
[0.143s] Level 1:colcon.colcon_core.package_identification:_identify(autonomous_tidal_vehicle_ws/src) by extensions ['ros']
[0.143s] Level 1:colcon.colcon_core.package_identification:_identify(autonomous_tidal_vehicle_ws/src) by extension 'ros'
[0.143s] Level 1:colcon.colcon_core.package_identification:_identify(autonomous_tidal_vehicle_ws/src) by extensions ['cmake', 'python']
[0.143s] Level 1:colcon.colcon_core.package_identification:_identify(autonomous_tidal_vehicle_ws/src) by extension 'cmake'
[0.143s] Level 1:colcon.colcon_core.package_identification:_identify(autonomous_tidal_vehicle_ws/src) by extension 'python'
[0.143s] Level 1:colcon.colcon_core.package_identification:_identify(autonomous_tidal_vehicle_ws/src) by extensions ['python_setup_py']
[0.143s] Level 1:colcon.colcon_core.package_identification:_identify(autonomous_tidal_vehicle_ws/src) by extension 'python_setup_py'
[0.143s] Level 1:colcon.colcon_core.package_identification:_identify(autonomous_tidal_vehicle_ws/src/tidal_vehicle_autonomy) by extensions ['ignore', 'ignore_ament_install']
[0.143s] Level 1:colcon.colcon_core.package_identification:_identify(autonomous_tidal_vehicle_ws/src/tidal_vehicle_autonomy) by extension 'ignore'
[0.143s] Level 1:colcon.colcon_core.package_identification:_identify(autonomous_tidal_vehicle_ws/src/tidal_vehicle_autonomy) by extension 'ignore_ament_install'
[0.143s] Level 1:colcon.colcon_core.package_identification:_identify(autonomous_tidal_vehicle_ws/src/tidal_vehicle_autonomy) by extensions ['colcon_pkg']
[0.143s] Level 1:colcon.colcon_core.package_identification:_identify(autonomous_tidal_vehicle_ws/src/tidal_vehicle_autonomy) by extension 'colcon_pkg'
[0.143s] Level 1:colcon.colcon_core.package_identification:_identify(autonomous_tidal_vehicle_ws/src/tidal_vehicle_autonomy) by extensions ['colcon_meta']
[0.143s] Level 1:colcon.colcon_core.package_identification:_identify(autonomous_tidal_vehicle_ws/src/tidal_vehicle_autonomy) by extension 'colcon_meta'
[0.143s] Level 1:colcon.colcon_core.package_identification:_identify(autonomous_tidal_vehicle_ws/src/tidal_vehicle_autonomy) by extensions ['ros']
[0.143s] Level 1:colcon.colcon_core.package_identification:_identify(autonomous_tidal_vehicle_ws/src/tidal_vehicle_autonomy) by extension 'ros'
[0.146s] DEBUG:colcon.colcon_core.package_identification:Package 'autonomous_tidal_vehicle_ws/src/tidal_vehicle_autonomy' with type 'ros.ament_python' and name 'tidal_vehicle_autonomy'
[0.146s] Level 1:colcon.colcon_core.package_identification:_identify(autonomous_tidal_vehicle_ws/src/tidal_vehicle_bringup) by extensions ['ignore', 'ignore_ament_install']
[0.146s] Level 1:colcon.colcon_core.package_identification:_identify(autonomous_tidal_vehicle_ws/src/tidal_vehicle_bringup) by extension 'ignore'
[0.146s] Level 1:colcon.colcon_core.package_identification:_identify(autonomous_tidal_vehicle_ws/src/tidal_vehicle_bringup) by extension 'ignore_ament_install'
[0.146s] Level 1:colcon.colcon_core.package_identification:_identify(autonomous_tidal_vehicle_ws/src/tidal_vehicle_bringup) by extensions ['colcon_pkg']
[0.146s] Level 1:colcon.colcon_core.package_identification:_identify(autonomous_tidal_vehicle_ws/src/tidal_vehicle_bringup) by extension 'colcon_pkg'
[0.146s] Level 1:colcon.colcon_core.package_identification:_identify(autonomous_tidal_vehicle_ws/src/tidal_vehicle_bringup) by extensions ['colcon_meta']
[0.146s] Level 1:colcon.colcon_core.package_identification:_identify(autonomous_tidal_vehicle_ws/src/tidal_vehicle_bringup) by extension 'colcon_meta'
[0.146s] Level 1:colcon.colcon_core.package_identification:_identify(autonomous_tidal_vehicle_ws/src/tidal_vehicle_bringup) by extensions ['ros']
[0.146s] Level 1:colcon.colcon_core.package_identification:_identify(autonomous_tidal_vehicle_ws/src/tidal_vehicle_bringup) by extension 'ros'
[0.146s] DEBUG:colcon.colcon_core.package_identification:Package 'autonomous_tidal_vehicle_ws/src/tidal_vehicle_bringup' with type 'ros.ament_cmake' and name 'tidal_vehicle_bringup'
[0.147s] Level 1:colcon.colcon_core.package_identification:_identify(autonomous_tidal_vehicle_ws/src/tidal_vehicle_description) by extensions ['ignore', 'ignore_ament_install']
[0.147s] Level 1:colcon.colcon_core.package_identification:_identify(autonomous_tidal_vehicle_ws/src/tidal_vehicle_description) by extension 'ignore'
[0.147s] Level 1:colcon.colcon_core.package_identification:_identify(autonomous_tidal_vehicle_ws/src/tidal_vehicle_description) by extension 'ignore_ament_install'
[0.147s] Level 1:colcon.colcon_core.package_identification:_identify(autonomous_tidal_vehicle_ws/src/tidal_vehicle_description) by extensions ['colcon_pkg']
[0.147s] Level 1:colcon.colcon_core.package_identification:_identify(autonomous_tidal_vehicle_ws/src/tidal_vehicle_description) by extension 'colcon_pkg'
[0.147s] Level 1:colcon.colcon_core.package_identification:_identify(autonomous_tidal_vehicle_ws/src/tidal_vehicle_description) by extensions ['colcon_meta']
[0.147s] Level 1:colcon.colcon_core.package_identification:_identify(autonomous_tidal_vehicle_ws/src/tidal_vehicle_description) by extension 'colcon_meta'
[0.147s] Level 1:colcon.colcon_core.package_identification:_identify(autonomous_tidal_vehicle_ws/src/tidal_vehicle_description) by extensions ['ros']
[0.147s] Level 1:colcon.colcon_core.package_identification:_identify(autonomous_tidal_vehicle_ws/src/tidal_vehicle_description) by extension 'ros'
[0.147s] DEBUG:colcon.colcon_core.package_identification:Package 'autonomous_tidal_vehicle_ws/src/tidal_vehicle_description' with type 'ros.ament_cmake' and name 'tidal_vehicle_description'
[0.147s] Level 1:colcon.colcon_core.package_identification:_identify(autonomous_tidal_vehicle_ws/src/tidal_vehicle_evaluation) by extensions ['ignore', 'ignore_ament_install']
[0.147s] Level 1:colcon.colcon_core.package_identification:_identify(autonomous_tidal_vehicle_ws/src/tidal_vehicle_evaluation) by extension 'ignore'
[0.147s] Level 1:colcon.colcon_core.package_identification:_identify(autonomous_tidal_vehicle_ws/src/tidal_vehicle_evaluation) by extension 'ignore_ament_install'
[0.147s] Level 1:colcon.colcon_core.package_identification:_identify(autonomous_tidal_vehicle_ws/src/tidal_vehicle_evaluation) by extensions ['colcon_pkg']
[0.147s] Level 1:colcon.colcon_core.package_identification:_identify(autonomous_tidal_vehicle_ws/src/tidal_vehicle_evaluation) by extension 'colcon_pkg'
[0.147s] Level 1:colcon.colcon_core.package_identification:_identify(autonomous_tidal_vehicle_ws/src/tidal_vehicle_evaluation) by extensions ['colcon_meta']
[0.147s] Level 1:colcon.colcon_core.package_identification:_identify(autonomous_tidal_vehicle_ws/src/tidal_vehicle_evaluation) by extension 'colcon_meta'
[0.147s] Level 1:colcon.colcon_core.package_identification:_identify(autonomous_tidal_vehicle_ws/src/tidal_vehicle_evaluation) by extensions ['ros']
[0.147s] Level 1:colcon.colcon_core.package_identification:_identify(autonomous_tidal_vehicle_ws/src/tidal_vehicle_evaluation) by extension 'ros'
[0.148s] DEBUG:colcon.colcon_core.package_identification:Package 'autonomous_tidal_vehicle_ws/src/tidal_vehicle_evaluation' with type 'ros.ament_python' and name 'tidal_vehicle_evaluation'
[0.148s] Level 1:colcon.colcon_core.package_identification:_identify(autonomous_tidal_vehicle_ws/src/tidal_vehicle_interfaces) by extensions ['ignore', 'ignore_ament_install']
[0.148s] Level 1:colcon.colcon_core.package_identification:_identify(autonomous_tidal_vehicle_ws/src/tidal_vehicle_interfaces) by extension 'ignore'
[0.148s] Level 1:colcon.colcon_core.package_identification:_identify(autonomous_tidal_vehicle_ws/src/tidal_vehicle_interfaces) by extension 'ignore_ament_install'
[0.148s] Level 1:colcon.colcon_core.package_identification:_identify(autonomous_tidal_vehicle_ws/src/tidal_vehicle_interfaces) by extensions ['colcon_pkg']
[0.148s] Level 1:colcon.colcon_core.package_identification:_identify(autonomous_tidal_vehicle_ws/src/tidal_vehicle_interfaces) by extension 'colcon_pkg'
[0.148s] Level 1:colcon.colcon_core.package_identification:_identify(autonomous_tidal_vehicle_ws/src/tidal_vehicle_interfaces) by extensions ['colcon_meta']
[0.148s] Level 1:colcon.colcon_core.package_identification:_identify(autonomous_tidal_vehicle_ws/src/tidal_vehicle_interfaces) by extension 'colcon_meta'
[0.148s] Level 1:colcon.colcon_core.package_identification:_identify(autonomous_tidal_vehicle_ws/src/tidal_vehicle_interfaces) by extensions ['ros']
[0.148s] Level 1:colcon.colcon_core.package_identification:_identify(autonomous_tidal_vehicle_ws/src/tidal_vehicle_interfaces) by extension 'ros'
[0.148s] DEBUG:colcon.colcon_core.package_identification:Package 'autonomous_tidal_vehicle_ws/src/tidal_vehicle_interfaces' with type 'ros.ament_cmake' and name 'tidal_vehicle_interfaces'
[0.148s] Level 1:colcon.colcon_core.package_identification:_identify(autonomous_tidal_vehicle_ws/src/tidal_vehicle_operator) by extensions ['ignore', 'ignore_ament_install']
[0.148s] Level 1:colcon.colcon_core.package_identification:_identify(autonomous_tidal_vehicle_ws/src/tidal_vehicle_operator) by extension 'ignore'
[0.149s] Level 1:colcon.colcon_core.package_identification:_identify(autonomous_tidal_vehicle_ws/src/tidal_vehicle_operator) by extension 'ignore_ament_install'
[0.149s] Level 1:colcon.colcon_core.package_identification:_identify(autonomous_tidal_vehicle_ws/src/tidal_vehicle_operator) by extensions ['colcon_pkg']
[0.149s] Level 1:colcon.colcon_core.package_identification:_identify(autonomous_tidal_vehicle_ws/src/tidal_vehicle_operator) by extension 'colcon_pkg'
[0.149s] Level 1:colcon.colcon_core.package_identification:_identify(autonomous_tidal_vehicle_ws/src/tidal_vehicle_operator) by extensions ['colcon_meta']
[0.149s] Level 1:colcon.colcon_core.package_identification:_identify(autonomous_tidal_vehicle_ws/src/tidal_vehicle_operator) by extension 'colcon_meta'
[0.149s] Level 1:colcon.colcon_core.package_identification:_identify(autonomous_tidal_vehicle_ws/src/tidal_vehicle_operator) by extensions ['ros']
[0.149s] Level 1:colcon.colcon_core.package_identification:_identify(autonomous_tidal_vehicle_ws/src/tidal_vehicle_operator) by extension 'ros'
[0.149s] DEBUG:colcon.colcon_core.package_identification:Package 'autonomous_tidal_vehicle_ws/src/tidal_vehicle_operator' with type 'ros.ament_python' and name 'tidal_vehicle_operator'
[0.149s] Level 1:colcon.colcon_core.package_identification:_identify(autonomous_tidal_vehicle_ws/src/tidal_vehicle_safety) by extensions ['ignore', 'ignore_ament_install']
[0.149s] Level 1:colcon.colcon_core.package_identification:_identify(autonomous_tidal_vehicle_ws/src/tidal_vehicle_safety) by extension 'ignore'
[0.149s] Level 1:colcon.colcon_core.package_identification:_identify(autonomous_tidal_vehicle_ws/src/tidal_vehicle_safety) by extension 'ignore_ament_install'
[0.149s] Level 1:colcon.colcon_core.package_identification:_identify(autonomous_tidal_vehicle_ws/src/tidal_vehicle_safety) by extensions ['colcon_pkg']
[0.149s] Level 1:colcon.colcon_core.package_identification:_identify(autonomous_tidal_vehicle_ws/src/tidal_vehicle_safety) by extension 'colcon_pkg'
[0.149s] Level 1:colcon.colcon_core.package_identification:_identify(autonomous_tidal_vehicle_ws/src/tidal_vehicle_safety) by extensions ['colcon_meta']
[0.149s] Level 1:colcon.colcon_core.package_identification:_identify(autonomous_tidal_vehicle_ws/src/tidal_vehicle_safety) by extension 'colcon_meta'
[0.149s] Level 1:colcon.colcon_core.package_identification:_identify(autonomous_tidal_vehicle_ws/src/tidal_vehicle_safety) by extensions ['ros']
[0.149s] Level 1:colcon.colcon_core.package_identification:_identify(autonomous_tidal_vehicle_ws/src/tidal_vehicle_safety) by extension 'ros'
[0.149s] DEBUG:colcon.colcon_core.package_identification:Package 'autonomous_tidal_vehicle_ws/src/tidal_vehicle_safety' with type 'ros.ament_python' and name 'tidal_vehicle_safety'
[0.149s] Level 1:colcon.colcon_core.package_identification:_identify(autonomous_tidal_vehicle_ws/src/tidal_vehicle_simulation) by extensions ['ignore', 'ignore_ament_install']
[0.149s] Level 1:colcon.colcon_core.package_identification:_identify(autonomous_tidal_vehicle_ws/src/tidal_vehicle_simulation) by extension 'ignore'
[0.150s] Level 1:colcon.colcon_core.package_identification:_identify(autonomous_tidal_vehicle_ws/src/tidal_vehicle_simulation) by extension 'ignore_ament_install'
[0.150s] Level 1:colcon.colcon_core.package_identification:_identify(autonomous_tidal_vehicle_ws/src/tidal_vehicle_simulation) by extensions ['colcon_pkg']
[0.150s] Level 1:colcon.colcon_core.package_identification:_identify(autonomous_tidal_vehicle_ws/src/tidal_vehicle_simulation) by extension 'colcon_pkg'
[0.150s] Level 1:colcon.colcon_core.package_identification:_identify(autonomous_tidal_vehicle_ws/src/tidal_vehicle_simulation) by extensions ['colcon_meta']
[0.150s] Level 1:colcon.colcon_core.package_identification:_identify(autonomous_tidal_vehicle_ws/src/tidal_vehicle_simulation) by extension 'colcon_meta'
[0.150s] Level 1:colcon.colcon_core.package_identification:_identify(autonomous_tidal_vehicle_ws/src/tidal_vehicle_simulation) by extensions ['ros']
[0.150s] Level 1:colcon.colcon_core.package_identification:_identify(autonomous_tidal_vehicle_ws/src/tidal_vehicle_simulation) by extension 'ros'
[0.150s] DEBUG:colcon.colcon_core.package_identification:Package 'autonomous_tidal_vehicle_ws/src/tidal_vehicle_simulation' with type 'ros.ament_cmake' and name 'tidal_vehicle_simulation'
[0.150s] Level 1:colcon.colcon_core.package_identification:_identify(build) by extensions ['ignore', 'ignore_ament_install']
[0.150s] Level 1:colcon.colcon_core.package_identification:_identify(build) by extension 'ignore'
[0.150s] Level 1:colcon.colcon_core.package_identification:_identify(build) ignored
[0.150s] Level 1:colcon.colcon_core.package_identification:_identify(docs) by extensions ['ignore', 'ignore_ament_install']
[0.150s] Level 1:colcon.colcon_core.package_identification:_identify(docs) by extension 'ignore'
[0.150s] Level 1:colcon.colcon_core.package_identification:_identify(docs) by extension 'ignore_ament_install'
[0.150s] Level 1:colcon.colcon_core.package_identification:_identify(docs) by extensions ['colcon_pkg']
[0.150s] Level 1:colcon.colcon_core.package_identification:_identify(docs) by extension 'colcon_pkg'
[0.150s] Level 1:colcon.colcon_core.package_identification:_identify(docs) by extensions ['colcon_meta']
[0.150s] Level 1:colcon.colcon_core.package_identification:_identify(docs) by extension 'colcon_meta'
[0.150s] Level 1:colcon.colcon_core.package_identification:_identify(docs) by extensions ['ros']
[0.150s] Level 1:colcon.colcon_core.package_identification:_identify(docs) by extension 'ros'
[0.150s] Level 1:colcon.colcon_core.package_identification:_identify(docs) by extensions ['cmake', 'python']
[0.150s] Level 1:colcon.colcon_core.package_identification:_identify(docs) by extension 'cmake'
[0.150s] Level 1:colcon.colcon_core.package_identification:_identify(docs) by extension 'python'
[0.150s] Level 1:colcon.colcon_core.package_identification:_identify(docs) by extensions ['python_setup_py']
[0.150s] Level 1:colcon.colcon_core.package_identification:_identify(docs) by extension 'python_setup_py'
[0.150s] Level 1:colcon.colcon_core.package_identification:_identify(install) by extensions ['ignore', 'ignore_ament_install']
[0.151s] Level 1:colcon.colcon_core.package_identification:_identify(install) by extension 'ignore'
[0.151s] Level 1:colcon.colcon_core.package_identification:_identify(install) ignored
[0.151s] Level 1:colcon.colcon_core.package_identification:_identify(log) by extensions ['ignore', 'ignore_ament_install']
[0.151s] Level 1:colcon.colcon_core.package_identification:_identify(log) by extension 'ignore'
[0.151s] Level 1:colcon.colcon_core.package_identification:_identify(log) ignored
[0.151s] Level 1:colcon.colcon_core.package_discovery:discover_packages(recursive) using defaults
[0.151s] Level 1:colcon.colcon_core.package_discovery:discover_packages(ignore) discover
[0.151s] Level 1:colcon.colcon_core.package_discovery:discover_packages(ignore) using defaults
[0.151s] Level 1:colcon.colcon_core.package_discovery:discover_packages(path) discover
[0.151s] Level 1:colcon.colcon_core.package_discovery:discover_packages(path) using defaults
[0.166s] INFO:colcon.colcon_core.package_selection:Skipping package 'tidal_vehicle_safety' in 'autonomous_tidal_vehicle_ws/src/tidal_vehicle_safety'
[0.166s] INFO:colcon.colcon_core.package_selection:Skipping package 'tidal_vehicle_operator' in 'autonomous_tidal_vehicle_ws/src/tidal_vehicle_operator'
[0.166s] INFO:colcon.colcon_core.package_selection:Skipping package 'tidal_vehicle_evaluation' in 'autonomous_tidal_vehicle_ws/src/tidal_vehicle_evaluation'
[0.166s] INFO:colcon.colcon_core.package_selection:Skipping package 'tidal_vehicle_autonomy' in 'autonomous_tidal_vehicle_ws/src/tidal_vehicle_autonomy'
[0.166s] INFO:colcon.colcon_core.package_selection:Skipping package 'tidal_vehicle_description' in 'autonomous_tidal_vehicle_ws/src/tidal_vehicle_description'
[0.166s] INFO:colcon.colcon_core.package_selection:Skipping package 'tidal_vehicle_bringup' in 'autonomous_tidal_vehicle_ws/src/tidal_vehicle_bringup'
[0.166s] Level 1:colcon.colcon_core.package_discovery:discover_packages(prefix_path) check parameters
[0.166s] Level 1:colcon.colcon_core.package_discovery:discover_packages(prefix_path) discover
[0.168s] DEBUG:colcon.colcon_installed_package_information.package_discovery:Found 321 installed packages in /opt/ros/jazzy
[0.168s] Level 1:colcon.colcon_core.package_discovery:discover_packages(prefix_path) using defaults
[0.194s] Level 5:colcon.colcon_core.verb:set package 'tidal_vehicle_interfaces' build argument 'cmake_args' from command line to 'None'
[0.194s] Level 5:colcon.colcon_core.verb:set package 'tidal_vehicle_interfaces' build argument 'cmake_target' from command line to 'None'
[0.194s] Level 5:colcon.colcon_core.verb:set package 'tidal_vehicle_interfaces' build argument 'cmake_target_skip_unavailable' from command line to 'False'
[0.194s] Level 5:colcon.colcon_core.verb:set package 'tidal_vehicle_interfaces' build argument 'cmake_clean_cache' from command line to 'False'
[0.194s] Level 5:colcon.colcon_core.verb:set package 'tidal_vehicle_interfaces' build argument 'cmake_clean_first' from command line to 'False'
[0.195s] Level 5:colcon.colcon_core.verb:set package 'tidal_vehicle_interfaces' build argument 'cmake_force_configure' from command line to 'False'
[0.195s] Level 5:colcon.colcon_core.verb:set package 'tidal_vehicle_interfaces' build argument 'ament_cmake_args' from command line to 'None'
[0.195s] Level 5:colcon.colcon_core.verb:set package 'tidal_vehicle_interfaces' build argument 'catkin_cmake_args' from command line to 'None'
[0.195s] Level 5:colcon.colcon_core.verb:set package 'tidal_vehicle_interfaces' build argument 'catkin_skip_building_tests' from command line to 'False'
[0.195s] DEBUG:colcon.colcon_core.verb:Building package 'tidal_vehicle_interfaces' with the following arguments: {'ament_cmake_args': None, 'build_base': '/home/tiffy/One-Wish-Coders/build/tidal_vehicle_interfaces', 'catkin_cmake_args': None, 'catkin_skip_building_tests': False, 'cmake_args': None, 'cmake_clean_cache': False, 'cmake_clean_first': False, 'cmake_force_configure': False, 'cmake_target': None, 'cmake_target_skip_unavailable': False, 'install_base': '/home/tiffy/One-Wish-Coders/install/tidal_vehicle_interfaces', 'merge_install': False, 'path': '/home/tiffy/One-Wish-Coders/autonomous_tidal_vehicle_ws/src/tidal_vehicle_interfaces', 'symlink_install': True, 'test_result_base': None}
[0.195s] Level 5:colcon.colcon_core.verb:set package 'tidal_vehicle_simulation' build argument 'cmake_args' from command line to 'None'
[0.195s] Level 5:colcon.colcon_core.verb:set package 'tidal_vehicle_simulation' build argument 'cmake_target' from command line to 'None'
[0.195s] Level 5:colcon.colcon_core.verb:set package 'tidal_vehicle_simulation' build argument 'cmake_target_skip_unavailable' from command line to 'False'
[0.195s] Level 5:colcon.colcon_core.verb:set package 'tidal_vehicle_simulation' build argument 'cmake_clean_cache' from command line to 'False'
[0.195s] Level 5:colcon.colcon_core.verb:set package 'tidal_vehicle_simulation' build argument 'cmake_clean_first' from command line to 'False'
[0.195s] Level 5:colcon.colcon_core.verb:set package 'tidal_vehicle_simulation' build argument 'cmake_force_configure' from command line to 'False'
[0.195s] Level 5:colcon.colcon_core.verb:set package 'tidal_vehicle_simulation' build argument 'ament_cmake_args' from command line to 'None'
[0.195s] Level 5:colcon.colcon_core.verb:set package 'tidal_vehicle_simulation' build argument 'catkin_cmake_args' from command line to 'None'
[0.195s] Level 5:colcon.colcon_core.verb:set package 'tidal_vehicle_simulation' build argument 'catkin_skip_building_tests' from command line to 'False'
[0.195s] DEBUG:colcon.colcon_core.verb:Building package 'tidal_vehicle_simulation' with the following arguments: {'ament_cmake_args': None, 'build_base': '/home/tiffy/One-Wish-Coders/build/tidal_vehicle_simulation', 'catkin_cmake_args': None, 'catkin_skip_building_tests': False, 'cmake_args': None, 'cmake_clean_cache': False, 'cmake_clean_first': False, 'cmake_force_configure': False, 'cmake_target': None, 'cmake_target_skip_unavailable': False, 'install_base': '/home/tiffy/One-Wish-Coders/install/tidal_vehicle_simulation', 'merge_install': False, 'path': '/home/tiffy/One-Wish-Coders/autonomous_tidal_vehicle_ws/src/tidal_vehicle_simulation', 'symlink_install': True, 'test_result_base': None}
[0.195s] INFO:colcon.colcon_core.executor:Executing jobs using 'parallel' executor
[0.196s] DEBUG:colcon.colcon_parallel_executor.executor.parallel:run_until_complete
[0.196s] INFO:colcon.colcon_ros.task.ament_cmake.build:Building ROS package in '/home/tiffy/One-Wish-Coders/autonomous_tidal_vehicle_ws/src/tidal_vehicle_interfaces' with build type 'ament_cmake'
[0.196s] INFO:colcon.colcon_cmake.task.cmake.build:Building CMake package in '/home/tiffy/One-Wish-Coders/autonomous_tidal_vehicle_ws/src/tidal_vehicle_interfaces'
[0.198s] INFO:colcon.colcon_core.plugin_system:Skipping extension 'colcon_core.shell.bat': Not used on non-Windows systems
[0.198s] INFO:colcon.colcon_core.shell:Skip shell extension 'powershell' for command environment: Not usable outside of PowerShell
[0.198s] DEBUG:colcon.colcon_core.shell:Skip shell extension 'dsv' for command environment
[0.204s] DEBUG:colcon.colcon_core.event_handler.log_command:Invoking command in '/home/tiffy/One-Wish-Coders/build/tidal_vehicle_interfaces': CMAKE_PREFIX_PATH=${CMAKE_PREFIX_PATH}:/opt/ros/jazzy /usr/bin/cmake /home/tiffy/One-Wish-Coders/autonomous_tidal_vehicle_ws/src/tidal_vehicle_interfaces -DAMENT_CMAKE_SYMLINK_INSTALL=1 -DCMAKE_INSTALL_PREFIX=/home/tiffy/One-Wish-Coders/install/tidal_vehicle_interfaces
[3.105s] DEBUG:colcon.colcon_core.event_handler.log_command:Invoked command in '/home/tiffy/One-Wish-Coders/build/tidal_vehicle_interfaces' returned '0': CMAKE_PREFIX_PATH=${CMAKE_PREFIX_PATH}:/opt/ros/jazzy /usr/bin/cmake /home/tiffy/One-Wish-Coders/autonomous_tidal_vehicle_ws/src/tidal_vehicle_interfaces -DAMENT_CMAKE_SYMLINK_INSTALL=1 -DCMAKE_INSTALL_PREFIX=/home/tiffy/One-Wish-Coders/install/tidal_vehicle_interfaces
[3.106s] DEBUG:colcon.colcon_core.event_handler.log_command:Invoking command in '/home/tiffy/One-Wish-Coders/build/tidal_vehicle_interfaces': CMAKE_PREFIX_PATH=${CMAKE_PREFIX_PATH}:/opt/ros/jazzy /usr/bin/cmake --build /home/tiffy/One-Wish-Coders/build/tidal_vehicle_interfaces -- -j14 -l14
[5.466s] DEBUG:colcon.colcon_core.event_handler.log_command:Invoked command in '/home/tiffy/One-Wish-Coders/build/tidal_vehicle_interfaces' returned '0': CMAKE_PREFIX_PATH=${CMAKE_PREFIX_PATH}:/opt/ros/jazzy /usr/bin/cmake --build /home/tiffy/One-Wish-Coders/build/tidal_vehicle_interfaces -- -j14 -l14
[5.475s] DEBUG:colcon.colcon_core.event_handler.log_command:Invoking command in '/home/tiffy/One-Wish-Coders/build/tidal_vehicle_interfaces': CMAKE_PREFIX_PATH=${CMAKE_PREFIX_PATH}:/opt/ros/jazzy /usr/bin/cmake --install /home/tiffy/One-Wish-Coders/build/tidal_vehicle_interfaces
[6.181s] Level 1:colcon.colcon_core.environment:create_environment_scripts_only(tidal_vehicle_interfaces)
[6.181s] DEBUG:colcon.colcon_core.event_handler.log_command:Invoked command in '/home/tiffy/One-Wish-Coders/build/tidal_vehicle_interfaces' returned '0': CMAKE_PREFIX_PATH=${CMAKE_PREFIX_PATH}:/opt/ros/jazzy /usr/bin/cmake --install /home/tiffy/One-Wish-Coders/build/tidal_vehicle_interfaces
[6.183s] Level 1:colcon.colcon_core.environment:checking '/home/tiffy/One-Wish-Coders/install/tidal_vehicle_interfaces' for CMake module files
[6.183s] Level 1:colcon.colcon_core.environment:checking '/home/tiffy/One-Wish-Coders/install/tidal_vehicle_interfaces' for CMake config files
[6.184s] Level 1:colcon.colcon_core.shell:create_environment_hook('tidal_vehicle_interfaces', 'cmake_prefix_path')
[6.184s] INFO:colcon.colcon_core.shell:Creating environment hook '/home/tiffy/One-Wish-Coders/install/tidal_vehicle_interfaces/share/tidal_vehicle_interfaces/hook/cmake_prefix_path.ps1'
[6.184s] INFO:colcon.colcon_core.shell:Creating environment descriptor '/home/tiffy/One-Wish-Coders/install/tidal_vehicle_interfaces/share/tidal_vehicle_interfaces/hook/cmake_prefix_path.dsv'
[6.185s] INFO:colcon.colcon_core.shell:Creating environment hook '/home/tiffy/One-Wish-Coders/install/tidal_vehicle_interfaces/share/tidal_vehicle_interfaces/hook/cmake_prefix_path.sh'
[6.185s] Level 1:colcon.colcon_core.environment:checking '/home/tiffy/One-Wish-Coders/install/tidal_vehicle_interfaces/lib'
[6.185s] Level 1:colcon.colcon_core.shell:create_environment_hook('tidal_vehicle_interfaces', 'ld_library_path_lib')
[6.186s] INFO:colcon.colcon_core.shell:Creating environment hook '/home/tiffy/One-Wish-Coders/install/tidal_vehicle_interfaces/share/tidal_vehicle_interfaces/hook/ld_library_path_lib.ps1'
[6.186s] INFO:colcon.colcon_core.shell:Creating environment descriptor '/home/tiffy/One-Wish-Coders/install/tidal_vehicle_interfaces/share/tidal_vehicle_interfaces/hook/ld_library_path_lib.dsv'
[6.186s] INFO:colcon.colcon_core.shell:Creating environment hook '/home/tiffy/One-Wish-Coders/install/tidal_vehicle_interfaces/share/tidal_vehicle_interfaces/hook/ld_library_path_lib.sh'
[6.186s] Level 1:colcon.colcon_core.environment:checking '/home/tiffy/One-Wish-Coders/install/tidal_vehicle_interfaces/bin'
[6.186s] Level 1:colcon.colcon_core.environment:checking '/home/tiffy/One-Wish-Coders/install/tidal_vehicle_interfaces/lib/pkgconfig/tidal_vehicle_interfaces.pc'
[6.186s] Level 1:colcon.colcon_core.environment:checking '/home/tiffy/One-Wish-Coders/install/tidal_vehicle_interfaces/lib/python3.12/site-packages'
[6.187s] Level 1:colcon.colcon_core.shell:create_environment_hook('tidal_vehicle_interfaces', 'pythonpath')
[6.187s] INFO:colcon.colcon_core.shell:Creating environment hook '/home/tiffy/One-Wish-Coders/install/tidal_vehicle_interfaces/share/tidal_vehicle_interfaces/hook/pythonpath.ps1'
[6.199s] INFO:colcon.colcon_core.shell:Creating environment descriptor '/home/tiffy/One-Wish-Coders/install/tidal_vehicle_interfaces/share/tidal_vehicle_interfaces/hook/pythonpath.dsv'
[6.199s] INFO:colcon.colcon_core.shell:Creating environment hook '/home/tiffy/One-Wish-Coders/install/tidal_vehicle_interfaces/share/tidal_vehicle_interfaces/hook/pythonpath.sh'
[6.199s] Level 1:colcon.colcon_core.environment:checking '/home/tiffy/One-Wish-Coders/install/tidal_vehicle_interfaces/bin'
[6.200s] INFO:colcon.colcon_core.shell:Creating package script '/home/tiffy/One-Wish-Coders/install/tidal_vehicle_interfaces/share/tidal_vehicle_interfaces/package.ps1'
[6.200s] INFO:colcon.colcon_core.shell:Creating package descriptor '/home/tiffy/One-Wish-Coders/install/tidal_vehicle_interfaces/share/tidal_vehicle_interfaces/package.dsv'
[6.201s] INFO:colcon.colcon_core.shell:Creating package script '/home/tiffy/One-Wish-Coders/install/tidal_vehicle_interfaces/share/tidal_vehicle_interfaces/package.sh'
[6.201s] INFO:colcon.colcon_core.shell:Creating package script '/home/tiffy/One-Wish-Coders/install/tidal_vehicle_interfaces/share/tidal_vehicle_interfaces/package.bash'
[6.201s] INFO:colcon.colcon_core.shell:Creating package script '/home/tiffy/One-Wish-Coders/install/tidal_vehicle_interfaces/share/tidal_vehicle_interfaces/package.zsh'
[6.201s] Level 1:colcon.colcon_core.environment:create_file_with_runtime_dependencies(/home/tiffy/One-Wish-Coders/install/tidal_vehicle_interfaces/share/colcon-core/packages/tidal_vehicle_interfaces)
[6.202s] Level 1:colcon.colcon_core.environment:create_environment_scripts_only(tidal_vehicle_interfaces)
[6.203s] Level 1:colcon.colcon_core.environment:checking '/home/tiffy/One-Wish-Coders/install/tidal_vehicle_interfaces' for CMake module files
[6.203s] Level 1:colcon.colcon_core.environment:checking '/home/tiffy/One-Wish-Coders/install/tidal_vehicle_interfaces' for CMake config files
[6.203s] Level 1:colcon.colcon_core.shell:create_environment_hook('tidal_vehicle_interfaces', 'cmake_prefix_path')
[6.204s] INFO:colcon.colcon_core.shell:Creating environment hook '/home/tiffy/One-Wish-Coders/install/tidal_vehicle_interfaces/share/tidal_vehicle_interfaces/hook/cmake_prefix_path.ps1'
[6.204s] INFO:colcon.colcon_core.shell:Creating environment descriptor '/home/tiffy/One-Wish-Coders/install/tidal_vehicle_interfaces/share/tidal_vehicle_interfaces/hook/cmake_prefix_path.dsv'
[6.204s] INFO:colcon.colcon_core.shell:Creating environment hook '/home/tiffy/One-Wish-Coders/install/tidal_vehicle_interfaces/share/tidal_vehicle_interfaces/hook/cmake_prefix_path.sh'
[6.204s] Level 1:colcon.colcon_core.environment:checking '/home/tiffy/One-Wish-Coders/install/tidal_vehicle_interfaces/lib'
[6.205s] Level 1:colcon.colcon_core.shell:create_environment_hook('tidal_vehicle_interfaces', 'ld_library_path_lib')
[6.205s] INFO:colcon.colcon_core.shell:Creating environment hook '/home/tiffy/One-Wish-Coders/install/tidal_vehicle_interfaces/share/tidal_vehicle_interfaces/hook/ld_library_path_lib.ps1'
[6.205s] INFO:colcon.colcon_core.shell:Creating environment descriptor '/home/tiffy/One-Wish-Coders/install/tidal_vehicle_interfaces/share/tidal_vehicle_interfaces/hook/ld_library_path_lib.dsv'
[6.205s] INFO:colcon.colcon_core.shell:Creating environment hook '/home/tiffy/One-Wish-Coders/install/tidal_vehicle_interfaces/share/tidal_vehicle_interfaces/hook/ld_library_path_lib.sh'
[6.205s] Level 1:colcon.colcon_core.environment:checking '/home/tiffy/One-Wish-Coders/install/tidal_vehicle_interfaces/bin'
[6.205s] Level 1:colcon.colcon_core.environment:checking '/home/tiffy/One-Wish-Coders/install/tidal_vehicle_interfaces/lib/pkgconfig/tidal_vehicle_interfaces.pc'
[6.206s] Level 1:colcon.colcon_core.environment:checking '/home/tiffy/One-Wish-Coders/install/tidal_vehicle_interfaces/lib/python3.12/site-packages'
[6.206s] Level 1:colcon.colcon_core.shell:create_environment_hook('tidal_vehicle_interfaces', 'pythonpath')
[6.206s] INFO:colcon.colcon_core.shell:Creating environment hook '/home/tiffy/One-Wish-Coders/install/tidal_vehicle_interfaces/share/tidal_vehicle_interfaces/hook/pythonpath.ps1'
[6.206s] INFO:colcon.colcon_core.shell:Creating environment descriptor '/home/tiffy/One-Wish-Coders/install/tidal_vehicle_interfaces/share/tidal_vehicle_interfaces/hook/pythonpath.dsv'
[6.206s] INFO:colcon.colcon_core.shell:Creating environment hook '/home/tiffy/One-Wish-Coders/install/tidal_vehicle_interfaces/share/tidal_vehicle_interfaces/hook/pythonpath.sh'
[6.207s] Level 1:colcon.colcon_core.environment:checking '/home/tiffy/One-Wish-Coders/install/tidal_vehicle_interfaces/bin'
[6.207s] INFO:colcon.colcon_core.shell:Creating package script '/home/tiffy/One-Wish-Coders/install/tidal_vehicle_interfaces/share/tidal_vehicle_interfaces/package.ps1'
[6.207s] INFO:colcon.colcon_core.shell:Creating package descriptor '/home/tiffy/One-Wish-Coders/install/tidal_vehicle_interfaces/share/tidal_vehicle_interfaces/package.dsv'
[6.207s] INFO:colcon.colcon_core.shell:Creating package script '/home/tiffy/One-Wish-Coders/install/tidal_vehicle_interfaces/share/tidal_vehicle_interfaces/package.sh'
[6.208s] INFO:colcon.colcon_core.shell:Creating package script '/home/tiffy/One-Wish-Coders/install/tidal_vehicle_interfaces/share/tidal_vehicle_interfaces/package.bash'
[6.208s] INFO:colcon.colcon_core.shell:Creating package script '/home/tiffy/One-Wish-Coders/install/tidal_vehicle_interfaces/share/tidal_vehicle_interfaces/package.zsh'
[6.208s] Level 1:colcon.colcon_core.environment:create_file_with_runtime_dependencies(/home/tiffy/One-Wish-Coders/install/tidal_vehicle_interfaces/share/colcon-core/packages/tidal_vehicle_interfaces)
[6.209s] INFO:colcon.colcon_ros.task.ament_cmake.build:Building ROS package in '/home/tiffy/One-Wish-Coders/autonomous_tidal_vehicle_ws/src/tidal_vehicle_simulation' with build type 'ament_cmake'
[6.209s] INFO:colcon.colcon_cmake.task.cmake.build:Building CMake package in '/home/tiffy/One-Wish-Coders/autonomous_tidal_vehicle_ws/src/tidal_vehicle_simulation'
[6.209s] INFO:colcon.colcon_core.shell:Skip shell extension 'powershell' for command environment: Not usable outside of PowerShell
[6.209s] DEBUG:colcon.colcon_core.shell:Skip shell extension 'dsv' for command environment
[6.249s] DEBUG:colcon.colcon_core.event_handler.log_command:Invoking command in '/home/tiffy/One-Wish-Coders/build/tidal_vehicle_simulation': AMENT_PREFIX_PATH=/home/tiffy/One-Wish-Coders/install/tidal_vehicle_interfaces:${AMENT_PREFIX_PATH} CMAKE_PREFIX_PATH=/home/tiffy/One-Wish-Coders/install/tidal_vehicle_interfaces:/opt/ros/jazzy/opt/gz_sim_vendor:/opt/ros/jazzy/opt/gz_sensors_vendor:/opt/ros/jazzy/opt/gz_physics_vendor:/opt/ros/jazzy/opt/sdformat_vendor:/opt/ros/jazzy/opt/gz_gui_vendor:/opt/ros/jazzy/opt/gz_transport_vendor:/opt/ros/jazzy/opt/gz_rendering_vendor:/opt/ros/jazzy/opt/gz_plugin_vendor:/opt/ros/jazzy/opt/gz_fuel_tools_vendor:/opt/ros/jazzy/opt/gz_msgs_vendor:/opt/ros/jazzy/opt/gz_common_vendor:/opt/ros/jazzy/opt/gz_math_vendor:/opt/ros/jazzy/opt/gz_utils_vendor:/opt/ros/jazzy/opt/gz_tools_vendor:/opt/ros/jazzy/opt/gz_ogre_next_vendor:/opt/ros/jazzy/opt/gz_dartsim_vendor:/opt/ros/jazzy/opt/gz_cmake_vendor:/opt/ros/jazzy LD_LIBRARY_PATH=/home/tiffy/One-Wish-Coders/install/tidal_vehicle_interfaces/lib:${LD_LIBRARY_PATH} PYTHONPATH=/home/tiffy/One-Wish-Coders/install/tidal_vehicle_interfaces/lib/python3.12/site-packages:${PYTHONPATH} /usr/bin/cmake /home/tiffy/One-Wish-Coders/autonomous_tidal_vehicle_ws/src/tidal_vehicle_simulation -DAMENT_CMAKE_SYMLINK_INSTALL=1 -DCMAKE_INSTALL_PREFIX=/home/tiffy/One-Wish-Coders/install/tidal_vehicle_simulation
[12.456s] DEBUG:colcon.colcon_core.event_handler.log_command:Invoked command in '/home/tiffy/One-Wish-Coders/build/tidal_vehicle_simulation' returned '0': AMENT_PREFIX_PATH=/home/tiffy/One-Wish-Coders/install/tidal_vehicle_interfaces:${AMENT_PREFIX_PATH} CMAKE_PREFIX_PATH=/home/tiffy/One-Wish-Coders/install/tidal_vehicle_interfaces:/opt/ros/jazzy/opt/gz_sim_vendor:/opt/ros/jazzy/opt/gz_sensors_vendor:/opt/ros/jazzy/opt/gz_physics_vendor:/opt/ros/jazzy/opt/sdformat_vendor:/opt/ros/jazzy/opt/gz_gui_vendor:/opt/ros/jazzy/opt/gz_transport_vendor:/opt/ros/jazzy/opt/gz_rendering_vendor:/opt/ros/jazzy/opt/gz_plugin_vendor:/opt/ros/jazzy/opt/gz_fuel_tools_vendor:/opt/ros/jazzy/opt/gz_msgs_vendor:/opt/ros/jazzy/opt/gz_common_vendor:/opt/ros/jazzy/opt/gz_math_vendor:/opt/ros/jazzy/opt/gz_utils_vendor:/opt/ros/jazzy/opt/gz_tools_vendor:/opt/ros/jazzy/opt/gz_ogre_next_vendor:/opt/ros/jazzy/opt/gz_dartsim_vendor:/opt/ros/jazzy/opt/gz_cmake_vendor:/opt/ros/jazzy LD_LIBRARY_PATH=/home/tiffy/One-Wish-Coders/install/tidal_vehicle_interfaces/lib:${LD_LIBRARY_PATH} PYTHONPATH=/home/tiffy/One-Wish-Coders/install/tidal_vehicle_interfaces/lib/python3.12/site-packages:${PYTHONPATH} /usr/bin/cmake /home/tiffy/One-Wish-Coders/autonomous_tidal_vehicle_ws/src/tidal_vehicle_simulation -DAMENT_CMAKE_SYMLINK_INSTALL=1 -DCMAKE_INSTALL_PREFIX=/home/tiffy/One-Wish-Coders/install/tidal_vehicle_simulation
[12.457s] DEBUG:colcon.colcon_core.event_handler.log_command:Invoking command in '/home/tiffy/One-Wish-Coders/build/tidal_vehicle_simulation': AMENT_PREFIX_PATH=/home/tiffy/One-Wish-Coders/install/tidal_vehicle_interfaces:${AMENT_PREFIX_PATH} CMAKE_PREFIX_PATH=/home/tiffy/One-Wish-Coders/install/tidal_vehicle_interfaces:/opt/ros/jazzy/opt/gz_sim_vendor:/opt/ros/jazzy/opt/gz_sensors_vendor:/opt/ros/jazzy/opt/gz_physics_vendor:/opt/ros/jazzy/opt/sdformat_vendor:/opt/ros/jazzy/opt/gz_gui_vendor:/opt/ros/jazzy/opt/gz_transport_vendor:/opt/ros/jazzy/opt/gz_rendering_vendor:/opt/ros/jazzy/opt/gz_plugin_vendor:/opt/ros/jazzy/opt/gz_fuel_tools_vendor:/opt/ros/jazzy/opt/gz_msgs_vendor:/opt/ros/jazzy/opt/gz_common_vendor:/opt/ros/jazzy/opt/gz_math_vendor:/opt/ros/jazzy/opt/gz_utils_vendor:/opt/ros/jazzy/opt/gz_tools_vendor:/opt/ros/jazzy/opt/gz_ogre_next_vendor:/opt/ros/jazzy/opt/gz_dartsim_vendor:/opt/ros/jazzy/opt/gz_cmake_vendor:/opt/ros/jazzy LD_LIBRARY_PATH=/home/tiffy/One-Wish-Coders/install/tidal_vehicle_interfaces/lib:${LD_LIBRARY_PATH} PYTHONPATH=/home/tiffy/One-Wish-Coders/install/tidal_vehicle_interfaces/lib/python3.12/site-packages:${PYTHONPATH} /usr/bin/cmake --build /home/tiffy/One-Wish-Coders/build/tidal_vehicle_simulation -- -j14 -l14
[15.823s] DEBUG:colcon.colcon_core.event_handler.log_command:Invoked command in '/home/tiffy/One-Wish-Coders/build/tidal_vehicle_simulation' returned '0': AMENT_PREFIX_PATH=/home/tiffy/One-Wish-Coders/install/tidal_vehicle_interfaces:${AMENT_PREFIX_PATH} CMAKE_PREFIX_PATH=/home/tiffy/One-Wish-Coders/install/tidal_vehicle_interfaces:/opt/ros/jazzy/opt/gz_sim_vendor:/opt/ros/jazzy/opt/gz_sensors_vendor:/opt/ros/jazzy/opt/gz_physics_vendor:/opt/ros/jazzy/opt/sdformat_vendor:/opt/ros/jazzy/opt/gz_gui_vendor:/opt/ros/jazzy/opt/gz_transport_vendor:/opt/ros/jazzy/opt/gz_rendering_vendor:/opt/ros/jazzy/opt/gz_plugin_vendor:/opt/ros/jazzy/opt/gz_fuel_tools_vendor:/opt/ros/jazzy/opt/gz_msgs_vendor:/opt/ros/jazzy/opt/gz_common_vendor:/opt/ros/jazzy/opt/gz_math_vendor:/opt/ros/jazzy/opt/gz_utils_vendor:/opt/ros/jazzy/opt/gz_tools_vendor:/opt/ros/jazzy/opt/gz_ogre_next_vendor:/opt/ros/jazzy/opt/gz_dartsim_vendor:/opt/ros/jazzy/opt/gz_cmake_vendor:/opt/ros/jazzy LD_LIBRARY_PATH=/home/tiffy/One-Wish-Coders/install/tidal_vehicle_interfaces/lib:${LD_LIBRARY_PATH} PYTHONPATH=/home/tiffy/One-Wish-Coders/install/tidal_vehicle_interfaces/lib/python3.12/site-packages:${PYTHONPATH} /usr/bin/cmake --build /home/tiffy/One-Wish-Coders/build/tidal_vehicle_simulation -- -j14 -l14
[15.824s] DEBUG:colcon.colcon_core.event_handler.log_command:Invoking command in '/home/tiffy/One-Wish-Coders/build/tidal_vehicle_simulation': AMENT_PREFIX_PATH=/home/tiffy/One-Wish-Coders/install/tidal_vehicle_interfaces:${AMENT_PREFIX_PATH} CMAKE_PREFIX_PATH=/home/tiffy/One-Wish-Coders/install/tidal_vehicle_interfaces:/opt/ros/jazzy/opt/gz_sim_vendor:/opt/ros/jazzy/opt/gz_sensors_vendor:/opt/ros/jazzy/opt/gz_physics_vendor:/opt/ros/jazzy/opt/sdformat_vendor:/opt/ros/jazzy/opt/gz_gui_vendor:/opt/ros/jazzy/opt/gz_transport_vendor:/opt/ros/jazzy/opt/gz_rendering_vendor:/opt/ros/jazzy/opt/gz_plugin_vendor:/opt/ros/jazzy/opt/gz_fuel_tools_vendor:/opt/ros/jazzy/opt/gz_msgs_vendor:/opt/ros/jazzy/opt/gz_common_vendor:/opt/ros/jazzy/opt/gz_math_vendor:/opt/ros/jazzy/opt/gz_utils_vendor:/opt/ros/jazzy/opt/gz_tools_vendor:/opt/ros/jazzy/opt/gz_ogre_next_vendor:/opt/ros/jazzy/opt/gz_dartsim_vendor:/opt/ros/jazzy/opt/gz_cmake_vendor:/opt/ros/jazzy LD_LIBRARY_PATH=/home/tiffy/One-Wish-Coders/install/tidal_vehicle_interfaces/lib:${LD_LIBRARY_PATH} PYTHONPATH=/home/tiffy/One-Wish-Coders/install/tidal_vehicle_interfaces/lib/python3.12/site-packages:${PYTHONPATH} /usr/bin/cmake --install /home/tiffy/One-Wish-Coders/build/tidal_vehicle_simulation
[16.230s] Level 1:colcon.colcon_core.environment:create_environment_scripts_only(tidal_vehicle_simulation)
[16.230s] Level 1:colcon.colcon_core.environment:checking '/home/tiffy/One-Wish-Coders/install/tidal_vehicle_simulation' for CMake module files
[16.231s] DEBUG:colcon.colcon_core.event_handler.log_command:Invoked command in '/home/tiffy/One-Wish-Coders/build/tidal_vehicle_simulation' returned '0': AMENT_PREFIX_PATH=/home/tiffy/One-Wish-Coders/install/tidal_vehicle_interfaces:${AMENT_PREFIX_PATH} CMAKE_PREFIX_PATH=/home/tiffy/One-Wish-Coders/install/tidal_vehicle_interfaces:/opt/ros/jazzy/opt/gz_sim_vendor:/opt/ros/jazzy/opt/gz_sensors_vendor:/opt/ros/jazzy/opt/gz_physics_vendor:/opt/ros/jazzy/opt/sdformat_vendor:/opt/ros/jazzy/opt/gz_gui_vendor:/opt/ros/jazzy/opt/gz_transport_vendor:/opt/ros/jazzy/opt/gz_rendering_vendor:/opt/ros/jazzy/opt/gz_plugin_vendor:/opt/ros/jazzy/opt/gz_fuel_tools_vendor:/opt/ros/jazzy/opt/gz_msgs_vendor:/opt/ros/jazzy/opt/gz_common_vendor:/opt/ros/jazzy/opt/gz_math_vendor:/opt/ros/jazzy/opt/gz_utils_vendor:/opt/ros/jazzy/opt/gz_tools_vendor:/opt/ros/jazzy/opt/gz_ogre_next_vendor:/opt/ros/jazzy/opt/gz_dartsim_vendor:/opt/ros/jazzy/opt/gz_cmake_vendor:/opt/ros/jazzy LD_LIBRARY_PATH=/home/tiffy/One-Wish-Coders/install/tidal_vehicle_interfaces/lib:${LD_LIBRARY_PATH} PYTHONPATH=/home/tiffy/One-Wish-Coders/install/tidal_vehicle_interfaces/lib/python3.12/site-packages:${PYTHONPATH} /usr/bin/cmake --install /home/tiffy/One-Wish-Coders/build/tidal_vehicle_simulation
[16.231s] Level 1:colcon.colcon_core.environment:checking '/home/tiffy/One-Wish-Coders/install/tidal_vehicle_simulation' for CMake config files
[16.231s] Level 1:colcon.colcon_core.shell:create_environment_hook('tidal_vehicle_simulation', 'cmake_prefix_path')
[16.231s] INFO:colcon.colcon_core.shell:Creating environment hook '/home/tiffy/One-Wish-Coders/install/tidal_vehicle_simulation/share/tidal_vehicle_simulation/hook/cmake_prefix_path.ps1'
[16.232s] INFO:colcon.colcon_core.shell:Creating environment descriptor '/home/tiffy/One-Wish-Coders/install/tidal_vehicle_simulation/share/tidal_vehicle_simulation/hook/cmake_prefix_path.dsv'
[16.232s] INFO:colcon.colcon_core.shell:Creating environment hook '/home/tiffy/One-Wish-Coders/install/tidal_vehicle_simulation/share/tidal_vehicle_simulation/hook/cmake_prefix_path.sh'
[16.232s] Level 1:colcon.colcon_core.environment:checking '/home/tiffy/One-Wish-Coders/install/tidal_vehicle_simulation/lib'
[16.232s] Level 1:colcon.colcon_core.shell:create_environment_hook('tidal_vehicle_simulation', 'ld_library_path_lib')
[16.233s] INFO:colcon.colcon_core.shell:Creating environment hook '/home/tiffy/One-Wish-Coders/install/tidal_vehicle_simulation/share/tidal_vehicle_simulation/hook/ld_library_path_lib.ps1'
[16.233s] INFO:colcon.colcon_core.shell:Creating environment descriptor '/home/tiffy/One-Wish-Coders/install/tidal_vehicle_simulation/share/tidal_vehicle_simulation/hook/ld_library_path_lib.dsv'
[16.233s] INFO:colcon.colcon_core.shell:Creating environment hook '/home/tiffy/One-Wish-Coders/install/tidal_vehicle_simulation/share/tidal_vehicle_simulation/hook/ld_library_path_lib.sh'
[16.233s] Level 1:colcon.colcon_core.environment:checking '/home/tiffy/One-Wish-Coders/install/tidal_vehicle_simulation/bin'
[16.233s] Level 1:colcon.colcon_core.environment:checking '/home/tiffy/One-Wish-Coders/install/tidal_vehicle_simulation/lib/pkgconfig/tidal_vehicle_simulation.pc'
[16.234s] Level 1:colcon.colcon_core.environment:checking '/home/tiffy/One-Wish-Coders/install/tidal_vehicle_simulation/lib/python3.12/site-packages'
[16.234s] Level 1:colcon.colcon_core.environment:checking '/home/tiffy/One-Wish-Coders/install/tidal_vehicle_simulation/bin'
[16.234s] INFO:colcon.colcon_core.shell:Creating package script '/home/tiffy/One-Wish-Coders/install/tidal_vehicle_simulation/share/tidal_vehicle_simulation/package.ps1'
[16.234s] INFO:colcon.colcon_core.shell:Creating package descriptor '/home/tiffy/One-Wish-Coders/install/tidal_vehicle_simulation/share/tidal_vehicle_simulation/package.dsv'
[16.235s] INFO:colcon.colcon_core.shell:Creating package script '/home/tiffy/One-Wish-Coders/install/tidal_vehicle_simulation/share/tidal_vehicle_simulation/package.sh'
[16.235s] INFO:colcon.colcon_core.shell:Creating package script '/home/tiffy/One-Wish-Coders/install/tidal_vehicle_simulation/share/tidal_vehicle_simulation/package.bash'
[16.235s] INFO:colcon.colcon_core.shell:Creating package script '/home/tiffy/One-Wish-Coders/install/tidal_vehicle_simulation/share/tidal_vehicle_simulation/package.zsh'
[16.235s] Level 1:colcon.colcon_core.environment:create_file_with_runtime_dependencies(/home/tiffy/One-Wish-Coders/install/tidal_vehicle_simulation/share/colcon-core/packages/tidal_vehicle_simulation)
[16.236s] Level 1:colcon.colcon_core.environment:create_environment_scripts_only(tidal_vehicle_simulation)
[16.236s] Level 1:colcon.colcon_core.environment:checking '/home/tiffy/One-Wish-Coders/install/tidal_vehicle_simulation' for CMake module files
[16.236s] Level 1:colcon.colcon_core.environment:checking '/home/tiffy/One-Wish-Coders/install/tidal_vehicle_simulation' for CMake config files
[16.236s] Level 1:colcon.colcon_core.shell:create_environment_hook('tidal_vehicle_simulation', 'cmake_prefix_path')
[16.237s] INFO:colcon.colcon_core.shell:Creating environment hook '/home/tiffy/One-Wish-Coders/install/tidal_vehicle_simulation/share/tidal_vehicle_simulation/hook/cmake_prefix_path.ps1'
[16.237s] INFO:colcon.colcon_core.shell:Creating environment descriptor '/home/tiffy/One-Wish-Coders/install/tidal_vehicle_simulation/share/tidal_vehicle_simulation/hook/cmake_prefix_path.dsv'
[16.237s] INFO:colcon.colcon_core.shell:Creating environment hook '/home/tiffy/One-Wish-Coders/install/tidal_vehicle_simulation/share/tidal_vehicle_simulation/hook/cmake_prefix_path.sh'
[16.237s] Level 1:colcon.colcon_core.environment:checking '/home/tiffy/One-Wish-Coders/install/tidal_vehicle_simulation/lib'
[16.237s] Level 1:colcon.colcon_core.shell:create_environment_hook('tidal_vehicle_simulation', 'ld_library_path_lib')
[16.238s] INFO:colcon.colcon_core.shell:Creating environment hook '/home/tiffy/One-Wish-Coders/install/tidal_vehicle_simulation/share/tidal_vehicle_simulation/hook/ld_library_path_lib.ps1'
[16.238s] INFO:colcon.colcon_core.shell:Creating environment descriptor '/home/tiffy/One-Wish-Coders/install/tidal_vehicle_simulation/share/tidal_vehicle_simulation/hook/ld_library_path_lib.dsv'
[16.238s] INFO:colcon.colcon_core.shell:Creating environment hook '/home/tiffy/One-Wish-Coders/install/tidal_vehicle_simulation/share/tidal_vehicle_simulation/hook/ld_library_path_lib.sh'
[16.238s] Level 1:colcon.colcon_core.environment:checking '/home/tiffy/One-Wish-Coders/install/tidal_vehicle_simulation/bin'
[16.238s] Level 1:colcon.colcon_core.environment:checking '/home/tiffy/One-Wish-Coders/install/tidal_vehicle_simulation/lib/pkgconfig/tidal_vehicle_simulation.pc'
[16.239s] Level 1:colcon.colcon_core.environment:checking '/home/tiffy/One-Wish-Coders/install/tidal_vehicle_simulation/lib/python3.12/site-packages'
[16.239s] Level 1:colcon.colcon_core.environment:checking '/home/tiffy/One-Wish-Coders/install/tidal_vehicle_simulation/bin'
[16.239s] INFO:colcon.colcon_core.shell:Creating package script '/home/tiffy/One-Wish-Coders/install/tidal_vehicle_simulation/share/tidal_vehicle_simulation/package.ps1'
[16.240s] INFO:colcon.colcon_core.shell:Creating package descriptor '/home/tiffy/One-Wish-Coders/install/tidal_vehicle_simulation/share/tidal_vehicle_simulation/package.dsv'
[16.240s] INFO:colcon.colcon_core.shell:Creating package script '/home/tiffy/One-Wish-Coders/install/tidal_vehicle_simulation/share/tidal_vehicle_simulation/package.sh'
[16.240s] INFO:colcon.colcon_core.shell:Creating package script '/home/tiffy/One-Wish-Coders/install/tidal_vehicle_simulation/share/tidal_vehicle_simulation/package.bash'
[16.241s] INFO:colcon.colcon_core.shell:Creating package script '/home/tiffy/One-Wish-Coders/install/tidal_vehicle_simulation/share/tidal_vehicle_simulation/package.zsh'
[16.241s] Level 1:colcon.colcon_core.environment:create_file_with_runtime_dependencies(/home/tiffy/One-Wish-Coders/install/tidal_vehicle_simulation/share/colcon-core/packages/tidal_vehicle_simulation)
[16.241s] DEBUG:colcon.colcon_parallel_executor.executor.parallel:closing loop
[16.241s] DEBUG:colcon.colcon_parallel_executor.executor.parallel:loop closed
[16.242s] DEBUG:colcon.colcon_parallel_executor.executor.parallel:run_until_complete finished with '0'
[16.242s] DEBUG:colcon.colcon_core.event_reactor:joining thread
[16.254s] INFO:colcon.colcon_core.plugin_system:Skipping extension 'colcon_notification.desktop_notification.notify_send': Could not find 'notify-send'
[16.254s] INFO:colcon.colcon_core.plugin_system:Skipping extension 'colcon_notification.desktop_notification.terminal_notifier': Not used on non-Darwin systems
[16.254s] INFO:colcon.colcon_core.plugin_system:Skipping extension 'colcon_notification.desktop_notification.win32': Not used on non-Windows systems
[16.254s] INFO:colcon.colcon_notification.desktop_notification:Sending desktop notification using 'notify2'
[16.255s] DEBUG:colcon.colcon_notification.desktop_notification.notify2:Failed to initialize notify2: org.freedesktop.DBus.Error.ServiceUnknown: The name org.freedesktop.Notifications was not provided by any .service files
[16.255s] DEBUG:colcon.colcon_core.event_reactor:joined thread
[16.256s] INFO:colcon.colcon_core.shell:Creating prefix script '/home/tiffy/One-Wish-Coders/install/local_setup.ps1'
[16.256s] INFO:colcon.colcon_core.shell:Creating prefix util module '/home/tiffy/One-Wish-Coders/install/_local_setup_util_ps1.py'
[16.257s] INFO:colcon.colcon_core.shell:Creating prefix chain script '/home/tiffy/One-Wish-Coders/install/setup.ps1'
[16.258s] INFO:colcon.colcon_core.shell:Creating prefix script '/home/tiffy/One-Wish-Coders/install/local_setup.sh'
[16.258s] INFO:colcon.colcon_core.shell:Creating prefix util module '/home/tiffy/One-Wish-Coders/install/_local_setup_util_sh.py'
[16.259s] INFO:colcon.colcon_core.shell:Creating prefix chain script '/home/tiffy/One-Wish-Coders/install/setup.sh'
[16.259s] INFO:colcon.colcon_core.shell:Creating prefix script '/home/tiffy/One-Wish-Coders/install/local_setup.bash'
[16.259s] INFO:colcon.colcon_core.shell:Creating prefix chain script '/home/tiffy/One-Wish-Coders/install/setup.bash'
[16.260s] INFO:colcon.colcon_core.shell:Creating prefix script '/home/tiffy/One-Wish-Coders/install/local_setup.zsh'
[16.260s] INFO:colcon.colcon_core.shell:Creating prefix chain script '/home/tiffy/One-Wish-Coders/install/setup.zsh'
