[0.065s] Invoking command in '/home/tiffy/One-Wish-Coders/build/tidal_vehicle_interfaces': CMAKE_PREFIX_PATH=${CMAKE_PREFIX_PATH}:/opt/ros/jazzy /usr/bin/cmake --build /home/tiffy/One-Wish-Coders/build/tidal_vehicle_interfaces -- -j14 -l14
[0.210s] [  1%] Built target tidal_vehicle_interfaces__rosidl_generator_type_description
[0.326s] [  1%] Built target ament_cmake_python_symlink_tidal_vehicle_interfaces
[0.416s] [  3%] Built target tidal_vehicle_interfaces__cpp
[1.010s] running egg_info
[1.055s] writing tidal_vehicle_interfaces.egg-info/PKG-INFO
[1.061s] writing dependency_links to tidal_vehicle_interfaces.egg-info/dependency_links.txt
[1.062s] writing top-level names to tidal_vehicle_interfaces.egg-info/top_level.txt
[1.183s] reading manifest file 'tidal_vehicle_interfaces.egg-info/SOURCES.txt'
[1.183s] writing manifest file 'tidal_vehicle_interfaces.egg-info/SOURCES.txt'
[1.240s] [  3%] Built target ament_cmake_python_build_tidal_vehicle_interfaces_egg
[1.314s] [ 23%] Built target tidal_vehicle_interfaces__rosidl_generator_c
[1.359s] [ 25%] Built target tidal_vehicle_interfaces__rs
[1.425s] [ 34%] Built target tidal_vehicle_interfaces__rosidl_typesupport_fastrtps_c
[1.484s] [ 43%] Built target tidal_vehicle_interfaces__rosidl_typesupport_fastrtps_cpp
[1.539s] [ 52%] Built target tidal_vehicle_interfaces__rosidl_typesupport_c
[1.610s] [ 61%] Built target tidal_vehicle_interfaces__rosidl_typesupport_introspection_c
[1.667s] [ 70%] Built target tidal_vehicle_interfaces__rosidl_typesupport_cpp
[1.751s] [ 80%] Built target tidal_vehicle_interfaces__rosidl_typesupport_introspection_cpp
[1.802s] [ 80%] Built target tidal_vehicle_interfaces
[1.866s] [ 81%] Built target tidal_vehicle_interfaces__py
[1.923s] [ 89%] Built target tidal_vehicle_interfaces__rosidl_generator_py
[1.981s] [ 92%] Built target tidal_vehicle_interfaces_s__rosidl_typesupport_fastrtps_c
[2.036s] [ 96%] Built target tidal_vehicle_interfaces_s__rosidl_typesupport_c
[2.087s] [100%] Built target tidal_vehicle_interfaces_s__rosidl_typesupport_introspection_c
[2.132s] Invoked command in '/home/tiffy/One-Wish-Coders/build/tidal_vehicle_interfaces' returned '0': CMAKE_PREFIX_PATH=${CMAKE_PREFIX_PATH}:/opt/ros/jazzy /usr/bin/cmake --build /home/tiffy/One-Wish-Coders/build/tidal_vehicle_interfaces -- -j14 -l14
[2.159s] Invoking command in '/home/tiffy/One-Wish-Coders/build/tidal_vehicle_interfaces': CMAKE_PREFIX_PATH=${CMAKE_PREFIX_PATH}:/opt/ros/jazzy /usr/bin/cmake --install /home/tiffy/One-Wish-Coders/build/tidal_vehicle_interfaces
[2.184s] -- Install configuration: ""
[2.186s] -- Execute custom install script
[2.187s] -- Up-to-date symlink: /home/tiffy/One-Wish-Coders/install/tidal_vehicle_interfaces/share/ament_index/resource_index/rosidl_interfaces/tidal_vehicle_interfaces
[2.187s] -- Up-to-date symlink: /home/tiffy/One-Wish-Coders/install/tidal_vehicle_interfaces/share/tidal_vehicle_interfaces/msg/SafetyStatus.json
[2.187s] -- Up-to-date symlink: /home/tiffy/One-Wish-Coders/install/tidal_vehicle_interfaces/share/tidal_vehicle_interfaces/msg/TerrainState.json
[2.190s] -- Up-to-date symlink: /home/tiffy/One-Wish-Coders/install/tidal_vehicle_interfaces/share/tidal_vehicle_interfaces/msg/VehicleHealth.json
[2.190s] -- Up-to-date symlink: /home/tiffy/One-Wish-Coders/install/tidal_vehicle_interfaces/include/tidal_vehicle_interfaces/tidal_vehicle_interfaces/msg/detail/safety_status__functions.h
[2.190s] -- Up-to-date symlink: /home/tiffy/One-Wish-Coders/install/tidal_vehicle_interfaces/include/tidal_vehicle_interfaces/tidal_vehicle_interfaces/msg/detail/safety_status__struct.h
[2.191s] -- Up-to-date symlink: /home/tiffy/One-Wish-Coders/install/tidal_vehicle_interfaces/include/tidal_vehicle_interfaces/tidal_vehicle_interfaces/msg/detail/safety_status__type_support.h
[2.191s] -- Up-to-date symlink: /home/tiffy/One-Wish-Coders/install/tidal_vehicle_interfaces/include/tidal_vehicle_interfaces/tidal_vehicle_interfaces/msg/detail/terrain_state__functions.h
[2.191s] -- Up-to-date symlink: /home/tiffy/One-Wish-Coders/install/tidal_vehicle_interfaces/include/tidal_vehicle_interfaces/tidal_vehicle_interfaces/msg/detail/terrain_state__struct.h
[2.191s] -- Up-to-date symlink: /home/tiffy/One-Wish-Coders/install/tidal_vehicle_interfaces/include/tidal_vehicle_interfaces/tidal_vehicle_interfaces/msg/detail/terrain_state__type_support.h
[2.194s] -- Up-to-date symlink: /home/tiffy/One-Wish-Coders/install/tidal_vehicle_interfaces/include/tidal_vehicle_interfaces/tidal_vehicle_interfaces/msg/detail/vehicle_health__functions.h
[2.195s] -- Up-to-date symlink: /home/tiffy/One-Wish-Coders/install/tidal_vehicle_interfaces/include/tidal_vehicle_interfaces/tidal_vehicle_interfaces/msg/detail/vehicle_health__struct.h
[2.195s] -- Up-to-date symlink: /home/tiffy/One-Wish-Coders/install/tidal_vehicle_interfaces/include/tidal_vehicle_interfaces/tidal_vehicle_interfaces/msg/detail/vehicle_health__type_support.h
[2.197s] -- Up-to-date symlink: /home/tiffy/One-Wish-Coders/install/tidal_vehicle_interfaces/include/tidal_vehicle_interfaces/tidal_vehicle_interfaces/msg/rosidl_generator_c__visibility_control.h
[2.198s] -- Up-to-date symlink: /home/tiffy/One-Wish-Coders/install/tidal_vehicle_interfaces/include/tidal_vehicle_interfaces/tidal_vehicle_interfaces/msg/safety_status.h
[2.198s] -- Up-to-date symlink: /home/tiffy/One-Wish-Coders/install/tidal_vehicle_interfaces/include/tidal_vehicle_interfaces/tidal_vehicle_interfaces/msg/terrain_state.h
[2.198s] -- Up-to-date symlink: /home/tiffy/One-Wish-Coders/install/tidal_vehicle_interfaces/include/tidal_vehicle_interfaces/tidal_vehicle_interfaces/msg/vehicle_health.h
[2.198s] -- Up-to-date symlink: /home/tiffy/One-Wish-Coders/install/tidal_vehicle_interfaces/share/tidal_vehicle_interfaces/environment/library_path.sh
[2.198s] -- Up-to-date symlink: /home/tiffy/One-Wish-Coders/install/tidal_vehicle_interfaces/share/tidal_vehicle_interfaces/environment/library_path.dsv
[2.198s] -- Up-to-date symlink: /home/tiffy/One-Wish-Coders/install/tidal_vehicle_interfaces/include/tidal_vehicle_interfaces/tidal_vehicle_interfaces/msg/detail/safety_status__rosidl_typesupport_fastrtps_c.h
[2.199s] -- Up-to-date symlink: /home/tiffy/One-Wish-Coders/install/tidal_vehicle_interfaces/include/tidal_vehicle_interfaces/tidal_vehicle_interfaces/msg/detail/terrain_state__rosidl_typesupport_fastrtps_c.h
[2.199s] -- Up-to-date symlink: /home/tiffy/One-Wish-Coders/install/tidal_vehicle_interfaces/include/tidal_vehicle_interfaces/tidal_vehicle_interfaces/msg/detail/vehicle_health__rosidl_typesupport_fastrtps_c.h
[2.199s] -- Up-to-date symlink: /home/tiffy/One-Wish-Coders/install/tidal_vehicle_interfaces/include/tidal_vehicle_interfaces/tidal_vehicle_interfaces/msg/rosidl_typesupport_fastrtps_c__visibility_control.h
[2.199s] -- Up-to-date symlink: /home/tiffy/One-Wish-Coders/install/tidal_vehicle_interfaces/include/tidal_vehicle_interfaces/tidal_vehicle_interfaces/msg/detail/safety_status__rosidl_typesupport_introspection_c.h
[2.199s] -- Up-to-date symlink: /home/tiffy/One-Wish-Coders/install/tidal_vehicle_interfaces/include/tidal_vehicle_interfaces/tidal_vehicle_interfaces/msg/detail/terrain_state__rosidl_typesupport_introspection_c.h
[2.199s] -- Up-to-date symlink: /home/tiffy/One-Wish-Coders/install/tidal_vehicle_interfaces/include/tidal_vehicle_interfaces/tidal_vehicle_interfaces/msg/detail/vehicle_health__rosidl_typesupport_introspection_c.h
[2.199s] -- Up-to-date symlink: /home/tiffy/One-Wish-Coders/install/tidal_vehicle_interfaces/include/tidal_vehicle_interfaces/tidal_vehicle_interfaces/msg/rosidl_typesupport_introspection_c__visibility_control.h
[2.200s] -- Up-to-date symlink: /home/tiffy/One-Wish-Coders/install/tidal_vehicle_interfaces/include/tidal_vehicle_interfaces/tidal_vehicle_interfaces/msg/detail/safety_status__builder.hpp
[2.202s] -- Up-to-date symlink: /home/tiffy/One-Wish-Coders/install/tidal_vehicle_interfaces/include/tidal_vehicle_interfaces/tidal_vehicle_interfaces/msg/detail/safety_status__struct.hpp
[2.203s] -- Up-to-date symlink: /home/tiffy/One-Wish-Coders/install/tidal_vehicle_interfaces/include/tidal_vehicle_interfaces/tidal_vehicle_interfaces/msg/detail/safety_status__traits.hpp
[2.203s] -- Up-to-date symlink: /home/tiffy/One-Wish-Coders/install/tidal_vehicle_interfaces/include/tidal_vehicle_interfaces/tidal_vehicle_interfaces/msg/detail/safety_status__type_support.hpp
[2.204s] -- Up-to-date symlink: /home/tiffy/One-Wish-Coders/install/tidal_vehicle_interfaces/include/tidal_vehicle_interfaces/tidal_vehicle_interfaces/msg/detail/terrain_state__builder.hpp
[2.204s] -- Up-to-date symlink: /home/tiffy/One-Wish-Coders/install/tidal_vehicle_interfaces/include/tidal_vehicle_interfaces/tidal_vehicle_interfaces/msg/detail/terrain_state__struct.hpp
[2.205s] -- Up-to-date symlink: /home/tiffy/One-Wish-Coders/install/tidal_vehicle_interfaces/include/tidal_vehicle_interfaces/tidal_vehicle_interfaces/msg/detail/terrain_state__traits.hpp
[2.206s] -- Up-to-date symlink: /home/tiffy/One-Wish-Coders/install/tidal_vehicle_interfaces/include/tidal_vehicle_interfaces/tidal_vehicle_interfaces/msg/detail/terrain_state__type_support.hpp
[2.206s] -- Up-to-date symlink: /home/tiffy/One-Wish-Coders/install/tidal_vehicle_interfaces/include/tidal_vehicle_interfaces/tidal_vehicle_interfaces/msg/detail/vehicle_health__builder.hpp
[2.206s] -- Up-to-date symlink: /home/tiffy/One-Wish-Coders/install/tidal_vehicle_interfaces/include/tidal_vehicle_interfaces/tidal_vehicle_interfaces/msg/detail/vehicle_health__struct.hpp
[2.206s] -- Up-to-date symlink: /home/tiffy/One-Wish-Coders/install/tidal_vehicle_interfaces/include/tidal_vehicle_interfaces/tidal_vehicle_interfaces/msg/detail/vehicle_health__traits.hpp
[2.206s] -- Up-to-date symlink: /home/tiffy/One-Wish-Coders/install/tidal_vehicle_interfaces/include/tidal_vehicle_interfaces/tidal_vehicle_interfaces/msg/detail/vehicle_health__type_support.hpp
[2.206s] -- Up-to-date symlink: /home/tiffy/One-Wish-Coders/install/tidal_vehicle_interfaces/include/tidal_vehicle_interfaces/tidal_vehicle_interfaces/msg/rosidl_generator_cpp__visibility_control.hpp
[2.207s] -- Up-to-date symlink: /home/tiffy/One-Wish-Coders/install/tidal_vehicle_interfaces/include/tidal_vehicle_interfaces/tidal_vehicle_interfaces/msg/safety_status.hpp
[2.207s] -- Up-to-date symlink: /home/tiffy/One-Wish-Coders/install/tidal_vehicle_interfaces/include/tidal_vehicle_interfaces/tidal_vehicle_interfaces/msg/terrain_state.hpp
[2.207s] -- Up-to-date symlink: /home/tiffy/One-Wish-Coders/install/tidal_vehicle_interfaces/include/tidal_vehicle_interfaces/tidal_vehicle_interfaces/msg/vehicle_health.hpp
[2.207s] -- Up-to-date symlink: /home/tiffy/One-Wish-Coders/install/tidal_vehicle_interfaces/include/tidal_vehicle_interfaces/tidal_vehicle_interfaces/msg/detail/safety_status__rosidl_typesupport_fastrtps_cpp.hpp
[2.208s] -- Up-to-date symlink: /home/tiffy/One-Wish-Coders/install/tidal_vehicle_interfaces/include/tidal_vehicle_interfaces/tidal_vehicle_interfaces/msg/detail/terrain_state__rosidl_typesupport_fastrtps_cpp.hpp
[2.209s] -- Up-to-date symlink: /home/tiffy/One-Wish-Coders/install/tidal_vehicle_interfaces/include/tidal_vehicle_interfaces/tidal_vehicle_interfaces/msg/detail/vehicle_health__rosidl_typesupport_fastrtps_cpp.hpp
[2.209s] -- Up-to-date symlink: /home/tiffy/One-Wish-Coders/install/tidal_vehicle_interfaces/include/tidal_vehicle_interfaces/tidal_vehicle_interfaces/msg/rosidl_typesupport_fastrtps_cpp__visibility_control.h
[2.210s] -- Up-to-date symlink: /home/tiffy/One-Wish-Coders/install/tidal_vehicle_interfaces/include/tidal_vehicle_interfaces/tidal_vehicle_interfaces/msg/detail/safety_status__rosidl_typesupport_introspection_cpp.hpp
[2.212s] -- Up-to-date symlink: /home/tiffy/One-Wish-Coders/install/tidal_vehicle_interfaces/include/tidal_vehicle_interfaces/tidal_vehicle_interfaces/msg/detail/terrain_state__rosidl_typesupport_introspection_cpp.hpp
[2.213s] -- Up-to-date symlink: /home/tiffy/One-Wish-Coders/install/tidal_vehicle_interfaces/include/tidal_vehicle_interfaces/tidal_vehicle_interfaces/msg/detail/vehicle_health__rosidl_typesupport_introspection_cpp.hpp
[2.214s] -- Up-to-date symlink: /home/tiffy/One-Wish-Coders/install/tidal_vehicle_interfaces/share/tidal_vehicle_interfaces/environment/pythonpath.sh
[2.214s] -- Up-to-date symlink: /home/tiffy/One-Wish-Coders/install/tidal_vehicle_interfaces/share/tidal_vehicle_interfaces/environment/pythonpath.dsv
[2.214s] -- Up-to-date symlink: /home/tiffy/One-Wish-Coders/install/tidal_vehicle_interfaces/lib/python3.12/site-packages/tidal_vehicle_interfaces-0.0.1-py3.12.egg-info/PKG-INFO
[2.214s] -- Up-to-date symlink: /home/tiffy/One-Wish-Coders/install/tidal_vehicle_interfaces/lib/python3.12/site-packages/tidal_vehicle_interfaces-0.0.1-py3.12.egg-info/SOURCES.txt
[2.214s] -- Up-to-date symlink: /home/tiffy/One-Wish-Coders/install/tidal_vehicle_interfaces/lib/python3.12/site-packages/tidal_vehicle_interfaces-0.0.1-py3.12.egg-info/dependency_links.txt
[2.215s] -- Up-to-date symlink: /home/tiffy/One-Wish-Coders/install/tidal_vehicle_interfaces/lib/python3.12/site-packages/tidal_vehicle_interfaces-0.0.1-py3.12.egg-info/top_level.txt
[2.215s] -- Up-to-date symlink: /home/tiffy/One-Wish-Coders/install/tidal_vehicle_interfaces/lib/python3.12/site-packages/tidal_vehicle_interfaces/__init__.py
[2.215s] -- Up-to-date symlink: /home/tiffy/One-Wish-Coders/install/tidal_vehicle_interfaces/lib/python3.12/site-packages/tidal_vehicle_interfaces/_tidal_vehicle_interfaces_s.ep.rosidl_typesupport_c.c
[2.215s] -- Up-to-date symlink: /home/tiffy/One-Wish-Coders/install/tidal_vehicle_interfaces/lib/python3.12/site-packages/tidal_vehicle_interfaces/_tidal_vehicle_interfaces_s.ep.rosidl_typesupport_fastrtps_c.c
[2.215s] -- Up-to-date symlink: /home/tiffy/One-Wish-Coders/install/tidal_vehicle_interfaces/lib/python3.12/site-packages/tidal_vehicle_interfaces/_tidal_vehicle_interfaces_s.ep.rosidl_typesupport_introspection_c.c
[2.216s] -- Up-to-date symlink: /home/tiffy/One-Wish-Coders/install/tidal_vehicle_interfaces/lib/python3.12/site-packages/tidal_vehicle_interfaces/msg/__init__.py
[2.216s] -- Up-to-date symlink: /home/tiffy/One-Wish-Coders/install/tidal_vehicle_interfaces/lib/python3.12/site-packages/tidal_vehicle_interfaces/msg/_safety_status.py
[2.216s] -- Up-to-date symlink: /home/tiffy/One-Wish-Coders/install/tidal_vehicle_interfaces/lib/python3.12/site-packages/tidal_vehicle_interfaces/msg/_safety_status_s.c
[2.217s] -- Up-to-date symlink: /home/tiffy/One-Wish-Coders/install/tidal_vehicle_interfaces/lib/python3.12/site-packages/tidal_vehicle_interfaces/msg/_terrain_state.py
[2.217s] -- Up-to-date symlink: /home/tiffy/One-Wish-Coders/install/tidal_vehicle_interfaces/lib/python3.12/site-packages/tidal_vehicle_interfaces/msg/_terrain_state_s.c
[2.218s] -- Up-to-date symlink: /home/tiffy/One-Wish-Coders/install/tidal_vehicle_interfaces/lib/python3.12/site-packages/tidal_vehicle_interfaces/msg/_vehicle_health.py
[2.218s] -- Up-to-date symlink: /home/tiffy/One-Wish-Coders/install/tidal_vehicle_interfaces/lib/python3.12/site-packages/tidal_vehicle_interfaces/msg/_vehicle_health_s.c
[2.218s] -- Up-to-date symlink: /home/tiffy/One-Wish-Coders/install/tidal_vehicle_interfaces/lib/python3.12/site-packages/tidal_vehicle_interfaces/tidal_vehicle_interfaces_s__rosidl_typesupport_c.so
[2.218s] -- Up-to-date symlink: /home/tiffy/One-Wish-Coders/install/tidal_vehicle_interfaces/lib/python3.12/site-packages/tidal_vehicle_interfaces/tidal_vehicle_interfaces_s__rosidl_typesupport_fastrtps_c.so
[2.218s] -- Up-to-date symlink: /home/tiffy/One-Wish-Coders/install/tidal_vehicle_interfaces/lib/python3.12/site-packages/tidal_vehicle_interfaces/tidal_vehicle_interfaces_s__rosidl_typesupport_introspection_c.so
[2.218s] -- Up-to-date symlink: /home/tiffy/One-Wish-Coders/install/tidal_vehicle_interfaces/lib/python3.12/site-packages/tidal_vehicle_interfaces/tidal_vehicle_interfaces_s__rosidl_typesupport_fastrtps_c.so
[2.218s] -- Up-to-date symlink: /home/tiffy/One-Wish-Coders/install/tidal_vehicle_interfaces/lib/python3.12/site-packages/tidal_vehicle_interfaces/tidal_vehicle_interfaces_s__rosidl_typesupport_introspection_c.so
[2.219s] -- Up-to-date symlink: /home/tiffy/One-Wish-Coders/install/tidal_vehicle_interfaces/lib/python3.12/site-packages/tidal_vehicle_interfaces/tidal_vehicle_interfaces_s__rosidl_typesupport_c.so
[2.220s] -- Up-to-date symlink: /home/tiffy/One-Wish-Coders/install/tidal_vehicle_interfaces/share/tidal_vehicle_interfaces/rust/Cargo.toml
[2.220s] -- Up-to-date symlink: /home/tiffy/One-Wish-Coders/install/tidal_vehicle_interfaces/share/tidal_vehicle_interfaces/rust/build.rs
[2.220s] -- Up-to-date symlink: /home/tiffy/One-Wish-Coders/install/tidal_vehicle_interfaces/share/tidal_vehicle_interfaces/rust/src/lib.rs
[2.220s] -- Up-to-date symlink: /home/tiffy/One-Wish-Coders/install/tidal_vehicle_interfaces/share/tidal_vehicle_interfaces/rust/src/msg.rs
[2.221s] -- Up-to-date symlink: /home/tiffy/One-Wish-Coders/install/tidal_vehicle_interfaces/share/tidal_vehicle_interfaces/rust/src/msg/rmw.rs
[2.221s] -- Up-to-date symlink: /home/tiffy/One-Wish-Coders/install/tidal_vehicle_interfaces/share/tidal_vehicle_interfaces/msg/SafetyStatus.idl
[2.221s] -- Up-to-date symlink: /home/tiffy/One-Wish-Coders/install/tidal_vehicle_interfaces/share/tidal_vehicle_interfaces/msg/TerrainState.idl
[2.221s] -- Up-to-date symlink: /home/tiffy/One-Wish-Coders/install/tidal_vehicle_interfaces/share/tidal_vehicle_interfaces/msg/VehicleHealth.idl
[2.221s] -- Up-to-date symlink: /home/tiffy/One-Wish-Coders/install/tidal_vehicle_interfaces/share/tidal_vehicle_interfaces/msg/SafetyStatus.msg
[2.222s] -- Up-to-date symlink: /home/tiffy/One-Wish-Coders/install/tidal_vehicle_interfaces/share/tidal_vehicle_interfaces/msg/TerrainState.msg
[2.222s] -- Up-to-date symlink: /home/tiffy/One-Wish-Coders/install/tidal_vehicle_interfaces/share/tidal_vehicle_interfaces/msg/VehicleHealth.msg
[2.222s] -- Up-to-date symlink: /home/tiffy/One-Wish-Coders/install/tidal_vehicle_interfaces/share/ament_index/resource_index/package_run_dependencies/tidal_vehicle_interfaces
[2.222s] -- Up-to-date symlink: /home/tiffy/One-Wish-Coders/install/tidal_vehicle_interfaces/share/ament_index/resource_index/parent_prefix_path/tidal_vehicle_interfaces
[2.223s] -- Up-to-date symlink: /home/tiffy/One-Wish-Coders/install/tidal_vehicle_interfaces/share/tidal_vehicle_interfaces/environment/ament_prefix_path.sh
[2.223s] -- Up-to-date symlink: /home/tiffy/One-Wish-Coders/install/tidal_vehicle_interfaces/share/tidal_vehicle_interfaces/environment/ament_prefix_path.dsv
[2.227s] -- Up-to-date symlink: /home/tiffy/One-Wish-Coders/install/tidal_vehicle_interfaces/share/tidal_vehicle_interfaces/environment/path.sh
[2.231s] -- Up-to-date symlink: /home/tiffy/One-Wish-Coders/install/tidal_vehicle_interfaces/share/tidal_vehicle_interfaces/environment/path.dsv
[2.231s] -- Up-to-date symlink: /home/tiffy/One-Wish-Coders/install/tidal_vehicle_interfaces/share/tidal_vehicle_interfaces/local_setup.bash
[2.231s] -- Up-to-date symlink: /home/tiffy/One-Wish-Coders/install/tidal_vehicle_interfaces/share/tidal_vehicle_interfaces/local_setup.sh
[2.231s] -- Up-to-date symlink: /home/tiffy/One-Wish-Coders/install/tidal_vehicle_interfaces/share/tidal_vehicle_interfaces/local_setup.zsh
[2.231s] -- Up-to-date symlink: /home/tiffy/One-Wish-Coders/install/tidal_vehicle_interfaces/share/tidal_vehicle_interfaces/local_setup.dsv
[2.232s] -- Symlinking: /home/tiffy/One-Wish-Coders/install/tidal_vehicle_interfaces/share/tidal_vehicle_interfaces/package.dsv
[2.252s] -- Up-to-date symlink: /home/tiffy/One-Wish-Coders/install/tidal_vehicle_interfaces/share/ament_index/resource_index/packages/tidal_vehicle_interfaces
[2.253s] -- Up-to-date symlink: /home/tiffy/One-Wish-Coders/install/tidal_vehicle_interfaces/share/tidal_vehicle_interfaces/cmake/rosidl_cmake-extras.cmake
[2.253s] -- Up-to-date symlink: /home/tiffy/One-Wish-Coders/install/tidal_vehicle_interfaces/share/tidal_vehicle_interfaces/cmake/ament_cmake_export_dependencies-extras.cmake
[2.253s] -- Up-to-date symlink: /home/tiffy/One-Wish-Coders/install/tidal_vehicle_interfaces/share/tidal_vehicle_interfaces/cmake/ament_cmake_export_include_directories-extras.cmake
[2.253s] -- Up-to-date symlink: /home/tiffy/One-Wish-Coders/install/tidal_vehicle_interfaces/share/tidal_vehicle_interfaces/cmake/ament_cmake_export_libraries-extras.cmake
[2.253s] -- Up-to-date symlink: /home/tiffy/One-Wish-Coders/install/tidal_vehicle_interfaces/share/tidal_vehicle_interfaces/cmake/ament_cmake_export_targets-extras.cmake
[2.253s] -- Up-to-date symlink: /home/tiffy/One-Wish-Coders/install/tidal_vehicle_interfaces/share/tidal_vehicle_interfaces/cmake/rosidl_cmake_export_typesupport_targets-extras.cmake
[2.253s] -- Up-to-date symlink: /home/tiffy/One-Wish-Coders/install/tidal_vehicle_interfaces/share/tidal_vehicle_interfaces/cmake/rosidl_cmake_export_typesupport_libraries-extras.cmake
[2.253s] -- Up-to-date symlink: /home/tiffy/One-Wish-Coders/install/tidal_vehicle_interfaces/share/tidal_vehicle_interfaces/cmake/rosidl_cmake_aggregate_target-extras.cmake
[2.254s] -- Up-to-date symlink: /home/tiffy/One-Wish-Coders/install/tidal_vehicle_interfaces/share/tidal_vehicle_interfaces/cmake/tidal_vehicle_interfacesConfig.cmake
[2.254s] -- Up-to-date symlink: /home/tiffy/One-Wish-Coders/install/tidal_vehicle_interfaces/share/tidal_vehicle_interfaces/cmake/tidal_vehicle_interfacesConfig-version.cmake
[2.258s] -- Up-to-date symlink: /home/tiffy/One-Wish-Coders/install/tidal_vehicle_interfaces/share/tidal_vehicle_interfaces/package.xml
[2.258s] -- Up-to-date: /home/tiffy/One-Wish-Coders/install/tidal_vehicle_interfaces/lib/libtidal_vehicle_interfaces__rosidl_generator_c.so
[2.259s] -- Up-to-date: /home/tiffy/One-Wish-Coders/install/tidal_vehicle_interfaces/lib/libtidal_vehicle_interfaces__rosidl_typesupport_fastrtps_c.so
[2.259s] -- Up-to-date: /home/tiffy/One-Wish-Coders/install/tidal_vehicle_interfaces/lib/libtidal_vehicle_interfaces__rosidl_typesupport_introspection_c.so
[2.259s] -- Up-to-date: /home/tiffy/One-Wish-Coders/install/tidal_vehicle_interfaces/lib/libtidal_vehicle_interfaces__rosidl_typesupport_c.so
[2.259s] -- Up-to-date: /home/tiffy/One-Wish-Coders/install/tidal_vehicle_interfaces/lib/libtidal_vehicle_interfaces__rosidl_typesupport_fastrtps_cpp.so
[2.259s] -- Up-to-date: /home/tiffy/One-Wish-Coders/install/tidal_vehicle_interfaces/lib/libtidal_vehicle_interfaces__rosidl_typesupport_introspection_cpp.so
[2.264s] -- Up-to-date: /home/tiffy/One-Wish-Coders/install/tidal_vehicle_interfaces/lib/libtidal_vehicle_interfaces__rosidl_typesupport_cpp.so
[2.350s] Listing '/home/tiffy/One-Wish-Coders/install/tidal_vehicle_interfaces/lib/python3.12/site-packages/tidal_vehicle_interfaces'...
[2.350s] Listing '/home/tiffy/One-Wish-Coders/install/tidal_vehicle_interfaces/lib/python3.12/site-packages/tidal_vehicle_interfaces/msg'...
[2.360s] -- Up-to-date: /home/tiffy/One-Wish-Coders/install/tidal_vehicle_interfaces/lib/libtidal_vehicle_interfaces__rosidl_generator_py.so
[2.379s] -- Up-to-date: /home/tiffy/One-Wish-Coders/install/tidal_vehicle_interfaces/share/tidal_vehicle_interfaces/cmake/export_tidal_vehicle_interfaces__rosidl_generator_cExport.cmake
[2.379s] -- Up-to-date: /home/tiffy/One-Wish-Coders/install/tidal_vehicle_interfaces/share/tidal_vehicle_interfaces/cmake/export_tidal_vehicle_interfaces__rosidl_generator_cExport-noconfig.cmake
[2.379s] -- Up-to-date: /home/tiffy/One-Wish-Coders/install/tidal_vehicle_interfaces/share/tidal_vehicle_interfaces/cmake/export_tidal_vehicle_interfaces__rosidl_typesupport_fastrtps_cExport.cmake
[2.380s] -- Up-to-date: /home/tiffy/One-Wish-Coders/install/tidal_vehicle_interfaces/share/tidal_vehicle_interfaces/cmake/export_tidal_vehicle_interfaces__rosidl_typesupport_fastrtps_cExport-noconfig.cmake
[2.380s] -- Up-to-date: /home/tiffy/One-Wish-Coders/install/tidal_vehicle_interfaces/share/tidal_vehicle_interfaces/cmake/tidal_vehicle_interfaces__rosidl_typesupport_introspection_cExport.cmake
[2.380s] -- Up-to-date: /home/tiffy/One-Wish-Coders/install/tidal_vehicle_interfaces/share/tidal_vehicle_interfaces/cmake/tidal_vehicle_interfaces__rosidl_typesupport_introspection_cExport-noconfig.cmake
[2.380s] -- Up-to-date: /home/tiffy/One-Wish-Coders/install/tidal_vehicle_interfaces/share/tidal_vehicle_interfaces/cmake/tidal_vehicle_interfaces__rosidl_typesupport_cExport.cmake
[2.380s] -- Up-to-date: /home/tiffy/One-Wish-Coders/install/tidal_vehicle_interfaces/share/tidal_vehicle_interfaces/cmake/tidal_vehicle_interfaces__rosidl_typesupport_cExport-noconfig.cmake
[2.381s] -- Up-to-date: /home/tiffy/One-Wish-Coders/install/tidal_vehicle_interfaces/share/tidal_vehicle_interfaces/cmake/export_tidal_vehicle_interfaces__rosidl_generator_cppExport.cmake
[2.381s] -- Up-to-date: /home/tiffy/One-Wish-Coders/install/tidal_vehicle_interfaces/share/tidal_vehicle_interfaces/cmake/export_tidal_vehicle_interfaces__rosidl_typesupport_fastrtps_cppExport.cmake
[2.381s] -- Up-to-date: /home/tiffy/One-Wish-Coders/install/tidal_vehicle_interfaces/share/tidal_vehicle_interfaces/cmake/export_tidal_vehicle_interfaces__rosidl_typesupport_fastrtps_cppExport-noconfig.cmake
[2.381s] -- Up-to-date: /home/tiffy/One-Wish-Coders/install/tidal_vehicle_interfaces/share/tidal_vehicle_interfaces/cmake/tidal_vehicle_interfaces__rosidl_typesupport_introspection_cppExport.cmake
[2.381s] -- Up-to-date: /home/tiffy/One-Wish-Coders/install/tidal_vehicle_interfaces/share/tidal_vehicle_interfaces/cmake/tidal_vehicle_interfaces__rosidl_typesupport_introspection_cppExport-noconfig.cmake
[2.381s] -- Up-to-date: /home/tiffy/One-Wish-Coders/install/tidal_vehicle_interfaces/share/tidal_vehicle_interfaces/cmake/tidal_vehicle_interfaces__rosidl_typesupport_cppExport.cmake
[2.381s] -- Up-to-date: /home/tiffy/One-Wish-Coders/install/tidal_vehicle_interfaces/share/tidal_vehicle_interfaces/cmake/tidal_vehicle_interfaces__rosidl_typesupport_cppExport-noconfig.cmake
[2.381s] -- Up-to-date: /home/tiffy/One-Wish-Coders/install/tidal_vehicle_interfaces/share/tidal_vehicle_interfaces/cmake/export_tidal_vehicle_interfaces__rosidl_generator_pyExport.cmake
[2.381s] -- Up-to-date: /home/tiffy/One-Wish-Coders/install/tidal_vehicle_interfaces/share/tidal_vehicle_interfaces/cmake/export_tidal_vehicle_interfaces__rosidl_generator_pyExport-noconfig.cmake
[2.382s] Invoked command in '/home/tiffy/One-Wish-Coders/build/tidal_vehicle_interfaces' returned '0': CMAKE_PREFIX_PATH=${CMAKE_PREFIX_PATH}:/opt/ros/jazzy /usr/bin/cmake --install /home/tiffy/One-Wish-Coders/build/tidal_vehicle_interfaces
