[0.025s] Invoking command in '/home/tiffy/One-Wish-Coders/build/tidal_vehicle_interfaces': CMAKE_PREFIX_PATH=${CMAKE_PREFIX_PATH}:/opt/ros/jazzy /usr/bin/cmake --build /home/tiffy/One-Wish-Coders/build/tidal_vehicle_interfaces -- -j14 -l14
[0.202s] [  1%] Built target tidal_vehicle_interfaces__rosidl_generator_type_description
[0.294s] [  1%] Built target ament_cmake_python_symlink_tidal_vehicle_interfaces
[0.351s] [  3%] Built target tidal_vehicle_interfaces__cpp
[1.031s] running egg_info
[1.079s] writing tidal_vehicle_interfaces.egg-info/PKG-INFO
[1.079s] writing dependency_links to tidal_vehicle_interfaces.egg-info/dependency_links.txt
[1.079s] writing top-level names to tidal_vehicle_interfaces.egg-info/top_level.txt
[1.220s] reading manifest file 'tidal_vehicle_interfaces.egg-info/SOURCES.txt'
[1.227s] writing manifest file 'tidal_vehicle_interfaces.egg-info/SOURCES.txt'
[1.326s] [  3%] Built target ament_cmake_python_build_tidal_vehicle_interfaces_egg
[1.415s] [ 23%] Built target tidal_vehicle_interfaces__rosidl_generator_c
[1.487s] [ 25%] Built target tidal_vehicle_interfaces__rs
[1.548s] [ 34%] Built target tidal_vehicle_interfaces__rosidl_typesupport_fastrtps_c
[1.626s] [ 43%] Built target tidal_vehicle_interfaces__rosidl_typesupport_fastrtps_cpp
[1.684s] [ 52%] Built target tidal_vehicle_interfaces__rosidl_typesupport_c
[1.750s] [ 61%] Built target tidal_vehicle_interfaces__rosidl_typesupport_introspection_c
[1.839s] [ 70%] Built target tidal_vehicle_interfaces__rosidl_typesupport_cpp
[1.937s] [ 80%] Built target tidal_vehicle_interfaces__rosidl_typesupport_introspection_cpp
[2.018s] [ 80%] Built target tidal_vehicle_interfaces
[2.085s] [ 81%] Built target tidal_vehicle_interfaces__py
[2.164s] [ 89%] Built target tidal_vehicle_interfaces__rosidl_generator_py
[2.215s] [ 92%] Built target tidal_vehicle_interfaces_s__rosidl_typesupport_fastrtps_c
[2.279s] [ 96%] Built target tidal_vehicle_interfaces_s__rosidl_typesupport_c
[2.372s] [100%] Built target tidal_vehicle_interfaces_s__rosidl_typesupport_introspection_c
[2.407s] Invoked command in '/home/tiffy/One-Wish-Coders/build/tidal_vehicle_interfaces' returned '0': CMAKE_PREFIX_PATH=${CMAKE_PREFIX_PATH}:/opt/ros/jazzy /usr/bin/cmake --build /home/tiffy/One-Wish-Coders/build/tidal_vehicle_interfaces -- -j14 -l14
[2.454s] Invoking command in '/home/tiffy/One-Wish-Coders/build/tidal_vehicle_interfaces': CMAKE_PREFIX_PATH=${CMAKE_PREFIX_PATH}:/opt/ros/jazzy /usr/bin/cmake --install /home/tiffy/One-Wish-Coders/build/tidal_vehicle_interfaces
[2.475s] -- Install configuration: ""
[2.476s] -- Execute custom install script
[2.477s] -- Up-to-date symlink: /home/tiffy/One-Wish-Coders/install/tidal_vehicle_interfaces/share/ament_index/resource_index/rosidl_interfaces/tidal_vehicle_interfaces
[2.477s] -- Up-to-date symlink: /home/tiffy/One-Wish-Coders/install/tidal_vehicle_interfaces/share/tidal_vehicle_interfaces/msg/SafetyStatus.json
[2.478s] -- Up-to-date symlink: /home/tiffy/One-Wish-Coders/install/tidal_vehicle_interfaces/share/tidal_vehicle_interfaces/msg/TerrainState.json
[2.478s] -- Up-to-date symlink: /home/tiffy/One-Wish-Coders/install/tidal_vehicle_interfaces/share/tidal_vehicle_interfaces/msg/VehicleHealth.json
[2.480s] -- Up-to-date symlink: /home/tiffy/One-Wish-Coders/install/tidal_vehicle_interfaces/include/tidal_vehicle_interfaces/tidal_vehicle_interfaces/msg/detail/safety_status__functions.h
[2.481s] -- Up-to-date symlink: /home/tiffy/One-Wish-Coders/install/tidal_vehicle_interfaces/include/tidal_vehicle_interfaces/tidal_vehicle_interfaces/msg/detail/safety_status__struct.h
[2.482s] -- Up-to-date symlink: /home/tiffy/One-Wish-Coders/install/tidal_vehicle_interfaces/include/tidal_vehicle_interfaces/tidal_vehicle_interfaces/msg/detail/safety_status__type_support.h
[2.483s] -- Up-to-date symlink: /home/tiffy/One-Wish-Coders/install/tidal_vehicle_interfaces/include/tidal_vehicle_interfaces/tidal_vehicle_interfaces/msg/detail/terrain_state__functions.h
[2.483s] -- Up-to-date symlink: /home/tiffy/One-Wish-Coders/install/tidal_vehicle_interfaces/include/tidal_vehicle_interfaces/tidal_vehicle_interfaces/msg/detail/terrain_state__struct.h
[2.484s] -- Up-to-date symlink: /home/tiffy/One-Wish-Coders/install/tidal_vehicle_interfaces/include/tidal_vehicle_interfaces/tidal_vehicle_interfaces/msg/detail/terrain_state__type_support.h
[2.485s] -- Up-to-date symlink: /home/tiffy/One-Wish-Coders/install/tidal_vehicle_interfaces/include/tidal_vehicle_interfaces/tidal_vehicle_interfaces/msg/detail/vehicle_health__functions.h
[2.487s] -- Up-to-date symlink: /home/tiffy/One-Wish-Coders/install/tidal_vehicle_interfaces/include/tidal_vehicle_interfaces/tidal_vehicle_interfaces/msg/detail/vehicle_health__struct.h
[2.487s] -- Up-to-date symlink: /home/tiffy/One-Wish-Coders/install/tidal_vehicle_interfaces/include/tidal_vehicle_interfaces/tidal_vehicle_interfaces/msg/detail/vehicle_health__type_support.h
[2.487s] -- Up-to-date symlink: /home/tiffy/One-Wish-Coders/install/tidal_vehicle_interfaces/include/tidal_vehicle_interfaces/tidal_vehicle_interfaces/msg/rosidl_generator_c__visibility_control.h
[2.487s] -- Up-to-date symlink: /home/tiffy/One-Wish-Coders/install/tidal_vehicle_interfaces/include/tidal_vehicle_interfaces/tidal_vehicle_interfaces/msg/safety_status.h
[2.487s] -- Up-to-date symlink: /home/tiffy/One-Wish-Coders/install/tidal_vehicle_interfaces/include/tidal_vehicle_interfaces/tidal_vehicle_interfaces/msg/terrain_state.h
[2.488s] -- Up-to-date symlink: /home/tiffy/One-Wish-Coders/install/tidal_vehicle_interfaces/include/tidal_vehicle_interfaces/tidal_vehicle_interfaces/msg/vehicle_health.h
[2.488s] -- Up-to-date symlink: /home/tiffy/One-Wish-Coders/install/tidal_vehicle_interfaces/share/tidal_vehicle_interfaces/environment/library_path.sh
[2.488s] -- Up-to-date symlink: /home/tiffy/One-Wish-Coders/install/tidal_vehicle_interfaces/share/tidal_vehicle_interfaces/environment/library_path.dsv
[2.488s] -- Up-to-date symlink: /home/tiffy/One-Wish-Coders/install/tidal_vehicle_interfaces/include/tidal_vehicle_interfaces/tidal_vehicle_interfaces/msg/detail/safety_status__rosidl_typesupport_fastrtps_c.h
[2.488s] -- Up-to-date symlink: /home/tiffy/One-Wish-Coders/install/tidal_vehicle_interfaces/include/tidal_vehicle_interfaces/tidal_vehicle_interfaces/msg/detail/terrain_state__rosidl_typesupport_fastrtps_c.h
[2.489s] -- Up-to-date symlink: /home/tiffy/One-Wish-Coders/install/tidal_vehicle_interfaces/include/tidal_vehicle_interfaces/tidal_vehicle_interfaces/msg/detail/vehicle_health__rosidl_typesupport_fastrtps_c.h
[2.489s] -- Up-to-date symlink: /home/tiffy/One-Wish-Coders/install/tidal_vehicle_interfaces/include/tidal_vehicle_interfaces/tidal_vehicle_interfaces/msg/rosidl_typesupport_fastrtps_c__visibility_control.h
[2.491s] -- Up-to-date symlink: /home/tiffy/One-Wish-Coders/install/tidal_vehicle_interfaces/include/tidal_vehicle_interfaces/tidal_vehicle_interfaces/msg/detail/safety_status__rosidl_typesupport_introspection_c.h
[2.491s] -- Up-to-date symlink: /home/tiffy/One-Wish-Coders/install/tidal_vehicle_interfaces/include/tidal_vehicle_interfaces/tidal_vehicle_interfaces/msg/detail/terrain_state__rosidl_typesupport_introspection_c.h
[2.492s] -- Up-to-date symlink: /home/tiffy/One-Wish-Coders/install/tidal_vehicle_interfaces/include/tidal_vehicle_interfaces/tidal_vehicle_interfaces/msg/detail/vehicle_health__rosidl_typesupport_introspection_c.h
[2.493s] -- Up-to-date symlink: /home/tiffy/One-Wish-Coders/install/tidal_vehicle_interfaces/include/tidal_vehicle_interfaces/tidal_vehicle_interfaces/msg/rosidl_typesupport_introspection_c__visibility_control.h
[2.493s] -- Up-to-date symlink: /home/tiffy/One-Wish-Coders/install/tidal_vehicle_interfaces/include/tidal_vehicle_interfaces/tidal_vehicle_interfaces/msg/detail/safety_status__builder.hpp
[2.495s] -- Up-to-date symlink: /home/tiffy/One-Wish-Coders/install/tidal_vehicle_interfaces/include/tidal_vehicle_interfaces/tidal_vehicle_interfaces/msg/detail/safety_status__struct.hpp
[2.498s] -- Up-to-date symlink: /home/tiffy/One-Wish-Coders/install/tidal_vehicle_interfaces/include/tidal_vehicle_interfaces/tidal_vehicle_interfaces/msg/detail/safety_status__traits.hpp
[2.498s] -- Up-to-date symlink: /home/tiffy/One-Wish-Coders/install/tidal_vehicle_interfaces/include/tidal_vehicle_interfaces/tidal_vehicle_interfaces/msg/detail/safety_status__type_support.hpp
[2.498s] -- Up-to-date symlink: /home/tiffy/One-Wish-Coders/install/tidal_vehicle_interfaces/include/tidal_vehicle_interfaces/tidal_vehicle_interfaces/msg/detail/terrain_state__builder.hpp
[2.498s] -- Up-to-date symlink: /home/tiffy/One-Wish-Coders/install/tidal_vehicle_interfaces/include/tidal_vehicle_interfaces/tidal_vehicle_interfaces/msg/detail/terrain_state__struct.hpp
[2.498s] -- Up-to-date symlink: /home/tiffy/One-Wish-Coders/install/tidal_vehicle_interfaces/include/tidal_vehicle_interfaces/tidal_vehicle_interfaces/msg/detail/terrain_state__traits.hpp
[2.498s] -- Up-to-date symlink: /home/tiffy/One-Wish-Coders/install/tidal_vehicle_interfaces/include/tidal_vehicle_interfaces/tidal_vehicle_interfaces/msg/detail/terrain_state__type_support.hpp
[2.498s] -- Up-to-date symlink: /home/tiffy/One-Wish-Coders/install/tidal_vehicle_interfaces/include/tidal_vehicle_interfaces/tidal_vehicle_interfaces/msg/detail/vehicle_health__builder.hpp
[2.498s] -- Up-to-date symlink: /home/tiffy/One-Wish-Coders/install/tidal_vehicle_interfaces/include/tidal_vehicle_interfaces/tidal_vehicle_interfaces/msg/detail/vehicle_health__struct.hpp
[2.499s] -- Up-to-date symlink: /home/tiffy/One-Wish-Coders/install/tidal_vehicle_interfaces/include/tidal_vehicle_interfaces/tidal_vehicle_interfaces/msg/detail/vehicle_health__traits.hpp
[2.499s] -- Up-to-date symlink: /home/tiffy/One-Wish-Coders/install/tidal_vehicle_interfaces/include/tidal_vehicle_interfaces/tidal_vehicle_interfaces/msg/detail/vehicle_health__type_support.hpp
[2.499s] -- Up-to-date symlink: /home/tiffy/One-Wish-Coders/install/tidal_vehicle_interfaces/include/tidal_vehicle_interfaces/tidal_vehicle_interfaces/msg/rosidl_generator_cpp__visibility_control.hpp
[2.499s] -- Up-to-date symlink: /home/tiffy/One-Wish-Coders/install/tidal_vehicle_interfaces/include/tidal_vehicle_interfaces/tidal_vehicle_interfaces/msg/safety_status.hpp
[2.499s] -- Up-to-date symlink: /home/tiffy/One-Wish-Coders/install/tidal_vehicle_interfaces/include/tidal_vehicle_interfaces/tidal_vehicle_interfaces/msg/terrain_state.hpp
[2.499s] -- Up-to-date symlink: /home/tiffy/One-Wish-Coders/install/tidal_vehicle_interfaces/include/tidal_vehicle_interfaces/tidal_vehicle_interfaces/msg/vehicle_health.hpp
[2.499s] -- Up-to-date symlink: /home/tiffy/One-Wish-Coders/install/tidal_vehicle_interfaces/include/tidal_vehicle_interfaces/tidal_vehicle_interfaces/msg/detail/safety_status__rosidl_typesupport_fastrtps_cpp.hpp
[2.499s] -- Up-to-date symlink: /home/tiffy/One-Wish-Coders/install/tidal_vehicle_interfaces/include/tidal_vehicle_interfaces/tidal_vehicle_interfaces/msg/detail/terrain_state__rosidl_typesupport_fastrtps_cpp.hpp
[2.499s] -- Up-to-date symlink: /home/tiffy/One-Wish-Coders/install/tidal_vehicle_interfaces/include/tidal_vehicle_interfaces/tidal_vehicle_interfaces/msg/detail/vehicle_health__rosidl_typesupport_fastrtps_cpp.hpp
[2.499s] -- Up-to-date symlink: /home/tiffy/One-Wish-Coders/install/tidal_vehicle_interfaces/include/tidal_vehicle_interfaces/tidal_vehicle_interfaces/msg/rosidl_typesupport_fastrtps_cpp__visibility_control.h
[2.499s] -- Up-to-date symlink: /home/tiffy/One-Wish-Coders/install/tidal_vehicle_interfaces/include/tidal_vehicle_interfaces/tidal_vehicle_interfaces/msg/detail/safety_status__rosidl_typesupport_introspection_cpp.hpp
[2.502s] -- Up-to-date symlink: /home/tiffy/One-Wish-Coders/install/tidal_vehicle_interfaces/include/tidal_vehicle_interfaces/tidal_vehicle_interfaces/msg/detail/terrain_state__rosidl_typesupport_introspection_cpp.hpp
[2.503s] -- Up-to-date symlink: /home/tiffy/One-Wish-Coders/install/tidal_vehicle_interfaces/include/tidal_vehicle_interfaces/tidal_vehicle_interfaces/msg/detail/vehicle_health__rosidl_typesupport_introspection_cpp.hpp
[2.503s] -- Up-to-date symlink: /home/tiffy/One-Wish-Coders/install/tidal_vehicle_interfaces/share/tidal_vehicle_interfaces/environment/pythonpath.sh
[2.503s] -- Up-to-date symlink: /home/tiffy/One-Wish-Coders/install/tidal_vehicle_interfaces/share/tidal_vehicle_interfaces/environment/pythonpath.dsv
[2.503s] -- Up-to-date symlink: /home/tiffy/One-Wish-Coders/install/tidal_vehicle_interfaces/lib/python3.12/site-packages/tidal_vehicle_interfaces-0.0.1-py3.12.egg-info/PKG-INFO
[2.504s] -- Up-to-date symlink: /home/tiffy/One-Wish-Coders/install/tidal_vehicle_interfaces/lib/python3.12/site-packages/tidal_vehicle_interfaces-0.0.1-py3.12.egg-info/SOURCES.txt
[2.504s] -- Up-to-date symlink: /home/tiffy/One-Wish-Coders/install/tidal_vehicle_interfaces/lib/python3.12/site-packages/tidal_vehicle_interfaces-0.0.1-py3.12.egg-info/dependency_links.txt
[2.504s] -- Up-to-date symlink: /home/tiffy/One-Wish-Coders/install/tidal_vehicle_interfaces/lib/python3.12/site-packages/tidal_vehicle_interfaces-0.0.1-py3.12.egg-info/top_level.txt
[2.505s] -- Up-to-date symlink: /home/tiffy/One-Wish-Coders/install/tidal_vehicle_interfaces/lib/python3.12/site-packages/tidal_vehicle_interfaces/__init__.py
[2.505s] -- Up-to-date symlink: /home/tiffy/One-Wish-Coders/install/tidal_vehicle_interfaces/lib/python3.12/site-packages/tidal_vehicle_interfaces/_tidal_vehicle_interfaces_s.ep.rosidl_typesupport_c.c
[2.505s] -- Up-to-date symlink: /home/tiffy/One-Wish-Coders/install/tidal_vehicle_interfaces/lib/python3.12/site-packages/tidal_vehicle_interfaces/_tidal_vehicle_interfaces_s.ep.rosidl_typesupport_fastrtps_c.c
[2.516s] -- Up-to-date symlink: /home/tiffy/One-Wish-Coders/install/tidal_vehicle_interfaces/lib/python3.12/site-packages/tidal_vehicle_interfaces/_tidal_vehicle_interfaces_s.ep.rosidl_typesupport_introspection_c.c
[2.516s] -- Up-to-date symlink: /home/tiffy/One-Wish-Coders/install/tidal_vehicle_interfaces/lib/python3.12/site-packages/tidal_vehicle_interfaces/msg/__init__.py
[2.516s] -- Up-to-date symlink: /home/tiffy/One-Wish-Coders/install/tidal_vehicle_interfaces/lib/python3.12/site-packages/tidal_vehicle_interfaces/msg/_safety_status.py
[2.516s] -- Up-to-date symlink: /home/tiffy/One-Wish-Coders/install/tidal_vehicle_interfaces/lib/python3.12/site-packages/tidal_vehicle_interfaces/msg/_safety_status_s.c
[2.517s] -- Up-to-date symlink: /home/tiffy/One-Wish-Coders/install/tidal_vehicle_interfaces/lib/python3.12/site-packages/tidal_vehicle_interfaces/msg/_terrain_state.py
[2.517s] -- Up-to-date symlink: /home/tiffy/One-Wish-Coders/install/tidal_vehicle_interfaces/lib/python3.12/site-packages/tidal_vehicle_interfaces/msg/_terrain_state_s.c
[2.517s] -- Up-to-date symlink: /home/tiffy/One-Wish-Coders/install/tidal_vehicle_interfaces/lib/python3.12/site-packages/tidal_vehicle_interfaces/msg/_vehicle_health.py
[2.517s] -- Up-to-date symlink: /home/tiffy/One-Wish-Coders/install/tidal_vehicle_interfaces/lib/python3.12/site-packages/tidal_vehicle_interfaces/msg/_vehicle_health_s.c
[2.517s] -- Up-to-date symlink: /home/tiffy/One-Wish-Coders/install/tidal_vehicle_interfaces/lib/python3.12/site-packages/tidal_vehicle_interfaces/tidal_vehicle_interfaces_s__rosidl_typesupport_c.so
[2.517s] -- Up-to-date symlink: /home/tiffy/One-Wish-Coders/install/tidal_vehicle_interfaces/lib/python3.12/site-packages/tidal_vehicle_interfaces/tidal_vehicle_interfaces_s__rosidl_typesupport_fastrtps_c.so
[2.517s] -- Up-to-date symlink: /home/tiffy/One-Wish-Coders/install/tidal_vehicle_interfaces/lib/python3.12/site-packages/tidal_vehicle_interfaces/tidal_vehicle_interfaces_s__rosidl_typesupport_introspection_c.so
[2.517s] -- Up-to-date symlink: /home/tiffy/One-Wish-Coders/install/tidal_vehicle_interfaces/lib/python3.12/site-packages/tidal_vehicle_interfaces/tidal_vehicle_interfaces_s__rosidl_typesupport_fastrtps_c.so
[2.518s] -- Up-to-date symlink: /home/tiffy/One-Wish-Coders/install/tidal_vehicle_interfaces/lib/python3.12/site-packages/tidal_vehicle_interfaces/tidal_vehicle_interfaces_s__rosidl_typesupport_introspection_c.so
[2.518s] -- Up-to-date symlink: /home/tiffy/One-Wish-Coders/install/tidal_vehicle_interfaces/lib/python3.12/site-packages/tidal_vehicle_interfaces/tidal_vehicle_interfaces_s__rosidl_typesupport_c.so
[2.518s] -- Up-to-date symlink: /home/tiffy/One-Wish-Coders/install/tidal_vehicle_interfaces/share/tidal_vehicle_interfaces/rust/Cargo.toml
[2.518s] -- Up-to-date symlink: /home/tiffy/One-Wish-Coders/install/tidal_vehicle_interfaces/share/tidal_vehicle_interfaces/rust/build.rs
[2.518s] -- Up-to-date symlink: /home/tiffy/One-Wish-Coders/install/tidal_vehicle_interfaces/share/tidal_vehicle_interfaces/rust/src/lib.rs
[2.518s] -- Up-to-date symlink: /home/tiffy/One-Wish-Coders/install/tidal_vehicle_interfaces/share/tidal_vehicle_interfaces/rust/src/msg.rs
[2.518s] -- Up-to-date symlink: /home/tiffy/One-Wish-Coders/install/tidal_vehicle_interfaces/share/tidal_vehicle_interfaces/rust/src/msg/rmw.rs
[2.519s] -- Up-to-date symlink: /home/tiffy/One-Wish-Coders/install/tidal_vehicle_interfaces/share/tidal_vehicle_interfaces/msg/SafetyStatus.idl
[2.519s] -- Up-to-date symlink: /home/tiffy/One-Wish-Coders/install/tidal_vehicle_interfaces/share/tidal_vehicle_interfaces/msg/TerrainState.idl
[2.519s] -- Up-to-date symlink: /home/tiffy/One-Wish-Coders/install/tidal_vehicle_interfaces/share/tidal_vehicle_interfaces/msg/VehicleHealth.idl
[2.519s] -- Up-to-date symlink: /home/tiffy/One-Wish-Coders/install/tidal_vehicle_interfaces/share/tidal_vehicle_interfaces/msg/SafetyStatus.msg
[2.519s] -- Up-to-date symlink: /home/tiffy/One-Wish-Coders/install/tidal_vehicle_interfaces/share/tidal_vehicle_interfaces/msg/TerrainState.msg
[2.519s] -- Up-to-date symlink: /home/tiffy/One-Wish-Coders/install/tidal_vehicle_interfaces/share/tidal_vehicle_interfaces/msg/VehicleHealth.msg
[2.519s] -- Up-to-date symlink: /home/tiffy/One-Wish-Coders/install/tidal_vehicle_interfaces/share/ament_index/resource_index/package_run_dependencies/tidal_vehicle_interfaces
[2.520s] -- Up-to-date symlink: /home/tiffy/One-Wish-Coders/install/tidal_vehicle_interfaces/share/ament_index/resource_index/parent_prefix_path/tidal_vehicle_interfaces
[2.520s] -- Up-to-date symlink: /home/tiffy/One-Wish-Coders/install/tidal_vehicle_interfaces/share/tidal_vehicle_interfaces/environment/ament_prefix_path.sh
[2.520s] -- Up-to-date symlink: /home/tiffy/One-Wish-Coders/install/tidal_vehicle_interfaces/share/tidal_vehicle_interfaces/environment/ament_prefix_path.dsv
[2.520s] -- Up-to-date symlink: /home/tiffy/One-Wish-Coders/install/tidal_vehicle_interfaces/share/tidal_vehicle_interfaces/environment/path.sh
[2.520s] -- Up-to-date symlink: /home/tiffy/One-Wish-Coders/install/tidal_vehicle_interfaces/share/tidal_vehicle_interfaces/environment/path.dsv
[2.520s] -- Up-to-date symlink: /home/tiffy/One-Wish-Coders/install/tidal_vehicle_interfaces/share/tidal_vehicle_interfaces/local_setup.bash
[2.521s] -- Up-to-date symlink: /home/tiffy/One-Wish-Coders/install/tidal_vehicle_interfaces/share/tidal_vehicle_interfaces/local_setup.sh
[2.521s] -- Up-to-date symlink: /home/tiffy/One-Wish-Coders/install/tidal_vehicle_interfaces/share/tidal_vehicle_interfaces/local_setup.zsh
[2.521s] -- Up-to-date symlink: /home/tiffy/One-Wish-Coders/install/tidal_vehicle_interfaces/share/tidal_vehicle_interfaces/local_setup.dsv
[2.521s] -- Symlinking: /home/tiffy/One-Wish-Coders/install/tidal_vehicle_interfaces/share/tidal_vehicle_interfaces/package.dsv
[2.543s] -- Up-to-date symlink: /home/tiffy/One-Wish-Coders/install/tidal_vehicle_interfaces/share/ament_index/resource_index/packages/tidal_vehicle_interfaces
[2.543s] -- Up-to-date symlink: /home/tiffy/One-Wish-Coders/install/tidal_vehicle_interfaces/share/tidal_vehicle_interfaces/cmake/rosidl_cmake-extras.cmake
[2.543s] -- Up-to-date symlink: /home/tiffy/One-Wish-Coders/install/tidal_vehicle_interfaces/share/tidal_vehicle_interfaces/cmake/ament_cmake_export_dependencies-extras.cmake
[2.543s] -- Up-to-date symlink: /home/tiffy/One-Wish-Coders/install/tidal_vehicle_interfaces/share/tidal_vehicle_interfaces/cmake/ament_cmake_export_include_directories-extras.cmake
[2.553s] -- Up-to-date symlink: /home/tiffy/One-Wish-Coders/install/tidal_vehicle_interfaces/share/tidal_vehicle_interfaces/cmake/ament_cmake_export_libraries-extras.cmake
[2.559s] -- Up-to-date symlink: /home/tiffy/One-Wish-Coders/install/tidal_vehicle_interfaces/share/tidal_vehicle_interfaces/cmake/ament_cmake_export_targets-extras.cmake
[2.559s] -- Up-to-date symlink: /home/tiffy/One-Wish-Coders/install/tidal_vehicle_interfaces/share/tidal_vehicle_interfaces/cmake/rosidl_cmake_export_typesupport_targets-extras.cmake
[2.559s] -- Up-to-date symlink: /home/tiffy/One-Wish-Coders/install/tidal_vehicle_interfaces/share/tidal_vehicle_interfaces/cmake/rosidl_cmake_export_typesupport_libraries-extras.cmake
[2.559s] -- Up-to-date symlink: /home/tiffy/One-Wish-Coders/install/tidal_vehicle_interfaces/share/tidal_vehicle_interfaces/cmake/rosidl_cmake_aggregate_target-extras.cmake
[2.559s] -- Up-to-date symlink: /home/tiffy/One-Wish-Coders/install/tidal_vehicle_interfaces/share/tidal_vehicle_interfaces/cmake/tidal_vehicle_interfacesConfig.cmake
[2.559s] -- Up-to-date symlink: /home/tiffy/One-Wish-Coders/install/tidal_vehicle_interfaces/share/tidal_vehicle_interfaces/cmake/tidal_vehicle_interfacesConfig-version.cmake
[2.560s] -- Up-to-date symlink: /home/tiffy/One-Wish-Coders/install/tidal_vehicle_interfaces/share/tidal_vehicle_interfaces/package.xml
[2.560s] -- Up-to-date: /home/tiffy/One-Wish-Coders/install/tidal_vehicle_interfaces/lib/libtidal_vehicle_interfaces__rosidl_generator_c.so
[2.560s] -- Up-to-date: /home/tiffy/One-Wish-Coders/install/tidal_vehicle_interfaces/lib/libtidal_vehicle_interfaces__rosidl_typesupport_fastrtps_c.so
[2.560s] -- Up-to-date: /home/tiffy/One-Wish-Coders/install/tidal_vehicle_interfaces/lib/libtidal_vehicle_interfaces__rosidl_typesupport_introspection_c.so
[2.560s] -- Up-to-date: /home/tiffy/One-Wish-Coders/install/tidal_vehicle_interfaces/lib/libtidal_vehicle_interfaces__rosidl_typesupport_c.so
[2.560s] -- Up-to-date: /home/tiffy/One-Wish-Coders/install/tidal_vehicle_interfaces/lib/libtidal_vehicle_interfaces__rosidl_typesupport_fastrtps_cpp.so
[2.561s] -- Up-to-date: /home/tiffy/One-Wish-Coders/install/tidal_vehicle_interfaces/lib/libtidal_vehicle_interfaces__rosidl_typesupport_introspection_cpp.so
[2.564s] -- Up-to-date: /home/tiffy/One-Wish-Coders/install/tidal_vehicle_interfaces/lib/libtidal_vehicle_interfaces__rosidl_typesupport_cpp.so
[2.693s] Listing '/home/tiffy/One-Wish-Coders/install/tidal_vehicle_interfaces/lib/python3.12/site-packages/tidal_vehicle_interfaces'...
[2.693s] Listing '/home/tiffy/One-Wish-Coders/install/tidal_vehicle_interfaces/lib/python3.12/site-packages/tidal_vehicle_interfaces/msg'...
[2.705s] -- Up-to-date: /home/tiffy/One-Wish-Coders/install/tidal_vehicle_interfaces/lib/libtidal_vehicle_interfaces__rosidl_generator_py.so
[2.713s] -- Up-to-date: /home/tiffy/One-Wish-Coders/install/tidal_vehicle_interfaces/share/tidal_vehicle_interfaces/cmake/export_tidal_vehicle_interfaces__rosidl_generator_cExport.cmake
[2.713s] -- Up-to-date: /home/tiffy/One-Wish-Coders/install/tidal_vehicle_interfaces/share/tidal_vehicle_interfaces/cmake/export_tidal_vehicle_interfaces__rosidl_generator_cExport-noconfig.cmake
[2.716s] -- Up-to-date: /home/tiffy/One-Wish-Coders/install/tidal_vehicle_interfaces/share/tidal_vehicle_interfaces/cmake/export_tidal_vehicle_interfaces__rosidl_typesupport_fastrtps_cExport.cmake
[2.716s] -- Up-to-date: /home/tiffy/One-Wish-Coders/install/tidal_vehicle_interfaces/share/tidal_vehicle_interfaces/cmake/export_tidal_vehicle_interfaces__rosidl_typesupport_fastrtps_cExport-noconfig.cmake
[2.716s] -- Up-to-date: /home/tiffy/One-Wish-Coders/install/tidal_vehicle_interfaces/share/tidal_vehicle_interfaces/cmake/tidal_vehicle_interfaces__rosidl_typesupport_introspection_cExport.cmake
[2.716s] -- Up-to-date: /home/tiffy/One-Wish-Coders/install/tidal_vehicle_interfaces/share/tidal_vehicle_interfaces/cmake/tidal_vehicle_interfaces__rosidl_typesupport_introspection_cExport-noconfig.cmake
[2.716s] -- Up-to-date: /home/tiffy/One-Wish-Coders/install/tidal_vehicle_interfaces/share/tidal_vehicle_interfaces/cmake/tidal_vehicle_interfaces__rosidl_typesupport_cExport.cmake
[2.716s] -- Up-to-date: /home/tiffy/One-Wish-Coders/install/tidal_vehicle_interfaces/share/tidal_vehicle_interfaces/cmake/tidal_vehicle_interfaces__rosidl_typesupport_cExport-noconfig.cmake
[2.717s] -- Up-to-date: /home/tiffy/One-Wish-Coders/install/tidal_vehicle_interfaces/share/tidal_vehicle_interfaces/cmake/export_tidal_vehicle_interfaces__rosidl_generator_cppExport.cmake
[2.717s] -- Up-to-date: /home/tiffy/One-Wish-Coders/install/tidal_vehicle_interfaces/share/tidal_vehicle_interfaces/cmake/export_tidal_vehicle_interfaces__rosidl_typesupport_fastrtps_cppExport.cmake
[2.717s] -- Up-to-date: /home/tiffy/One-Wish-Coders/install/tidal_vehicle_interfaces/share/tidal_vehicle_interfaces/cmake/export_tidal_vehicle_interfaces__rosidl_typesupport_fastrtps_cppExport-noconfig.cmake
[2.717s] -- Up-to-date: /home/tiffy/One-Wish-Coders/install/tidal_vehicle_interfaces/share/tidal_vehicle_interfaces/cmake/tidal_vehicle_interfaces__rosidl_typesupport_introspection_cppExport.cmake
[2.717s] -- Up-to-date: /home/tiffy/One-Wish-Coders/install/tidal_vehicle_interfaces/share/tidal_vehicle_interfaces/cmake/tidal_vehicle_interfaces__rosidl_typesupport_introspection_cppExport-noconfig.cmake
[2.717s] -- Up-to-date: /home/tiffy/One-Wish-Coders/install/tidal_vehicle_interfaces/share/tidal_vehicle_interfaces/cmake/tidal_vehicle_interfaces__rosidl_typesupport_cppExport.cmake
[2.724s] -- Up-to-date: /home/tiffy/One-Wish-Coders/install/tidal_vehicle_interfaces/share/tidal_vehicle_interfaces/cmake/tidal_vehicle_interfaces__rosidl_typesupport_cppExport-noconfig.cmake
[2.725s] -- Up-to-date: /home/tiffy/One-Wish-Coders/install/tidal_vehicle_interfaces/share/tidal_vehicle_interfaces/cmake/export_tidal_vehicle_interfaces__rosidl_generator_pyExport.cmake
[2.725s] -- Up-to-date: /home/tiffy/One-Wish-Coders/install/tidal_vehicle_interfaces/share/tidal_vehicle_interfaces/cmake/export_tidal_vehicle_interfaces__rosidl_generator_pyExport-noconfig.cmake
[2.725s] Invoked command in '/home/tiffy/One-Wish-Coders/build/tidal_vehicle_interfaces' returned '0': CMAKE_PREFIX_PATH=${CMAKE_PREFIX_PATH}:/opt/ros/jazzy /usr/bin/cmake --install /home/tiffy/One-Wish-Coders/build/tidal_vehicle_interfaces
