[0.353s] DEBUG:colcon:Command line arguments: ['/usr/bin/colcon', 'build', '--symlink-install', '--packages-up-to', 'tidal_vehicle_simulation']
[0.353s] DEBUG:colcon:Parsed command line arguments: Namespace(log_base=None, log_level=None, verb_name='build', build_base='build', install_base='install', merge_install=False, symlink_install=True, test_result_base=None, continue_on_error=False, executor='parallel', parallel_workers=14, event_handlers=None, ignore_user_meta=False, metas=['./colcon.meta'], base_paths=['.'], packages_ignore=None, packages_ignore_regex=None, paths=None, packages_up_to=['tidal_vehicle_simulation'], packages_up_to_regex=None, packages_above=None, packages_above_and_dependencies=None, packages_above_depth=None, packages_select_by_dep=None, packages_skip_by_dep=None, packages_skip_up_to=None, packages_select_build_failed=False, packages_skip_build_finished=False, packages_select_test_failures=False, packages_skip_test_passed=False, packages_select=None, packages_skip=None, packages_select_regex=None, packages_skip_regex=None, packages_start=None, packages_end=None, allow_overriding=[], cmake_args=None, cmake_target=None, cmake_target_skip_unavailable=False, cmake_clean_cache=False, cmake_clean_first=False, cmake_force_configure=False, ament_cmake_args=None, catkin_cmake_args=None, catkin_skip_building_tests=False, verb_parser=<colcon_defaults.argument_parser.defaults.DefaultArgumentsDecorator object at 0x71c0ee494140>, verb_extension=<colcon_core.verb.build.BuildVerb object at 0x71c0ee5bc2c0>, main=<bound method BuildVerb.main of <colcon_core.verb.build.BuildVerb object at 0x71c0ee5bc2c0>>)
[0.439s] Level 1:colcon.colcon_core.package_discovery:discover_packages(colcon_meta) check parameters
[0.439s] Level 1:colcon.colcon_core.package_discovery:discover_packages(recursive) check parameters
[0.440s] Level 1:colcon.colcon_core.package_discovery:discover_packages(ignore) check parameters
[0.440s] Level 1:colcon.colcon_core.package_discovery:discover_packages(path) check parameters
[0.440s] Level 1:colcon.colcon_core.package_discovery:discover_packages(colcon_meta) discover
[0.440s] Level 1:colcon.colcon_core.package_discovery:discover_packages(recursive) discover
[0.440s] INFO:colcon.colcon_core.package_discovery:Crawling recursively for packages in '/home/tiffy/One-Wish-Coders'
[0.440s] Level 1:colcon.colcon_core.package_identification:_identify(.) by extensions ['ignore', 'ignore_ament_install']
[0.440s] Level 1:colcon.colcon_core.package_identification:_identify(.) by extension 'ignore'
[0.440s] Level 1:colcon.colcon_core.package_identification:_identify(.) by extension 'ignore_ament_install'
[0.441s] Level 1:colcon.colcon_core.package_identification:_identify(.) by extensions ['colcon_pkg']
[0.441s] Level 1:colcon.colcon_core.package_identification:_identify(.) by extension 'colcon_pkg'
[0.441s] Level 1:colcon.colcon_core.package_identification:_identify(.) by extensions ['colcon_meta']
[0.441s] Level 1:colcon.colcon_core.package_identification:_identify(.) by extension 'colcon_meta'
[0.441s] Level 1:colcon.colcon_core.package_identification:_identify(.) by extensions ['ros']
[0.441s] Level 1:colcon.colcon_core.package_identification:_identify(.) by extension 'ros'
[0.498s] Level 1:colcon.colcon_core.package_identification:_identify(.) by extensions ['cmake', 'python']
[0.499s] Level 1:colcon.colcon_core.package_identification:_identify(.) by extension 'cmake'
[0.499s] Level 1:colcon.colcon_core.package_identification:_identify(.) by extension 'python'
[0.499s] Level 1:colcon.colcon_core.package_identification:_identify(.) by extensions ['python_setup_py']
[0.499s] Level 1:colcon.colcon_core.package_identification:_identify(.) by extension 'python_setup_py'
[0.499s] Level 1:colcon.colcon_core.package_identification:_identify(assets) by extensions ['ignore', 'ignore_ament_install']
[0.500s] Level 1:colcon.colcon_core.package_identification:_identify(assets) by extension 'ignore'
[0.500s] Level 1:colcon.colcon_core.package_identification:_identify(assets) by extension 'ignore_ament_install'
[0.500s] Level 1:colcon.colcon_core.package_identification:_identify(assets) by extensions ['colcon_pkg']
[0.500s] Level 1:colcon.colcon_core.package_identification:_identify(assets) by extension 'colcon_pkg'
[0.500s] Level 1:colcon.colcon_core.package_identification:_identify(assets) by extensions ['colcon_meta']
[0.500s] Level 1:colcon.colcon_core.package_identification:_identify(assets) by extension 'colcon_meta'
[0.500s] Level 1:colcon.colcon_core.package_identification:_identify(assets) by extensions ['ros']
[0.500s] Level 1:colcon.colcon_core.package_identification:_identify(assets) by extension 'ros'
[0.500s] Level 1:colcon.colcon_core.package_identification:_identify(assets) by extensions ['cmake', 'python']
[0.500s] Level 1:colcon.colcon_core.package_identification:_identify(assets) by extension 'cmake'
[0.500s] Level 1:colcon.colcon_core.package_identification:_identify(assets) by extension 'python'
[0.500s] Level 1:colcon.colcon_core.package_identification:_identify(assets) by extensions ['python_setup_py']
[0.500s] Level 1:colcon.colcon_core.package_identification:_identify(assets) by extension 'python_setup_py'
[0.500s] Level 1:colcon.colcon_core.package_identification:_identify(autonomous_tidal_vehicle_ws) by extensions ['ignore', 'ignore_ament_install']
[0.500s] Level 1:colcon.colcon_core.package_identification:_identify(autonomous_tidal_vehicle_ws) by extension 'ignore'
[0.501s] Level 1:colcon.colcon_core.package_identification:_identify(autonomous_tidal_vehicle_ws) by extension 'ignore_ament_install'
[0.501s] Level 1:colcon.colcon_core.package_identification:_identify(autonomous_tidal_vehicle_ws) by extensions ['colcon_pkg']
[0.501s] Level 1:colcon.colcon_core.package_identification:_identify(autonomous_tidal_vehicle_ws) by extension 'colcon_pkg'
[0.501s] Level 1:colcon.colcon_core.package_identification:_identify(autonomous_tidal_vehicle_ws) by extensions ['colcon_meta']
[0.501s] Level 1:colcon.colcon_core.package_identification:_identify(autonomous_tidal_vehicle_ws) by extension 'colcon_meta'
[0.501s] Level 1:colcon.colcon_core.package_identification:_identify(autonomous_tidal_vehicle_ws) by extensions ['ros']
[0.501s] Level 1:colcon.colcon_core.package_identification:_identify(autonomous_tidal_vehicle_ws) by extension 'ros'
[0.501s] Level 1:colcon.colcon_core.package_identification:_identify(autonomous_tidal_vehicle_ws) by extensions ['cmake', 'python']
[0.501s] Level 1:colcon.colcon_core.package_identification:_identify(autonomous_tidal_vehicle_ws) by extension 'cmake'
[0.501s] Level 1:colcon.colcon_core.package_identification:_identify(autonomous_tidal_vehicle_ws) by extension 'python'
[0.501s] Level 1:colcon.colcon_core.package_identification:_identify(autonomous_tidal_vehicle_ws) by extensions ['python_setup_py']
[0.501s] Level 1:colcon.colcon_core.package_identification:_identify(autonomous_tidal_vehicle_ws) by extension 'python_setup_py'
[0.501s] Level 1:colcon.colcon_core.package_identification:_identify(autonomous_tidal_vehicle_ws/build) by extensions ['ignore', 'ignore_ament_install']
[0.501s] Level 1:colcon.colcon_core.package_identification:_identify(autonomous_tidal_vehicle_ws/build) by extension 'ignore'
[0.502s] Level 1:colcon.colcon_core.package_identification:_identify(autonomous_tidal_vehicle_ws/build) ignored
[0.502s] Level 1:colcon.colcon_core.package_identification:_identify(autonomous_tidal_vehicle_ws/install) by extensions ['ignore', 'ignore_ament_install']
[0.502s] Level 1:colcon.colcon_core.package_identification:_identify(autonomous_tidal_vehicle_ws/install) by extension 'ignore'
[0.502s] Level 1:colcon.colcon_core.package_identification:_identify(autonomous_tidal_vehicle_ws/install) ignored
[0.502s] Level 1:colcon.colcon_core.package_identification:_identify(autonomous_tidal_vehicle_ws/log) by extensions ['ignore', 'ignore_ament_install']
[0.502s] Level 1:colcon.colcon_core.package_identification:_identify(autonomous_tidal_vehicle_ws/log) by extension 'ignore'
[0.502s] Level 1:colcon.colcon_core.package_identification:_identify(autonomous_tidal_vehicle_ws/log) ignored
[0.502s] Level 1:colcon.colcon_core.package_identification:_identify(autonomous_tidal_vehicle_ws/src) by extensions ['ignore', 'ignore_ament_install']
[0.502s] Level 1:colcon.colcon_core.package_identification:_identify(autonomous_tidal_vehicle_ws/src) by extension 'ignore'
[0.503s] Level 1:colcon.colcon_core.package_identification:_identify(autonomous_tidal_vehicle_ws/src) by extension 'ignore_ament_install'
[0.503s] Level 1:colcon.colcon_core.package_identification:_identify(autonomous_tidal_vehicle_ws/src) by extensions ['colcon_pkg']
[0.503s] Level 1:colcon.colcon_core.package_identification:_identify(autonomous_tidal_vehicle_ws/src) by extension 'colcon_pkg'
[0.503s] Level 1:colcon.colcon_core.package_identification:_identify(autonomous_tidal_vehicle_ws/src) by extensions ['colcon_meta']
[0.503s] Level 1:colcon.colcon_core.package_identification:_identify(autonomous_tidal_vehicle_ws/src) by extension 'colcon_meta'
[0.503s] Level 1:colcon.colcon_core.package_identification:_identify(autonomous_tidal_vehicle_ws/src) by extensions ['ros']
[0.503s] Level 1:colcon.colcon_core.package_identification:_identify(autonomous_tidal_vehicle_ws/src) by extension 'ros'
[0.503s] Level 1:colcon.colcon_core.package_identification:_identify(autonomous_tidal_vehicle_ws/src) by extensions ['cmake', 'python']
[0.503s] Level 1:colcon.colcon_core.package_identification:_identify(autonomous_tidal_vehicle_ws/src) by extension 'cmake'
[0.503s] Level 1:colcon.colcon_core.package_identification:_identify(autonomous_tidal_vehicle_ws/src) by extension 'python'
[0.503s] Level 1:colcon.colcon_core.package_identification:_identify(autonomous_tidal_vehicle_ws/src) by extensions ['python_setup_py']
[0.503s] Level 1:colcon.colcon_core.package_identification:_identify(autonomous_tidal_vehicle_ws/src) by extension 'python_setup_py'
[0.503s] Level 1:colcon.colcon_core.package_identification:_identify(autonomous_tidal_vehicle_ws/src/tidal_vehicle_autonomy) by extensions ['ignore', 'ignore_ament_install']
[0.503s] Level 1:colcon.colcon_core.package_identification:_identify(autonomous_tidal_vehicle_ws/src/tidal_vehicle_autonomy) by extension 'ignore'
[0.503s] Level 1:colcon.colcon_core.package_identification:_identify(autonomous_tidal_vehicle_ws/src/tidal_vehicle_autonomy) by extension 'ignore_ament_install'
[0.503s] Level 1:colcon.colcon_core.package_identification:_identify(autonomous_tidal_vehicle_ws/src/tidal_vehicle_autonomy) by extensions ['colcon_pkg']
[0.503s] Level 1:colcon.colcon_core.package_identification:_identify(autonomous_tidal_vehicle_ws/src/tidal_vehicle_autonomy) by extension 'colcon_pkg'
[0.504s] Level 1:colcon.colcon_core.package_identification:_identify(autonomous_tidal_vehicle_ws/src/tidal_vehicle_autonomy) by extensions ['colcon_meta']
[0.504s] Level 1:colcon.colcon_core.package_identification:_identify(autonomous_tidal_vehicle_ws/src/tidal_vehicle_autonomy) by extension 'colcon_meta'
[0.504s] Level 1:colcon.colcon_core.package_identification:_identify(autonomous_tidal_vehicle_ws/src/tidal_vehicle_autonomy) by extensions ['ros']
[0.504s] Level 1:colcon.colcon_core.package_identification:_identify(autonomous_tidal_vehicle_ws/src/tidal_vehicle_autonomy) by extension 'ros'
[0.512s] DEBUG:colcon.colcon_core.package_identification:Package 'autonomous_tidal_vehicle_ws/src/tidal_vehicle_autonomy' with type 'ros.ament_python' and name 'tidal_vehicle_autonomy'
[0.512s] Level 1:colcon.colcon_core.package_identification:_identify(autonomous_tidal_vehicle_ws/src/tidal_vehicle_bringup) by extensions ['ignore', 'ignore_ament_install']
[0.513s] Level 1:colcon.colcon_core.package_identification:_identify(autonomous_tidal_vehicle_ws/src/tidal_vehicle_bringup) by extension 'ignore'
[0.513s] Level 1:colcon.colcon_core.package_identification:_identify(autonomous_tidal_vehicle_ws/src/tidal_vehicle_bringup) by extension 'ignore_ament_install'
[0.513s] Level 1:colcon.colcon_core.package_identification:_identify(autonomous_tidal_vehicle_ws/src/tidal_vehicle_bringup) by extensions ['colcon_pkg']
[0.513s] Level 1:colcon.colcon_core.package_identification:_identify(autonomous_tidal_vehicle_ws/src/tidal_vehicle_bringup) by extension 'colcon_pkg'
[0.513s] Level 1:colcon.colcon_core.package_identification:_identify(autonomous_tidal_vehicle_ws/src/tidal_vehicle_bringup) by extensions ['colcon_meta']
[0.513s] Level 1:colcon.colcon_core.package_identification:_identify(autonomous_tidal_vehicle_ws/src/tidal_vehicle_bringup) by extension 'colcon_meta'
[0.513s] Level 1:colcon.colcon_core.package_identification:_identify(autonomous_tidal_vehicle_ws/src/tidal_vehicle_bringup) by extensions ['ros']
[0.513s] Level 1:colcon.colcon_core.package_identification:_identify(autonomous_tidal_vehicle_ws/src/tidal_vehicle_bringup) by extension 'ros'
[0.514s] DEBUG:colcon.colcon_core.package_identification:Package 'autonomous_tidal_vehicle_ws/src/tidal_vehicle_bringup' with type 'ros.ament_cmake' and name 'tidal_vehicle_bringup'
[0.515s] Level 1:colcon.colcon_core.package_identification:_identify(autonomous_tidal_vehicle_ws/src/tidal_vehicle_description) by extensions ['ignore', 'ignore_ament_install']
[0.515s] Level 1:colcon.colcon_core.package_identification:_identify(autonomous_tidal_vehicle_ws/src/tidal_vehicle_description) by extension 'ignore'
[0.515s] Level 1:colcon.colcon_core.package_identification:_identify(autonomous_tidal_vehicle_ws/src/tidal_vehicle_description) by extension 'ignore_ament_install'
[0.516s] Level 1:colcon.colcon_core.package_identification:_identify(autonomous_tidal_vehicle_ws/src/tidal_vehicle_description) by extensions ['colcon_pkg']
[0.516s] Level 1:colcon.colcon_core.package_identification:_identify(autonomous_tidal_vehicle_ws/src/tidal_vehicle_description) by extension 'colcon_pkg'
[0.516s] Level 1:colcon.colcon_core.package_identification:_identify(autonomous_tidal_vehicle_ws/src/tidal_vehicle_description) by extensions ['colcon_meta']
[0.516s] Level 1:colcon.colcon_core.package_identification:_identify(autonomous_tidal_vehicle_ws/src/tidal_vehicle_description) by extension 'colcon_meta'
[0.516s] Level 1:colcon.colcon_core.package_identification:_identify(autonomous_tidal_vehicle_ws/src/tidal_vehicle_description) by extensions ['ros']
[0.516s] Level 1:colcon.colcon_core.package_identification:_identify(autonomous_tidal_vehicle_ws/src/tidal_vehicle_description) by extension 'ros'
[0.516s] DEBUG:colcon.colcon_core.package_identification:Package 'autonomous_tidal_vehicle_ws/src/tidal_vehicle_description' with type 'ros.ament_cmake' and name 'tidal_vehicle_description'
[0.517s] Level 1:colcon.colcon_core.package_identification:_identify(autonomous_tidal_vehicle_ws/src/tidal_vehicle_evaluation) by extensions ['ignore', 'ignore_ament_install']
[0.517s] Level 1:colcon.colcon_core.package_identification:_identify(autonomous_tidal_vehicle_ws/src/tidal_vehicle_evaluation) by extension 'ignore'
[0.517s] Level 1:colcon.colcon_core.package_identification:_identify(autonomous_tidal_vehicle_ws/src/tidal_vehicle_evaluation) by extension 'ignore_ament_install'
[0.517s] Level 1:colcon.colcon_core.package_identification:_identify(autonomous_tidal_vehicle_ws/src/tidal_vehicle_evaluation) by extensions ['colcon_pkg']
[0.518s] Level 1:colcon.colcon_core.package_identification:_identify(autonomous_tidal_vehicle_ws/src/tidal_vehicle_evaluation) by extension 'colcon_pkg'
[0.518s] Level 1:colcon.colcon_core.package_identification:_identify(autonomous_tidal_vehicle_ws/src/tidal_vehicle_evaluation) by extensions ['colcon_meta']
[0.518s] Level 1:colcon.colcon_core.package_identification:_identify(autonomous_tidal_vehicle_ws/src/tidal_vehicle_evaluation) by extension 'colcon_meta'
[0.518s] Level 1:colcon.colcon_core.package_identification:_identify(autonomous_tidal_vehicle_ws/src/tidal_vehicle_evaluation) by extensions ['ros']
[0.518s] Level 1:colcon.colcon_core.package_identification:_identify(autonomous_tidal_vehicle_ws/src/tidal_vehicle_evaluation) by extension 'ros'
[0.519s] DEBUG:colcon.colcon_core.package_identification:Package 'autonomous_tidal_vehicle_ws/src/tidal_vehicle_evaluation' with type 'ros.ament_python' and name 'tidal_vehicle_evaluation'
[0.519s] Level 1:colcon.colcon_core.package_identification:_identify(autonomous_tidal_vehicle_ws/src/tidal_vehicle_interfaces) by extensions ['ignore', 'ignore_ament_install']
[0.520s] Level 1:colcon.colcon_core.package_identification:_identify(autonomous_tidal_vehicle_ws/src/tidal_vehicle_interfaces) by extension 'ignore'
[0.520s] Level 1:colcon.colcon_core.package_identification:_identify(autonomous_tidal_vehicle_ws/src/tidal_vehicle_interfaces) by extension 'ignore_ament_install'
[0.520s] Level 1:colcon.colcon_core.package_identification:_identify(autonomous_tidal_vehicle_ws/src/tidal_vehicle_interfaces) by extensions ['colcon_pkg']
[0.520s] Level 1:colcon.colcon_core.package_identification:_identify(autonomous_tidal_vehicle_ws/src/tidal_vehicle_interfaces) by extension 'colcon_pkg'
[0.520s] Level 1:colcon.colcon_core.package_identification:_identify(autonomous_tidal_vehicle_ws/src/tidal_vehicle_interfaces) by extensions ['colcon_meta']
[0.520s] Level 1:colcon.colcon_core.package_identification:_identify(autonomous_tidal_vehicle_ws/src/tidal_vehicle_interfaces) by extension 'colcon_meta'
[0.520s] Level 1:colcon.colcon_core.package_identification:_identify(autonomous_tidal_vehicle_ws/src/tidal_vehicle_interfaces) by extensions ['ros']
[0.520s] Level 1:colcon.colcon_core.package_identification:_identify(autonomous_tidal_vehicle_ws/src/tidal_vehicle_interfaces) by extension 'ros'
[0.521s] DEBUG:colcon.colcon_core.package_identification:Package 'autonomous_tidal_vehicle_ws/src/tidal_vehicle_interfaces' with type 'ros.ament_cmake' and name 'tidal_vehicle_interfaces'
[0.521s] Level 1:colcon.colcon_core.package_identification:_identify(autonomous_tidal_vehicle_ws/src/tidal_vehicle_operator) by extensions ['ignore', 'ignore_ament_install']
[0.521s] Level 1:colcon.colcon_core.package_identification:_identify(autonomous_tidal_vehicle_ws/src/tidal_vehicle_operator) by extension 'ignore'
[0.522s] Level 1:colcon.colcon_core.package_identification:_identify(autonomous_tidal_vehicle_ws/src/tidal_vehicle_operator) by extension 'ignore_ament_install'
[0.522s] Level 1:colcon.colcon_core.package_identification:_identify(autonomous_tidal_vehicle_ws/src/tidal_vehicle_operator) by extensions ['colcon_pkg']
[0.522s] Level 1:colcon.colcon_core.package_identification:_identify(autonomous_tidal_vehicle_ws/src/tidal_vehicle_operator) by extension 'colcon_pkg'
[0.522s] Level 1:colcon.colcon_core.package_identification:_identify(autonomous_tidal_vehicle_ws/src/tidal_vehicle_operator) by extensions ['colcon_meta']
[0.522s] Level 1:colcon.colcon_core.package_identification:_identify(autonomous_tidal_vehicle_ws/src/tidal_vehicle_operator) by extension 'colcon_meta'
[0.522s] Level 1:colcon.colcon_core.package_identification:_identify(autonomous_tidal_vehicle_ws/src/tidal_vehicle_operator) by extensions ['ros']
[0.522s] Level 1:colcon.colcon_core.package_identification:_identify(autonomous_tidal_vehicle_ws/src/tidal_vehicle_operator) by extension 'ros'
[0.523s] DEBUG:colcon.colcon_core.package_identification:Package 'autonomous_tidal_vehicle_ws/src/tidal_vehicle_operator' with type 'ros.ament_python' and name 'tidal_vehicle_operator'
[0.523s] Level 1:colcon.colcon_core.package_identification:_identify(autonomous_tidal_vehicle_ws/src/tidal_vehicle_safety) by extensions ['ignore', 'ignore_ament_install']
[0.523s] Level 1:colcon.colcon_core.package_identification:_identify(autonomous_tidal_vehicle_ws/src/tidal_vehicle_safety) by extension 'ignore'
[0.523s] Level 1:colcon.colcon_core.package_identification:_identify(autonomous_tidal_vehicle_ws/src/tidal_vehicle_safety) by extension 'ignore_ament_install'
[0.523s] Level 1:colcon.colcon_core.package_identification:_identify(autonomous_tidal_vehicle_ws/src/tidal_vehicle_safety) by extensions ['colcon_pkg']
[0.523s] Level 1:colcon.colcon_core.package_identification:_identify(autonomous_tidal_vehicle_ws/src/tidal_vehicle_safety) by extension 'colcon_pkg'
[0.523s] Level 1:colcon.colcon_core.package_identification:_identify(autonomous_tidal_vehicle_ws/src/tidal_vehicle_safety) by extensions ['colcon_meta']
[0.523s] Level 1:colcon.colcon_core.package_identification:_identify(autonomous_tidal_vehicle_ws/src/tidal_vehicle_safety) by extension 'colcon_meta'
[0.523s] Level 1:colcon.colcon_core.package_identification:_identify(autonomous_tidal_vehicle_ws/src/tidal_vehicle_safety) by extensions ['ros']
[0.523s] Level 1:colcon.colcon_core.package_identification:_identify(autonomous_tidal_vehicle_ws/src/tidal_vehicle_safety) by extension 'ros'
[0.524s] DEBUG:colcon.colcon_core.package_identification:Package 'autonomous_tidal_vehicle_ws/src/tidal_vehicle_safety' with type 'ros.ament_python' and name 'tidal_vehicle_safety'
[0.524s] Level 1:colcon.colcon_core.package_identification:_identify(autonomous_tidal_vehicle_ws/src/tidal_vehicle_simulation) by extensions ['ignore', 'ignore_ament_install']
[0.524s] Level 1:colcon.colcon_core.package_identification:_identify(autonomous_tidal_vehicle_ws/src/tidal_vehicle_simulation) by extension 'ignore'
[0.524s] Level 1:colcon.colcon_core.package_identification:_identify(autonomous_tidal_vehicle_ws/src/tidal_vehicle_simulation) by extension 'ignore_ament_install'
[0.524s] Level 1:colcon.colcon_core.package_identification:_identify(autonomous_tidal_vehicle_ws/src/tidal_vehicle_simulation) by extensions ['colcon_pkg']
[0.524s] Level 1:colcon.colcon_core.package_identification:_identify(autonomous_tidal_vehicle_ws/src/tidal_vehicle_simulation) by extension 'colcon_pkg'
[0.525s] Level 1:colcon.colcon_core.package_identification:_identify(autonomous_tidal_vehicle_ws/src/tidal_vehicle_simulation) by extensions ['colcon_meta']
[0.525s] Level 1:colcon.colcon_core.package_identification:_identify(autonomous_tidal_vehicle_ws/src/tidal_vehicle_simulation) by extension 'colcon_meta'
[0.525s] Level 1:colcon.colcon_core.package_identification:_identify(autonomous_tidal_vehicle_ws/src/tidal_vehicle_simulation) by extensions ['ros']
[0.525s] Level 1:colcon.colcon_core.package_identification:_identify(autonomous_tidal_vehicle_ws/src/tidal_vehicle_simulation) by extension 'ros'
[0.525s] DEBUG:colcon.colcon_core.package_identification:Package 'autonomous_tidal_vehicle_ws/src/tidal_vehicle_simulation' with type 'ros.ament_cmake' and name 'tidal_vehicle_simulation'
[0.526s] Level 1:colcon.colcon_core.package_identification:_identify(build) by extensions ['ignore', 'ignore_ament_install']
[0.526s] Level 1:colcon.colcon_core.package_identification:_identify(build) by extension 'ignore'
[0.526s] Level 1:colcon.colcon_core.package_identification:_identify(build) ignored
[0.526s] Level 1:colcon.colcon_core.package_identification:_identify(docs) by extensions ['ignore', 'ignore_ament_install']
[0.526s] Level 1:colcon.colcon_core.package_identification:_identify(docs) by extension 'ignore'
[0.526s] Level 1:colcon.colcon_core.package_identification:_identify(docs) by extension 'ignore_ament_install'
[0.526s] Level 1:colcon.colcon_core.package_identification:_identify(docs) by extensions ['colcon_pkg']
[0.526s] Level 1:colcon.colcon_core.package_identification:_identify(docs) by extension 'colcon_pkg'
[0.526s] Level 1:colcon.colcon_core.package_identification:_identify(docs) by extensions ['colcon_meta']
[0.526s] Level 1:colcon.colcon_core.package_identification:_identify(docs) by extension 'colcon_meta'
[0.526s] Level 1:colcon.colcon_core.package_identification:_identify(docs) by extensions ['ros']
[0.526s] Level 1:colcon.colcon_core.package_identification:_identify(docs) by extension 'ros'
[0.526s] Level 1:colcon.colcon_core.package_identification:_identify(docs) by extensions ['cmake', 'python']
[0.526s] Level 1:colcon.colcon_core.package_identification:_identify(docs) by extension 'cmake'
[0.526s] Level 1:colcon.colcon_core.package_identification:_identify(docs) by extension 'python'
[0.527s] Level 1:colcon.colcon_core.package_identification:_identify(docs) by extensions ['python_setup_py']
[0.527s] Level 1:colcon.colcon_core.package_identification:_identify(docs) by extension 'python_setup_py'
[0.527s] Level 1:colcon.colcon_core.package_identification:_identify(install) by extensions ['ignore', 'ignore_ament_install']
[0.527s] Level 1:colcon.colcon_core.package_identification:_identify(install) by extension 'ignore'
[0.527s] Level 1:colcon.colcon_core.package_identification:_identify(install) ignored
[0.528s] Level 1:colcon.colcon_core.package_identification:_identify(log) by extensions ['ignore', 'ignore_ament_install']
[0.528s] Level 1:colcon.colcon_core.package_identification:_identify(log) by extension 'ignore'
[0.528s] Level 1:colcon.colcon_core.package_identification:_identify(log) ignored
[0.528s] Level 1:colcon.colcon_core.package_discovery:discover_packages(recursive) using defaults
[0.528s] Level 1:colcon.colcon_core.package_discovery:discover_packages(ignore) discover
[0.528s] Level 1:colcon.colcon_core.package_discovery:discover_packages(ignore) using defaults
[0.528s] Level 1:colcon.colcon_core.package_discovery:discover_packages(path) discover
[0.528s] Level 1:colcon.colcon_core.package_discovery:discover_packages(path) using defaults
[0.571s] INFO:colcon.colcon_core.package_selection:Skipping package 'tidal_vehicle_safety' in 'autonomous_tidal_vehicle_ws/src/tidal_vehicle_safety'
[0.571s] INFO:colcon.colcon_core.package_selection:Skipping package 'tidal_vehicle_operator' in 'autonomous_tidal_vehicle_ws/src/tidal_vehicle_operator'
[0.571s] INFO:colcon.colcon_core.package_selection:Skipping package 'tidal_vehicle_evaluation' in 'autonomous_tidal_vehicle_ws/src/tidal_vehicle_evaluation'
[0.571s] INFO:colcon.colcon_core.package_selection:Skipping package 'tidal_vehicle_autonomy' in 'autonomous_tidal_vehicle_ws/src/tidal_vehicle_autonomy'
[0.571s] INFO:colcon.colcon_core.package_selection:Skipping package 'tidal_vehicle_description' in 'autonomous_tidal_vehicle_ws/src/tidal_vehicle_description'
[0.571s] INFO:colcon.colcon_core.package_selection:Skipping package 'tidal_vehicle_bringup' in 'autonomous_tidal_vehicle_ws/src/tidal_vehicle_bringup'
[0.572s] Level 1:colcon.colcon_core.package_discovery:discover_packages(prefix_path) check parameters
[0.572s] Level 1:colcon.colcon_core.package_discovery:discover_packages(prefix_path) discover
[0.578s] DEBUG:colcon.colcon_installed_package_information.package_discovery:Found 321 installed packages in /opt/ros/jazzy
[0.580s] Level 1:colcon.colcon_core.package_discovery:discover_packages(prefix_path) using defaults
[0.666s] Level 5:colcon.colcon_core.verb:set package 'tidal_vehicle_interfaces' build argument 'cmake_args' from command line to 'None'
[0.666s] Level 5:colcon.colcon_core.verb:set package 'tidal_vehicle_interfaces' build argument 'cmake_target' from command line to 'None'
[0.666s] Level 5:colcon.colcon_core.verb:set package 'tidal_vehicle_interfaces' build argument 'cmake_target_skip_unavailable' from command line to 'False'
[0.666s] Level 5:colcon.colcon_core.verb:set package 'tidal_vehicle_interfaces' build argument 'cmake_clean_cache' from command line to 'False'
[0.666s] Level 5:colcon.colcon_core.verb:set package 'tidal_vehicle_interfaces' build argument 'cmake_clean_first' from command line to 'False'
[0.666s] Level 5:colcon.colcon_core.verb:set package 'tidal_vehicle_interfaces' build argument 'cmake_force_configure' from command line to 'False'
[0.667s] Level 5:colcon.colcon_core.verb:set package 'tidal_vehicle_interfaces' build argument 'ament_cmake_args' from command line to 'None'
[0.667s] Level 5:colcon.colcon_core.verb:set package 'tidal_vehicle_interfaces' build argument 'catkin_cmake_args' from command line to 'None'
[0.667s] Level 5:colcon.colcon_core.verb:set package 'tidal_vehicle_interfaces' build argument 'catkin_skip_building_tests' from command line to 'False'
[0.667s] DEBUG:colcon.colcon_core.verb:Building package 'tidal_vehicle_interfaces' with the following arguments: {'ament_cmake_args': None, 'build_base': '/home/tiffy/One-Wish-Coders/build/tidal_vehicle_interfaces', 'catkin_cmake_args': None, 'catkin_skip_building_tests': False, 'cmake_args': None, 'cmake_clean_cache': False, 'cmake_clean_first': False, 'cmake_force_configure': False, 'cmake_target': None, 'cmake_target_skip_unavailable': False, 'install_base': '/home/tiffy/One-Wish-Coders/install/tidal_vehicle_interfaces', 'merge_install': False, 'path': '/home/tiffy/One-Wish-Coders/autonomous_tidal_vehicle_ws/src/tidal_vehicle_interfaces', 'symlink_install': True, 'test_result_base': None}
[0.668s] Level 5:colcon.colcon_core.verb:set package 'tidal_vehicle_simulation' build argument 'cmake_args' from command line to 'None'
[0.668s] Level 5:colcon.colcon_core.verb:set package 'tidal_vehicle_simulation' build argument 'cmake_target' from command line to 'None'
[0.668s] Level 5:colcon.colcon_core.verb:set package 'tidal_vehicle_simulation' build argument 'cmake_target_skip_unavailable' from command line to 'False'
[0.668s] Level 5:colcon.colcon_core.verb:set package 'tidal_vehicle_simulation' build argument 'cmake_clean_cache' from command line to 'False'
[0.668s] Level 5:colcon.colcon_core.verb:set package 'tidal_vehicle_simulation' build argument 'cmake_clean_first' from command line to 'False'
[0.668s] Level 5:colcon.colcon_core.verb:set package 'tidal_vehicle_simulation' build argument 'cmake_force_configure' from command line to 'False'
[0.668s] Level 5:colcon.colcon_core.verb:set package 'tidal_vehicle_simulation' build argument 'ament_cmake_args' from command line to 'None'
[0.668s] Level 5:colcon.colcon_core.verb:set package 'tidal_vehicle_simulation' build argument 'catkin_cmake_args' from command line to 'None'
[0.668s] Level 5:colcon.colcon_core.verb:set package 'tidal_vehicle_simulation' build argument 'catkin_skip_building_tests' from command line to 'False'
[0.669s] DEBUG:colcon.colcon_core.verb:Building package 'tidal_vehicle_simulation' with the following arguments: {'ament_cmake_args': None, 'build_base': '/home/tiffy/One-Wish-Coders/build/tidal_vehicle_simulation', 'catkin_cmake_args': None, 'catkin_skip_building_tests': False, 'cmake_args': None, 'cmake_clean_cache': False, 'cmake_clean_first': False, 'cmake_force_configure': False, 'cmake_target': None, 'cmake_target_skip_unavailable': False, 'install_base': '/home/tiffy/One-Wish-Coders/install/tidal_vehicle_simulation', 'merge_install': False, 'path': '/home/tiffy/One-Wish-Coders/autonomous_tidal_vehicle_ws/src/tidal_vehicle_simulation', 'symlink_install': True, 'test_result_base': None}
[0.669s] INFO:colcon.colcon_core.executor:Executing jobs using 'parallel' executor
[0.671s] DEBUG:colcon.colcon_parallel_executor.executor.parallel:run_until_complete
[0.671s] INFO:colcon.colcon_ros.task.ament_cmake.build:Building ROS package in '/home/tiffy/One-Wish-Coders/autonomous_tidal_vehicle_ws/src/tidal_vehicle_interfaces' with build type 'ament_cmake'
[0.672s] INFO:colcon.colcon_cmake.task.cmake.build:Building CMake package in '/home/tiffy/One-Wish-Coders/autonomous_tidal_vehicle_ws/src/tidal_vehicle_interfaces'
[0.676s] INFO:colcon.colcon_core.plugin_system:Skipping extension 'colcon_core.shell.bat': Not used on non-Windows systems
[0.676s] INFO:colcon.colcon_core.shell:Skip shell extension 'powershell' for command environment: Not usable outside of PowerShell
[0.676s] DEBUG:colcon.colcon_core.shell:Skip shell extension 'dsv' for command environment
[0.695s] DEBUG:colcon.colcon_core.event_handler.log_command:Invoking command in '/home/tiffy/One-Wish-Coders/build/tidal_vehicle_interfaces': CMAKE_PREFIX_PATH=${CMAKE_PREFIX_PATH}:/opt/ros/jazzy /usr/bin/cmake --build /home/tiffy/One-Wish-Coders/build/tidal_vehicle_interfaces -- -j14 -l14
[2.621s] DEBUG:colcon.colcon_core.event_handler.log_command:Invoked command in '/home/tiffy/One-Wish-Coders/build/tidal_vehicle_interfaces' returned '0': CMAKE_PREFIX_PATH=${CMAKE_PREFIX_PATH}:/opt/ros/jazzy /usr/bin/cmake --build /home/tiffy/One-Wish-Coders/build/tidal_vehicle_interfaces -- -j14 -l14
[2.645s] DEBUG:colcon.colcon_core.event_handler.log_command:Invoking command in '/home/tiffy/One-Wish-Coders/build/tidal_vehicle_interfaces': CMAKE_PREFIX_PATH=${CMAKE_PREFIX_PATH}:/opt/ros/jazzy /usr/bin/cmake --install /home/tiffy/One-Wish-Coders/build/tidal_vehicle_interfaces
[2.847s] Level 1:colcon.colcon_core.environment:create_environment_scripts_only(tidal_vehicle_interfaces)
[2.850s] Level 1:colcon.colcon_core.environment:checking '/home/tiffy/One-Wish-Coders/install/tidal_vehicle_interfaces' for CMake module files
[2.852s] DEBUG:colcon.colcon_core.event_handler.log_command:Invoked command in '/home/tiffy/One-Wish-Coders/build/tidal_vehicle_interfaces' returned '0': CMAKE_PREFIX_PATH=${CMAKE_PREFIX_PATH}:/opt/ros/jazzy /usr/bin/cmake --install /home/tiffy/One-Wish-Coders/build/tidal_vehicle_interfaces
[2.852s] Level 1:colcon.colcon_core.environment:checking '/home/tiffy/One-Wish-Coders/install/tidal_vehicle_interfaces' for CMake config files
[2.854s] Level 1:colcon.colcon_core.shell:create_environment_hook('tidal_vehicle_interfaces', 'cmake_prefix_path')
[2.854s] INFO:colcon.colcon_core.shell:Creating environment hook '/home/tiffy/One-Wish-Coders/install/tidal_vehicle_interfaces/share/tidal_vehicle_interfaces/hook/cmake_prefix_path.ps1'
[2.855s] INFO:colcon.colcon_core.shell:Creating environment descriptor '/home/tiffy/One-Wish-Coders/install/tidal_vehicle_interfaces/share/tidal_vehicle_interfaces/hook/cmake_prefix_path.dsv'
[2.856s] INFO:colcon.colcon_core.shell:Creating environment hook '/home/tiffy/One-Wish-Coders/install/tidal_vehicle_interfaces/share/tidal_vehicle_interfaces/hook/cmake_prefix_path.sh'
[2.858s] Level 1:colcon.colcon_core.environment:checking '/home/tiffy/One-Wish-Coders/install/tidal_vehicle_interfaces/lib'
[2.858s] Level 1:colcon.colcon_core.shell:create_environment_hook('tidal_vehicle_interfaces', 'ld_library_path_lib')
[2.859s] INFO:colcon.colcon_core.shell:Creating environment hook '/home/tiffy/One-Wish-Coders/install/tidal_vehicle_interfaces/share/tidal_vehicle_interfaces/hook/ld_library_path_lib.ps1'
[2.859s] INFO:colcon.colcon_core.shell:Creating environment descriptor '/home/tiffy/One-Wish-Coders/install/tidal_vehicle_interfaces/share/tidal_vehicle_interfaces/hook/ld_library_path_lib.dsv'
[2.860s] INFO:colcon.colcon_core.shell:Creating environment hook '/home/tiffy/One-Wish-Coders/install/tidal_vehicle_interfaces/share/tidal_vehicle_interfaces/hook/ld_library_path_lib.sh'
[2.861s] Level 1:colcon.colcon_core.environment:checking '/home/tiffy/One-Wish-Coders/install/tidal_vehicle_interfaces/bin'
[2.861s] Level 1:colcon.colcon_core.environment:checking '/home/tiffy/One-Wish-Coders/install/tidal_vehicle_interfaces/lib/pkgconfig/tidal_vehicle_interfaces.pc'
[2.861s] Level 1:colcon.colcon_core.environment:checking '/home/tiffy/One-Wish-Coders/install/tidal_vehicle_interfaces/lib/python3.12/site-packages'
[2.861s] Level 1:colcon.colcon_core.shell:create_environment_hook('tidal_vehicle_interfaces', 'pythonpath')
[2.862s] INFO:colcon.colcon_core.shell:Creating environment hook '/home/tiffy/One-Wish-Coders/install/tidal_vehicle_interfaces/share/tidal_vehicle_interfaces/hook/pythonpath.ps1'
[2.862s] INFO:colcon.colcon_core.shell:Creating environment descriptor '/home/tiffy/One-Wish-Coders/install/tidal_vehicle_interfaces/share/tidal_vehicle_interfaces/hook/pythonpath.dsv'
[2.863s] INFO:colcon.colcon_core.shell:Creating environment hook '/home/tiffy/One-Wish-Coders/install/tidal_vehicle_interfaces/share/tidal_vehicle_interfaces/hook/pythonpath.sh'
[2.864s] Level 1:colcon.colcon_core.environment:checking '/home/tiffy/One-Wish-Coders/install/tidal_vehicle_interfaces/bin'
[2.865s] INFO:colcon.colcon_core.shell:Creating package script '/home/tiffy/One-Wish-Coders/install/tidal_vehicle_interfaces/share/tidal_vehicle_interfaces/package.ps1'
[2.867s] INFO:colcon.colcon_core.shell:Creating package descriptor '/home/tiffy/One-Wish-Coders/install/tidal_vehicle_interfaces/share/tidal_vehicle_interfaces/package.dsv'
[2.868s] INFO:colcon.colcon_core.shell:Creating package script '/home/tiffy/One-Wish-Coders/install/tidal_vehicle_interfaces/share/tidal_vehicle_interfaces/package.sh'
[2.869s] INFO:colcon.colcon_core.shell:Creating package script '/home/tiffy/One-Wish-Coders/install/tidal_vehicle_interfaces/share/tidal_vehicle_interfaces/package.bash'
[2.869s] INFO:colcon.colcon_core.shell:Creating package script '/home/tiffy/One-Wish-Coders/install/tidal_vehicle_interfaces/share/tidal_vehicle_interfaces/package.zsh'
[2.870s] Level 1:colcon.colcon_core.environment:create_file_with_runtime_dependencies(/home/tiffy/One-Wish-Coders/install/tidal_vehicle_interfaces/share/colcon-core/packages/tidal_vehicle_interfaces)
[2.871s] Level 1:colcon.colcon_core.environment:create_environment_scripts_only(tidal_vehicle_interfaces)
[2.871s] Level 1:colcon.colcon_core.environment:checking '/home/tiffy/One-Wish-Coders/install/tidal_vehicle_interfaces' for CMake module files
[2.873s] Level 1:colcon.colcon_core.environment:checking '/home/tiffy/One-Wish-Coders/install/tidal_vehicle_interfaces' for CMake config files
[2.880s] Level 1:colcon.colcon_core.shell:create_environment_hook('tidal_vehicle_interfaces', 'cmake_prefix_path')
[2.880s] INFO:colcon.colcon_core.shell:Creating environment hook '/home/tiffy/One-Wish-Coders/install/tidal_vehicle_interfaces/share/tidal_vehicle_interfaces/hook/cmake_prefix_path.ps1'
[2.883s] INFO:colcon.colcon_core.shell:Creating environment descriptor '/home/tiffy/One-Wish-Coders/install/tidal_vehicle_interfaces/share/tidal_vehicle_interfaces/hook/cmake_prefix_path.dsv'
[2.885s] INFO:colcon.colcon_core.shell:Creating environment hook '/home/tiffy/One-Wish-Coders/install/tidal_vehicle_interfaces/share/tidal_vehicle_interfaces/hook/cmake_prefix_path.sh'
[2.886s] Level 1:colcon.colcon_core.environment:checking '/home/tiffy/One-Wish-Coders/install/tidal_vehicle_interfaces/lib'
[2.886s] Level 1:colcon.colcon_core.shell:create_environment_hook('tidal_vehicle_interfaces', 'ld_library_path_lib')
[2.887s] INFO:colcon.colcon_core.shell:Creating environment hook '/home/tiffy/One-Wish-Coders/install/tidal_vehicle_interfaces/share/tidal_vehicle_interfaces/hook/ld_library_path_lib.ps1'
[2.887s] INFO:colcon.colcon_core.shell:Creating environment descriptor '/home/tiffy/One-Wish-Coders/install/tidal_vehicle_interfaces/share/tidal_vehicle_interfaces/hook/ld_library_path_lib.dsv'
[2.888s] INFO:colcon.colcon_core.shell:Creating environment hook '/home/tiffy/One-Wish-Coders/install/tidal_vehicle_interfaces/share/tidal_vehicle_interfaces/hook/ld_library_path_lib.sh'
[2.889s] Level 1:colcon.colcon_core.environment:checking '/home/tiffy/One-Wish-Coders/install/tidal_vehicle_interfaces/bin'
[2.889s] Level 1:colcon.colcon_core.environment:checking '/home/tiffy/One-Wish-Coders/install/tidal_vehicle_interfaces/lib/pkgconfig/tidal_vehicle_interfaces.pc'
[2.890s] Level 1:colcon.colcon_core.environment:checking '/home/tiffy/One-Wish-Coders/install/tidal_vehicle_interfaces/lib/python3.12/site-packages'
[2.891s] Level 1:colcon.colcon_core.shell:create_environment_hook('tidal_vehicle_interfaces', 'pythonpath')
[2.891s] INFO:colcon.colcon_core.shell:Creating environment hook '/home/tiffy/One-Wish-Coders/install/tidal_vehicle_interfaces/share/tidal_vehicle_interfaces/hook/pythonpath.ps1'
[2.892s] INFO:colcon.colcon_core.shell:Creating environment descriptor '/home/tiffy/One-Wish-Coders/install/tidal_vehicle_interfaces/share/tidal_vehicle_interfaces/hook/pythonpath.dsv'
[2.892s] INFO:colcon.colcon_core.shell:Creating environment hook '/home/tiffy/One-Wish-Coders/install/tidal_vehicle_interfaces/share/tidal_vehicle_interfaces/hook/pythonpath.sh'
[2.894s] Level 1:colcon.colcon_core.environment:checking '/home/tiffy/One-Wish-Coders/install/tidal_vehicle_interfaces/bin'
[2.895s] INFO:colcon.colcon_core.shell:Creating package script '/home/tiffy/One-Wish-Coders/install/tidal_vehicle_interfaces/share/tidal_vehicle_interfaces/package.ps1'
[2.902s] INFO:colcon.colcon_core.shell:Creating package descriptor '/home/tiffy/One-Wish-Coders/install/tidal_vehicle_interfaces/share/tidal_vehicle_interfaces/package.dsv'
[2.904s] INFO:colcon.colcon_core.shell:Creating package script '/home/tiffy/One-Wish-Coders/install/tidal_vehicle_interfaces/share/tidal_vehicle_interfaces/package.sh'
[2.905s] INFO:colcon.colcon_core.shell:Creating package script '/home/tiffy/One-Wish-Coders/install/tidal_vehicle_interfaces/share/tidal_vehicle_interfaces/package.bash'
[2.906s] INFO:colcon.colcon_core.shell:Creating package script '/home/tiffy/One-Wish-Coders/install/tidal_vehicle_interfaces/share/tidal_vehicle_interfaces/package.zsh'
[2.907s] Level 1:colcon.colcon_core.environment:create_file_with_runtime_dependencies(/home/tiffy/One-Wish-Coders/install/tidal_vehicle_interfaces/share/colcon-core/packages/tidal_vehicle_interfaces)
[2.909s] INFO:colcon.colcon_ros.task.ament_cmake.build:Building ROS package in '/home/tiffy/One-Wish-Coders/autonomous_tidal_vehicle_ws/src/tidal_vehicle_simulation' with build type 'ament_cmake'
[2.909s] INFO:colcon.colcon_cmake.task.cmake.build:Building CMake package in '/home/tiffy/One-Wish-Coders/autonomous_tidal_vehicle_ws/src/tidal_vehicle_simulation'
[2.910s] INFO:colcon.colcon_core.shell:Skip shell extension 'powershell' for command environment: Not usable outside of PowerShell
[2.910s] DEBUG:colcon.colcon_core.shell:Skip shell extension 'dsv' for command environment
[3.084s] DEBUG:colcon.colcon_core.event_handler.log_command:Invoking command in '/home/tiffy/One-Wish-Coders/build/tidal_vehicle_simulation': AMENT_PREFIX_PATH=/home/tiffy/One-Wish-Coders/install/tidal_vehicle_interfaces:${AMENT_PREFIX_PATH} CMAKE_PREFIX_PATH=/home/tiffy/One-Wish-Coders/install/tidal_vehicle_interfaces:/opt/ros/jazzy/opt/gz_sim_vendor:/opt/ros/jazzy/opt/gz_sensors_vendor:/opt/ros/jazzy/opt/gz_physics_vendor:/opt/ros/jazzy/opt/sdformat_vendor:/opt/ros/jazzy/opt/gz_gui_vendor:/opt/ros/jazzy/opt/gz_transport_vendor:/opt/ros/jazzy/opt/gz_rendering_vendor:/opt/ros/jazzy/opt/gz_plugin_vendor:/opt/ros/jazzy/opt/gz_fuel_tools_vendor:/opt/ros/jazzy/opt/gz_msgs_vendor:/opt/ros/jazzy/opt/gz_common_vendor:/opt/ros/jazzy/opt/gz_math_vendor:/opt/ros/jazzy/opt/gz_utils_vendor:/opt/ros/jazzy/opt/gz_tools_vendor:/opt/ros/jazzy/opt/gz_ogre_next_vendor:/opt/ros/jazzy/opt/gz_dartsim_vendor:/opt/ros/jazzy/opt/gz_cmake_vendor:/opt/ros/jazzy LD_LIBRARY_PATH=/home/tiffy/One-Wish-Coders/install/tidal_vehicle_interfaces/lib:${LD_LIBRARY_PATH} PYTHONPATH=/home/tiffy/One-Wish-Coders/install/tidal_vehicle_interfaces/lib/python3.12/site-packages:${PYTHONPATH} /usr/bin/cmake --build /home/tiffy/One-Wish-Coders/build/tidal_vehicle_simulation -- -j14 -l14
[3.240s] DEBUG:colcon.colcon_core.event_handler.log_command:Invoked command in '/home/tiffy/One-Wish-Coders/build/tidal_vehicle_simulation' returned '0': AMENT_PREFIX_PATH=/home/tiffy/One-Wish-Coders/install/tidal_vehicle_interfaces:${AMENT_PREFIX_PATH} CMAKE_PREFIX_PATH=/home/tiffy/One-Wish-Coders/install/tidal_vehicle_interfaces:/opt/ros/jazzy/opt/gz_sim_vendor:/opt/ros/jazzy/opt/gz_sensors_vendor:/opt/ros/jazzy/opt/gz_physics_vendor:/opt/ros/jazzy/opt/sdformat_vendor:/opt/ros/jazzy/opt/gz_gui_vendor:/opt/ros/jazzy/opt/gz_transport_vendor:/opt/ros/jazzy/opt/gz_rendering_vendor:/opt/ros/jazzy/opt/gz_plugin_vendor:/opt/ros/jazzy/opt/gz_fuel_tools_vendor:/opt/ros/jazzy/opt/gz_msgs_vendor:/opt/ros/jazzy/opt/gz_common_vendor:/opt/ros/jazzy/opt/gz_math_vendor:/opt/ros/jazzy/opt/gz_utils_vendor:/opt/ros/jazzy/opt/gz_tools_vendor:/opt/ros/jazzy/opt/gz_ogre_next_vendor:/opt/ros/jazzy/opt/gz_dartsim_vendor:/opt/ros/jazzy/opt/gz_cmake_vendor:/opt/ros/jazzy LD_LIBRARY_PATH=/home/tiffy/One-Wish-Coders/install/tidal_vehicle_interfaces/lib:${LD_LIBRARY_PATH} PYTHONPATH=/home/tiffy/One-Wish-Coders/install/tidal_vehicle_interfaces/lib/python3.12/site-packages:${PYTHONPATH} /usr/bin/cmake --build /home/tiffy/One-Wish-Coders/build/tidal_vehicle_simulation -- -j14 -l14
[3.240s] DEBUG:colcon.colcon_core.event_handler.log_command:Invoking command in '/home/tiffy/One-Wish-Coders/build/tidal_vehicle_simulation': AMENT_PREFIX_PATH=/home/tiffy/One-Wish-Coders/install/tidal_vehicle_interfaces:${AMENT_PREFIX_PATH} CMAKE_PREFIX_PATH=/home/tiffy/One-Wish-Coders/install/tidal_vehicle_interfaces:/opt/ros/jazzy/opt/gz_sim_vendor:/opt/ros/jazzy/opt/gz_sensors_vendor:/opt/ros/jazzy/opt/gz_physics_vendor:/opt/ros/jazzy/opt/sdformat_vendor:/opt/ros/jazzy/opt/gz_gui_vendor:/opt/ros/jazzy/opt/gz_transport_vendor:/opt/ros/jazzy/opt/gz_rendering_vendor:/opt/ros/jazzy/opt/gz_plugin_vendor:/opt/ros/jazzy/opt/gz_fuel_tools_vendor:/opt/ros/jazzy/opt/gz_msgs_vendor:/opt/ros/jazzy/opt/gz_common_vendor:/opt/ros/jazzy/opt/gz_math_vendor:/opt/ros/jazzy/opt/gz_utils_vendor:/opt/ros/jazzy/opt/gz_tools_vendor:/opt/ros/jazzy/opt/gz_ogre_next_vendor:/opt/ros/jazzy/opt/gz_dartsim_vendor:/opt/ros/jazzy/opt/gz_cmake_vendor:/opt/ros/jazzy LD_LIBRARY_PATH=/home/tiffy/One-Wish-Coders/install/tidal_vehicle_interfaces/lib:${LD_LIBRARY_PATH} PYTHONPATH=/home/tiffy/One-Wish-Coders/install/tidal_vehicle_interfaces/lib/python3.12/site-packages:${PYTHONPATH} /usr/bin/cmake --install /home/tiffy/One-Wish-Coders/build/tidal_vehicle_simulation
[3.313s] Level 1:colcon.colcon_core.environment:create_environment_scripts_only(tidal_vehicle_simulation)
[3.314s] Level 1:colcon.colcon_core.environment:checking '/home/tiffy/One-Wish-Coders/install/tidal_vehicle_simulation' for CMake module files
[3.315s] Level 1:colcon.colcon_core.environment:checking '/home/tiffy/One-Wish-Coders/install/tidal_vehicle_simulation' for CMake config files
[3.315s] Level 1:colcon.colcon_core.shell:create_environment_hook('tidal_vehicle_simulation', 'cmake_prefix_path')
[3.316s] INFO:colcon.colcon_core.shell:Creating environment hook '/home/tiffy/One-Wish-Coders/install/tidal_vehicle_simulation/share/tidal_vehicle_simulation/hook/cmake_prefix_path.ps1'
[3.317s] INFO:colcon.colcon_core.shell:Creating environment descriptor '/home/tiffy/One-Wish-Coders/install/tidal_vehicle_simulation/share/tidal_vehicle_simulation/hook/cmake_prefix_path.dsv'
[3.317s] DEBUG:colcon.colcon_core.event_handler.log_command:Invoked command in '/home/tiffy/One-Wish-Coders/build/tidal_vehicle_simulation' returned '0': AMENT_PREFIX_PATH=/home/tiffy/One-Wish-Coders/install/tidal_vehicle_interfaces:${AMENT_PREFIX_PATH} CMAKE_PREFIX_PATH=/home/tiffy/One-Wish-Coders/install/tidal_vehicle_interfaces:/opt/ros/jazzy/opt/gz_sim_vendor:/opt/ros/jazzy/opt/gz_sensors_vendor:/opt/ros/jazzy/opt/gz_physics_vendor:/opt/ros/jazzy/opt/sdformat_vendor:/opt/ros/jazzy/opt/gz_gui_vendor:/opt/ros/jazzy/opt/gz_transport_vendor:/opt/ros/jazzy/opt/gz_rendering_vendor:/opt/ros/jazzy/opt/gz_plugin_vendor:/opt/ros/jazzy/opt/gz_fuel_tools_vendor:/opt/ros/jazzy/opt/gz_msgs_vendor:/opt/ros/jazzy/opt/gz_common_vendor:/opt/ros/jazzy/opt/gz_math_vendor:/opt/ros/jazzy/opt/gz_utils_vendor:/opt/ros/jazzy/opt/gz_tools_vendor:/opt/ros/jazzy/opt/gz_ogre_next_vendor:/opt/ros/jazzy/opt/gz_dartsim_vendor:/opt/ros/jazzy/opt/gz_cmake_vendor:/opt/ros/jazzy LD_LIBRARY_PATH=/home/tiffy/One-Wish-Coders/install/tidal_vehicle_interfaces/lib:${LD_LIBRARY_PATH} PYTHONPATH=/home/tiffy/One-Wish-Coders/install/tidal_vehicle_interfaces/lib/python3.12/site-packages:${PYTHONPATH} /usr/bin/cmake --install /home/tiffy/One-Wish-Coders/build/tidal_vehicle_simulation
[3.318s] INFO:colcon.colcon_core.shell:Creating environment hook '/home/tiffy/One-Wish-Coders/install/tidal_vehicle_simulation/share/tidal_vehicle_simulation/hook/cmake_prefix_path.sh'
[3.319s] Level 1:colcon.colcon_core.environment:checking '/home/tiffy/One-Wish-Coders/install/tidal_vehicle_simulation/lib'
[3.319s] Level 1:colcon.colcon_core.shell:create_environment_hook('tidal_vehicle_simulation', 'ld_library_path_lib')
[3.319s] INFO:colcon.colcon_core.shell:Creating environment hook '/home/tiffy/One-Wish-Coders/install/tidal_vehicle_simulation/share/tidal_vehicle_simulation/hook/ld_library_path_lib.ps1'
[3.320s] INFO:colcon.colcon_core.shell:Creating environment descriptor '/home/tiffy/One-Wish-Coders/install/tidal_vehicle_simulation/share/tidal_vehicle_simulation/hook/ld_library_path_lib.dsv'
[3.320s] INFO:colcon.colcon_core.shell:Creating environment hook '/home/tiffy/One-Wish-Coders/install/tidal_vehicle_simulation/share/tidal_vehicle_simulation/hook/ld_library_path_lib.sh'
[3.321s] Level 1:colcon.colcon_core.environment:checking '/home/tiffy/One-Wish-Coders/install/tidal_vehicle_simulation/bin'
[3.321s] Level 1:colcon.colcon_core.environment:checking '/home/tiffy/One-Wish-Coders/install/tidal_vehicle_simulation/lib/pkgconfig/tidal_vehicle_simulation.pc'
[3.321s] Level 1:colcon.colcon_core.environment:checking '/home/tiffy/One-Wish-Coders/install/tidal_vehicle_simulation/lib/python3.12/site-packages'
[3.322s] Level 1:colcon.colcon_core.environment:checking '/home/tiffy/One-Wish-Coders/install/tidal_vehicle_simulation/bin'
[3.322s] INFO:colcon.colcon_core.shell:Creating package script '/home/tiffy/One-Wish-Coders/install/tidal_vehicle_simulation/share/tidal_vehicle_simulation/package.ps1'
[3.324s] INFO:colcon.colcon_core.shell:Creating package descriptor '/home/tiffy/One-Wish-Coders/install/tidal_vehicle_simulation/share/tidal_vehicle_simulation/package.dsv'
[3.325s] INFO:colcon.colcon_core.shell:Creating package script '/home/tiffy/One-Wish-Coders/install/tidal_vehicle_simulation/share/tidal_vehicle_simulation/package.sh'
[3.325s] INFO:colcon.colcon_core.shell:Creating package script '/home/tiffy/One-Wish-Coders/install/tidal_vehicle_simulation/share/tidal_vehicle_simulation/package.bash'
[3.326s] INFO:colcon.colcon_core.shell:Creating package script '/home/tiffy/One-Wish-Coders/install/tidal_vehicle_simulation/share/tidal_vehicle_simulation/package.zsh'
[3.328s] Level 1:colcon.colcon_core.environment:create_file_with_runtime_dependencies(/home/tiffy/One-Wish-Coders/install/tidal_vehicle_simulation/share/colcon-core/packages/tidal_vehicle_simulation)
[3.329s] Level 1:colcon.colcon_core.environment:create_environment_scripts_only(tidal_vehicle_simulation)
[3.329s] Level 1:colcon.colcon_core.environment:checking '/home/tiffy/One-Wish-Coders/install/tidal_vehicle_simulation' for CMake module files
[3.330s] Level 1:colcon.colcon_core.environment:checking '/home/tiffy/One-Wish-Coders/install/tidal_vehicle_simulation' for CMake config files
[3.331s] Level 1:colcon.colcon_core.shell:create_environment_hook('tidal_vehicle_simulation', 'cmake_prefix_path')
[3.331s] INFO:colcon.colcon_core.shell:Creating environment hook '/home/tiffy/One-Wish-Coders/install/tidal_vehicle_simulation/share/tidal_vehicle_simulation/hook/cmake_prefix_path.ps1'
[3.333s] INFO:colcon.colcon_core.shell:Creating environment descriptor '/home/tiffy/One-Wish-Coders/install/tidal_vehicle_simulation/share/tidal_vehicle_simulation/hook/cmake_prefix_path.dsv'
[3.334s] INFO:colcon.colcon_core.shell:Creating environment hook '/home/tiffy/One-Wish-Coders/install/tidal_vehicle_simulation/share/tidal_vehicle_simulation/hook/cmake_prefix_path.sh'
[3.335s] Level 1:colcon.colcon_core.environment:checking '/home/tiffy/One-Wish-Coders/install/tidal_vehicle_simulation/lib'
[3.335s] Level 1:colcon.colcon_core.shell:create_environment_hook('tidal_vehicle_simulation', 'ld_library_path_lib')
[3.336s] INFO:colcon.colcon_core.shell:Creating environment hook '/home/tiffy/One-Wish-Coders/install/tidal_vehicle_simulation/share/tidal_vehicle_simulation/hook/ld_library_path_lib.ps1'
[3.337s] INFO:colcon.colcon_core.shell:Creating environment descriptor '/home/tiffy/One-Wish-Coders/install/tidal_vehicle_simulation/share/tidal_vehicle_simulation/hook/ld_library_path_lib.dsv'
[3.337s] INFO:colcon.colcon_core.shell:Creating environment hook '/home/tiffy/One-Wish-Coders/install/tidal_vehicle_simulation/share/tidal_vehicle_simulation/hook/ld_library_path_lib.sh'
[3.339s] Level 1:colcon.colcon_core.environment:checking '/home/tiffy/One-Wish-Coders/install/tidal_vehicle_simulation/bin'
[3.339s] Level 1:colcon.colcon_core.environment:checking '/home/tiffy/One-Wish-Coders/install/tidal_vehicle_simulation/lib/pkgconfig/tidal_vehicle_simulation.pc'
[3.339s] Level 1:colcon.colcon_core.environment:checking '/home/tiffy/One-Wish-Coders/install/tidal_vehicle_simulation/lib/python3.12/site-packages'
[3.340s] Level 1:colcon.colcon_core.environment:checking '/home/tiffy/One-Wish-Coders/install/tidal_vehicle_simulation/bin'
[3.341s] INFO:colcon.colcon_core.shell:Creating package script '/home/tiffy/One-Wish-Coders/install/tidal_vehicle_simulation/share/tidal_vehicle_simulation/package.ps1'
[3.343s] INFO:colcon.colcon_core.shell:Creating package descriptor '/home/tiffy/One-Wish-Coders/install/tidal_vehicle_simulation/share/tidal_vehicle_simulation/package.dsv'
[3.343s] INFO:colcon.colcon_core.shell:Creating package script '/home/tiffy/One-Wish-Coders/install/tidal_vehicle_simulation/share/tidal_vehicle_simulation/package.sh'
[3.344s] INFO:colcon.colcon_core.shell:Creating package script '/home/tiffy/One-Wish-Coders/install/tidal_vehicle_simulation/share/tidal_vehicle_simulation/package.bash'
[3.346s] INFO:colcon.colcon_core.shell:Creating package script '/home/tiffy/One-Wish-Coders/install/tidal_vehicle_simulation/share/tidal_vehicle_simulation/package.zsh'
[3.347s] Level 1:colcon.colcon_core.environment:create_file_with_runtime_dependencies(/home/tiffy/One-Wish-Coders/install/tidal_vehicle_simulation/share/colcon-core/packages/tidal_vehicle_simulation)
[3.348s] DEBUG:colcon.colcon_parallel_executor.executor.parallel:closing loop
[3.349s] DEBUG:colcon.colcon_parallel_executor.executor.parallel:loop closed
[3.350s] DEBUG:colcon.colcon_parallel_executor.executor.parallel:run_until_complete finished with '0'
[3.350s] DEBUG:colcon.colcon_core.event_reactor:joining thread
[3.418s] INFO:colcon.colcon_core.plugin_system:Skipping extension 'colcon_notification.desktop_notification.notify_send': Could not find 'notify-send'
[3.418s] INFO:colcon.colcon_core.plugin_system:Skipping extension 'colcon_notification.desktop_notification.terminal_notifier': Not used on non-Darwin systems
[3.418s] INFO:colcon.colcon_core.plugin_system:Skipping extension 'colcon_notification.desktop_notification.win32': Not used on non-Windows systems
[3.419s] INFO:colcon.colcon_notification.desktop_notification:Sending desktop notification using 'notify2'
[3.422s] DEBUG:colcon.colcon_notification.desktop_notification.notify2:Failed to initialize notify2: org.freedesktop.DBus.Error.ServiceUnknown: The name org.freedesktop.Notifications was not provided by any .service files
[3.424s] DEBUG:colcon.colcon_core.event_reactor:joined thread
[3.425s] INFO:colcon.colcon_core.shell:Creating prefix script '/home/tiffy/One-Wish-Coders/install/local_setup.ps1'
[3.426s] INFO:colcon.colcon_core.shell:Creating prefix util module '/home/tiffy/One-Wish-Coders/install/_local_setup_util_ps1.py'
[3.428s] INFO:colcon.colcon_core.shell:Creating prefix chain script '/home/tiffy/One-Wish-Coders/install/setup.ps1'
[3.430s] INFO:colcon.colcon_core.shell:Creating prefix script '/home/tiffy/One-Wish-Coders/install/local_setup.sh'
[3.431s] INFO:colcon.colcon_core.shell:Creating prefix util module '/home/tiffy/One-Wish-Coders/install/_local_setup_util_sh.py'
[3.432s] INFO:colcon.colcon_core.shell:Creating prefix chain script '/home/tiffy/One-Wish-Coders/install/setup.sh'
[3.434s] INFO:colcon.colcon_core.shell:Creating prefix script '/home/tiffy/One-Wish-Coders/install/local_setup.bash'
[3.435s] INFO:colcon.colcon_core.shell:Creating prefix chain script '/home/tiffy/One-Wish-Coders/install/setup.bash'
[3.437s] INFO:colcon.colcon_core.shell:Creating prefix script '/home/tiffy/One-Wish-Coders/install/local_setup.zsh'
[3.438s] INFO:colcon.colcon_core.shell:Creating prefix chain script '/home/tiffy/One-Wish-Coders/install/setup.zsh'
