[0.338s] DEBUG:colcon:Command line arguments: ['/usr/bin/colcon', 'build', '--symlink-install', '--packages-select', 'tidal_vehicle_simulation']
[0.338s] DEBUG:colcon:Parsed command line arguments: Namespace(log_base=None, log_level=None, verb_name='build', build_base='build', install_base='install', merge_install=False, symlink_install=True, test_result_base=None, continue_on_error=False, executor='parallel', parallel_workers=14, event_handlers=None, ignore_user_meta=False, metas=['./colcon.meta'], base_paths=['.'], packages_ignore=None, packages_ignore_regex=None, paths=None, packages_up_to=None, packages_up_to_regex=None, packages_above=None, packages_above_and_dependencies=None, packages_above_depth=None, packages_select_by_dep=None, packages_skip_by_dep=None, packages_skip_up_to=None, packages_select_build_failed=False, packages_skip_build_finished=False, packages_select_test_failures=False, packages_skip_test_passed=False, packages_select=['tidal_vehicle_simulation'], packages_skip=None, packages_select_regex=None, packages_skip_regex=None, packages_start=None, packages_end=None, allow_overriding=[], cmake_args=None, cmake_target=None, cmake_target_skip_unavailable=False, cmake_clean_cache=False, cmake_clean_first=False, cmake_force_configure=False, ament_cmake_args=None, catkin_cmake_args=None, catkin_skip_building_tests=False, verb_parser=<colcon_defaults.argument_parser.defaults.DefaultArgumentsDecorator object at 0x7d1433c63f80>, verb_extension=<colcon_core.verb.build.BuildVerb object at 0x7d1434687590>, main=<bound method BuildVerb.main of <colcon_core.verb.build.BuildVerb object at 0x7d1434687590>>)
[0.431s] Level 1:colcon.colcon_core.package_discovery:discover_packages(colcon_meta) check parameters
[0.432s] Level 1:colcon.colcon_core.package_discovery:discover_packages(recursive) check parameters
[0.432s] Level 1:colcon.colcon_core.package_discovery:discover_packages(ignore) check parameters
[0.432s] Level 1:colcon.colcon_core.package_discovery:discover_packages(path) check parameters
[0.432s] Level 1:colcon.colcon_core.package_discovery:discover_packages(colcon_meta) discover
[0.432s] Level 1:colcon.colcon_core.package_discovery:discover_packages(recursive) discover
[0.432s] INFO:colcon.colcon_core.package_discovery:Crawling recursively for packages in '/home/tiffy/One-Wish-Coders'
[0.433s] Level 1:colcon.colcon_core.package_identification:_identify(.) by extensions ['ignore', 'ignore_ament_install']
[0.433s] Level 1:colcon.colcon_core.package_identification:_identify(.) by extension 'ignore'
[0.433s] Level 1:colcon.colcon_core.package_identification:_identify(.) by extension 'ignore_ament_install'
[0.433s] Level 1:colcon.colcon_core.package_identification:_identify(.) by extensions ['colcon_pkg']
[0.433s] Level 1:colcon.colcon_core.package_identification:_identify(.) by extension 'colcon_pkg'
[0.433s] Level 1:colcon.colcon_core.package_identification:_identify(.) by extensions ['colcon_meta']
[0.433s] Level 1:colcon.colcon_core.package_identification:_identify(.) by extension 'colcon_meta'
[0.433s] Level 1:colcon.colcon_core.package_identification:_identify(.) by extensions ['ros']
[0.433s] Level 1:colcon.colcon_core.package_identification:_identify(.) by extension 'ros'
[0.494s] Level 1:colcon.colcon_core.package_identification:_identify(.) by extensions ['cmake', 'python']
[0.494s] Level 1:colcon.colcon_core.package_identification:_identify(.) by extension 'cmake'
[0.494s] Level 1:colcon.colcon_core.package_identification:_identify(.) by extension 'python'
[0.494s] Level 1:colcon.colcon_core.package_identification:_identify(.) by extensions ['python_setup_py']
[0.495s] Level 1:colcon.colcon_core.package_identification:_identify(.) by extension 'python_setup_py'
[0.495s] Level 1:colcon.colcon_core.package_identification:_identify(assets) by extensions ['ignore', 'ignore_ament_install']
[0.495s] Level 1:colcon.colcon_core.package_identification:_identify(assets) by extension 'ignore'
[0.495s] Level 1:colcon.colcon_core.package_identification:_identify(assets) by extension 'ignore_ament_install'
[0.495s] Level 1:colcon.colcon_core.package_identification:_identify(assets) by extensions ['colcon_pkg']
[0.495s] Level 1:colcon.colcon_core.package_identification:_identify(assets) by extension 'colcon_pkg'
[0.495s] Level 1:colcon.colcon_core.package_identification:_identify(assets) by extensions ['colcon_meta']
[0.496s] Level 1:colcon.colcon_core.package_identification:_identify(assets) by extension 'colcon_meta'
[0.496s] Level 1:colcon.colcon_core.package_identification:_identify(assets) by extensions ['ros']
[0.496s] Level 1:colcon.colcon_core.package_identification:_identify(assets) by extension 'ros'
[0.496s] Level 1:colcon.colcon_core.package_identification:_identify(assets) by extensions ['cmake', 'python']
[0.496s] Level 1:colcon.colcon_core.package_identification:_identify(assets) by extension 'cmake'
[0.496s] Level 1:colcon.colcon_core.package_identification:_identify(assets) by extension 'python'
[0.496s] Level 1:colcon.colcon_core.package_identification:_identify(assets) by extensions ['python_setup_py']
[0.496s] Level 1:colcon.colcon_core.package_identification:_identify(assets) by extension 'python_setup_py'
[0.496s] Level 1:colcon.colcon_core.package_identification:_identify(autonomous_tidal_vehicle_ws) by extensions ['ignore', 'ignore_ament_install']
[0.496s] Level 1:colcon.colcon_core.package_identification:_identify(autonomous_tidal_vehicle_ws) by extension 'ignore'
[0.496s] Level 1:colcon.colcon_core.package_identification:_identify(autonomous_tidal_vehicle_ws) by extension 'ignore_ament_install'
[0.496s] Level 1:colcon.colcon_core.package_identification:_identify(autonomous_tidal_vehicle_ws) by extensions ['colcon_pkg']
[0.496s] Level 1:colcon.colcon_core.package_identification:_identify(autonomous_tidal_vehicle_ws) by extension 'colcon_pkg'
[0.496s] Level 1:colcon.colcon_core.package_identification:_identify(autonomous_tidal_vehicle_ws) by extensions ['colcon_meta']
[0.496s] Level 1:colcon.colcon_core.package_identification:_identify(autonomous_tidal_vehicle_ws) by extension 'colcon_meta'
[0.496s] Level 1:colcon.colcon_core.package_identification:_identify(autonomous_tidal_vehicle_ws) by extensions ['ros']
[0.496s] Level 1:colcon.colcon_core.package_identification:_identify(autonomous_tidal_vehicle_ws) by extension 'ros'
[0.497s] Level 1:colcon.colcon_core.package_identification:_identify(autonomous_tidal_vehicle_ws) by extensions ['cmake', 'python']
[0.497s] Level 1:colcon.colcon_core.package_identification:_identify(autonomous_tidal_vehicle_ws) by extension 'cmake'
[0.497s] Level 1:colcon.colcon_core.package_identification:_identify(autonomous_tidal_vehicle_ws) by extension 'python'
[0.499s] Level 1:colcon.colcon_core.package_identification:_identify(autonomous_tidal_vehicle_ws) by extensions ['python_setup_py']
[0.499s] Level 1:colcon.colcon_core.package_identification:_identify(autonomous_tidal_vehicle_ws) by extension 'python_setup_py'
[0.501s] Level 1:colcon.colcon_core.package_identification:_identify(autonomous_tidal_vehicle_ws/build) by extensions ['ignore', 'ignore_ament_install']
[0.502s] Level 1:colcon.colcon_core.package_identification:_identify(autonomous_tidal_vehicle_ws/build) by extension 'ignore'
[0.502s] Level 1:colcon.colcon_core.package_identification:_identify(autonomous_tidal_vehicle_ws/build) ignored
[0.502s] Level 1:colcon.colcon_core.package_identification:_identify(autonomous_tidal_vehicle_ws/install) by extensions ['ignore', 'ignore_ament_install']
[0.503s] Level 1:colcon.colcon_core.package_identification:_identify(autonomous_tidal_vehicle_ws/install) by extension 'ignore'
[0.503s] Level 1:colcon.colcon_core.package_identification:_identify(autonomous_tidal_vehicle_ws/install) ignored
[0.503s] Level 1:colcon.colcon_core.package_identification:_identify(autonomous_tidal_vehicle_ws/log) by extensions ['ignore', 'ignore_ament_install']
[0.503s] Level 1:colcon.colcon_core.package_identification:_identify(autonomous_tidal_vehicle_ws/log) by extension 'ignore'
[0.503s] Level 1:colcon.colcon_core.package_identification:_identify(autonomous_tidal_vehicle_ws/log) ignored
[0.504s] Level 1:colcon.colcon_core.package_identification:_identify(autonomous_tidal_vehicle_ws/src) by extensions ['ignore', 'ignore_ament_install']
[0.504s] Level 1:colcon.colcon_core.package_identification:_identify(autonomous_tidal_vehicle_ws/src) by extension 'ignore'
[0.504s] Level 1:colcon.colcon_core.package_identification:_identify(autonomous_tidal_vehicle_ws/src) by extension 'ignore_ament_install'
[0.504s] Level 1:colcon.colcon_core.package_identification:_identify(autonomous_tidal_vehicle_ws/src) by extensions ['colcon_pkg']
[0.504s] Level 1:colcon.colcon_core.package_identification:_identify(autonomous_tidal_vehicle_ws/src) by extension 'colcon_pkg'
[0.504s] Level 1:colcon.colcon_core.package_identification:_identify(autonomous_tidal_vehicle_ws/src) by extensions ['colcon_meta']
[0.504s] Level 1:colcon.colcon_core.package_identification:_identify(autonomous_tidal_vehicle_ws/src) by extension 'colcon_meta'
[0.505s] Level 1:colcon.colcon_core.package_identification:_identify(autonomous_tidal_vehicle_ws/src) by extensions ['ros']
[0.505s] Level 1:colcon.colcon_core.package_identification:_identify(autonomous_tidal_vehicle_ws/src) by extension 'ros'
[0.505s] Level 1:colcon.colcon_core.package_identification:_identify(autonomous_tidal_vehicle_ws/src) by extensions ['cmake', 'python']
[0.505s] Level 1:colcon.colcon_core.package_identification:_identify(autonomous_tidal_vehicle_ws/src) by extension 'cmake'
[0.505s] Level 1:colcon.colcon_core.package_identification:_identify(autonomous_tidal_vehicle_ws/src) by extension 'python'
[0.505s] Level 1:colcon.colcon_core.package_identification:_identify(autonomous_tidal_vehicle_ws/src) by extensions ['python_setup_py']
[0.505s] Level 1:colcon.colcon_core.package_identification:_identify(autonomous_tidal_vehicle_ws/src) by extension 'python_setup_py'
[0.505s] Level 1:colcon.colcon_core.package_identification:_identify(autonomous_tidal_vehicle_ws/src/tidal_vehicle_autonomy) by extensions ['ignore', 'ignore_ament_install']
[0.505s] Level 1:colcon.colcon_core.package_identification:_identify(autonomous_tidal_vehicle_ws/src/tidal_vehicle_autonomy) by extension 'ignore'
[0.506s] Level 1:colcon.colcon_core.package_identification:_identify(autonomous_tidal_vehicle_ws/src/tidal_vehicle_autonomy) by extension 'ignore_ament_install'
[0.506s] Level 1:colcon.colcon_core.package_identification:_identify(autonomous_tidal_vehicle_ws/src/tidal_vehicle_autonomy) by extensions ['colcon_pkg']
[0.506s] Level 1:colcon.colcon_core.package_identification:_identify(autonomous_tidal_vehicle_ws/src/tidal_vehicle_autonomy) by extension 'colcon_pkg'
[0.507s] Level 1:colcon.colcon_core.package_identification:_identify(autonomous_tidal_vehicle_ws/src/tidal_vehicle_autonomy) by extensions ['colcon_meta']
[0.507s] Level 1:colcon.colcon_core.package_identification:_identify(autonomous_tidal_vehicle_ws/src/tidal_vehicle_autonomy) by extension 'colcon_meta'
[0.507s] Level 1:colcon.colcon_core.package_identification:_identify(autonomous_tidal_vehicle_ws/src/tidal_vehicle_autonomy) by extensions ['ros']
[0.507s] Level 1:colcon.colcon_core.package_identification:_identify(autonomous_tidal_vehicle_ws/src/tidal_vehicle_autonomy) by extension 'ros'
[0.513s] DEBUG:colcon.colcon_core.package_identification:Package 'autonomous_tidal_vehicle_ws/src/tidal_vehicle_autonomy' with type 'ros.ament_python' and name 'tidal_vehicle_autonomy'
[0.513s] Level 1:colcon.colcon_core.package_identification:_identify(autonomous_tidal_vehicle_ws/src/tidal_vehicle_bringup) by extensions ['ignore', 'ignore_ament_install']
[0.513s] Level 1:colcon.colcon_core.package_identification:_identify(autonomous_tidal_vehicle_ws/src/tidal_vehicle_bringup) by extension 'ignore'
[0.513s] Level 1:colcon.colcon_core.package_identification:_identify(autonomous_tidal_vehicle_ws/src/tidal_vehicle_bringup) by extension 'ignore_ament_install'
[0.514s] Level 1:colcon.colcon_core.package_identification:_identify(autonomous_tidal_vehicle_ws/src/tidal_vehicle_bringup) by extensions ['colcon_pkg']
[0.514s] Level 1:colcon.colcon_core.package_identification:_identify(autonomous_tidal_vehicle_ws/src/tidal_vehicle_bringup) by extension 'colcon_pkg'
[0.514s] Level 1:colcon.colcon_core.package_identification:_identify(autonomous_tidal_vehicle_ws/src/tidal_vehicle_bringup) by extensions ['colcon_meta']
[0.514s] Level 1:colcon.colcon_core.package_identification:_identify(autonomous_tidal_vehicle_ws/src/tidal_vehicle_bringup) by extension 'colcon_meta'
[0.514s] Level 1:colcon.colcon_core.package_identification:_identify(autonomous_tidal_vehicle_ws/src/tidal_vehicle_bringup) by extensions ['ros']
[0.514s] Level 1:colcon.colcon_core.package_identification:_identify(autonomous_tidal_vehicle_ws/src/tidal_vehicle_bringup) by extension 'ros'
[0.515s] DEBUG:colcon.colcon_core.package_identification:Package 'autonomous_tidal_vehicle_ws/src/tidal_vehicle_bringup' with type 'ros.ament_cmake' and name 'tidal_vehicle_bringup'
[0.516s] Level 1:colcon.colcon_core.package_identification:_identify(autonomous_tidal_vehicle_ws/src/tidal_vehicle_description) by extensions ['ignore', 'ignore_ament_install']
[0.516s] Level 1:colcon.colcon_core.package_identification:_identify(autonomous_tidal_vehicle_ws/src/tidal_vehicle_description) by extension 'ignore'
[0.516s] Level 1:colcon.colcon_core.package_identification:_identify(autonomous_tidal_vehicle_ws/src/tidal_vehicle_description) by extension 'ignore_ament_install'
[0.516s] Level 1:colcon.colcon_core.package_identification:_identify(autonomous_tidal_vehicle_ws/src/tidal_vehicle_description) by extensions ['colcon_pkg']
[0.516s] Level 1:colcon.colcon_core.package_identification:_identify(autonomous_tidal_vehicle_ws/src/tidal_vehicle_description) by extension 'colcon_pkg'
[0.516s] Level 1:colcon.colcon_core.package_identification:_identify(autonomous_tidal_vehicle_ws/src/tidal_vehicle_description) by extensions ['colcon_meta']
[0.516s] Level 1:colcon.colcon_core.package_identification:_identify(autonomous_tidal_vehicle_ws/src/tidal_vehicle_description) by extension 'colcon_meta'
[0.516s] Level 1:colcon.colcon_core.package_identification:_identify(autonomous_tidal_vehicle_ws/src/tidal_vehicle_description) by extensions ['ros']
[0.516s] Level 1:colcon.colcon_core.package_identification:_identify(autonomous_tidal_vehicle_ws/src/tidal_vehicle_description) by extension 'ros'
[0.517s] DEBUG:colcon.colcon_core.package_identification:Package 'autonomous_tidal_vehicle_ws/src/tidal_vehicle_description' with type 'ros.ament_cmake' and name 'tidal_vehicle_description'
[0.517s] Level 1:colcon.colcon_core.package_identification:_identify(autonomous_tidal_vehicle_ws/src/tidal_vehicle_evaluation) by extensions ['ignore', 'ignore_ament_install']
[0.517s] Level 1:colcon.colcon_core.package_identification:_identify(autonomous_tidal_vehicle_ws/src/tidal_vehicle_evaluation) by extension 'ignore'
[0.517s] Level 1:colcon.colcon_core.package_identification:_identify(autonomous_tidal_vehicle_ws/src/tidal_vehicle_evaluation) by extension 'ignore_ament_install'
[0.517s] Level 1:colcon.colcon_core.package_identification:_identify(autonomous_tidal_vehicle_ws/src/tidal_vehicle_evaluation) by extensions ['colcon_pkg']
[0.518s] Level 1:colcon.colcon_core.package_identification:_identify(autonomous_tidal_vehicle_ws/src/tidal_vehicle_evaluation) by extension 'colcon_pkg'
[0.518s] Level 1:colcon.colcon_core.package_identification:_identify(autonomous_tidal_vehicle_ws/src/tidal_vehicle_evaluation) by extensions ['colcon_meta']
[0.518s] Level 1:colcon.colcon_core.package_identification:_identify(autonomous_tidal_vehicle_ws/src/tidal_vehicle_evaluation) by extension 'colcon_meta'
[0.518s] Level 1:colcon.colcon_core.package_identification:_identify(autonomous_tidal_vehicle_ws/src/tidal_vehicle_evaluation) by extensions ['ros']
[0.518s] Level 1:colcon.colcon_core.package_identification:_identify(autonomous_tidal_vehicle_ws/src/tidal_vehicle_evaluation) by extension 'ros'
[0.518s] DEBUG:colcon.colcon_core.package_identification:Package 'autonomous_tidal_vehicle_ws/src/tidal_vehicle_evaluation' with type 'ros.ament_python' and name 'tidal_vehicle_evaluation'
[0.518s] Level 1:colcon.colcon_core.package_identification:_identify(autonomous_tidal_vehicle_ws/src/tidal_vehicle_interfaces) by extensions ['ignore', 'ignore_ament_install']
[0.519s] Level 1:colcon.colcon_core.package_identification:_identify(autonomous_tidal_vehicle_ws/src/tidal_vehicle_interfaces) by extension 'ignore'
[0.519s] Level 1:colcon.colcon_core.package_identification:_identify(autonomous_tidal_vehicle_ws/src/tidal_vehicle_interfaces) by extension 'ignore_ament_install'
[0.519s] Level 1:colcon.colcon_core.package_identification:_identify(autonomous_tidal_vehicle_ws/src/tidal_vehicle_interfaces) by extensions ['colcon_pkg']
[0.519s] Level 1:colcon.colcon_core.package_identification:_identify(autonomous_tidal_vehicle_ws/src/tidal_vehicle_interfaces) by extension 'colcon_pkg'
[0.519s] Level 1:colcon.colcon_core.package_identification:_identify(autonomous_tidal_vehicle_ws/src/tidal_vehicle_interfaces) by extensions ['colcon_meta']
[0.519s] Level 1:colcon.colcon_core.package_identification:_identify(autonomous_tidal_vehicle_ws/src/tidal_vehicle_interfaces) by extension 'colcon_meta'
[0.519s] Level 1:colcon.colcon_core.package_identification:_identify(autonomous_tidal_vehicle_ws/src/tidal_vehicle_interfaces) by extensions ['ros']
[0.519s] Level 1:colcon.colcon_core.package_identification:_identify(autonomous_tidal_vehicle_ws/src/tidal_vehicle_interfaces) by extension 'ros'
[0.520s] DEBUG:colcon.colcon_core.package_identification:Package 'autonomous_tidal_vehicle_ws/src/tidal_vehicle_interfaces' with type 'ros.ament_cmake' and name 'tidal_vehicle_interfaces'
[0.520s] Level 1:colcon.colcon_core.package_identification:_identify(autonomous_tidal_vehicle_ws/src/tidal_vehicle_operator) by extensions ['ignore', 'ignore_ament_install']
[0.520s] Level 1:colcon.colcon_core.package_identification:_identify(autonomous_tidal_vehicle_ws/src/tidal_vehicle_operator) by extension 'ignore'
[0.520s] Level 1:colcon.colcon_core.package_identification:_identify(autonomous_tidal_vehicle_ws/src/tidal_vehicle_operator) by extension 'ignore_ament_install'
[0.520s] Level 1:colcon.colcon_core.package_identification:_identify(autonomous_tidal_vehicle_ws/src/tidal_vehicle_operator) by extensions ['colcon_pkg']
[0.520s] Level 1:colcon.colcon_core.package_identification:_identify(autonomous_tidal_vehicle_ws/src/tidal_vehicle_operator) by extension 'colcon_pkg'
[0.520s] Level 1:colcon.colcon_core.package_identification:_identify(autonomous_tidal_vehicle_ws/src/tidal_vehicle_operator) by extensions ['colcon_meta']
[0.520s] Level 1:colcon.colcon_core.package_identification:_identify(autonomous_tidal_vehicle_ws/src/tidal_vehicle_operator) by extension 'colcon_meta'
[0.520s] Level 1:colcon.colcon_core.package_identification:_identify(autonomous_tidal_vehicle_ws/src/tidal_vehicle_operator) by extensions ['ros']
[0.520s] Level 1:colcon.colcon_core.package_identification:_identify(autonomous_tidal_vehicle_ws/src/tidal_vehicle_operator) by extension 'ros'
[0.521s] DEBUG:colcon.colcon_core.package_identification:Package 'autonomous_tidal_vehicle_ws/src/tidal_vehicle_operator' with type 'ros.ament_python' and name 'tidal_vehicle_operator'
[0.521s] Level 1:colcon.colcon_core.package_identification:_identify(autonomous_tidal_vehicle_ws/src/tidal_vehicle_safety) by extensions ['ignore', 'ignore_ament_install']
[0.521s] Level 1:colcon.colcon_core.package_identification:_identify(autonomous_tidal_vehicle_ws/src/tidal_vehicle_safety) by extension 'ignore'
[0.522s] Level 1:colcon.colcon_core.package_identification:_identify(autonomous_tidal_vehicle_ws/src/tidal_vehicle_safety) by extension 'ignore_ament_install'
[0.522s] Level 1:colcon.colcon_core.package_identification:_identify(autonomous_tidal_vehicle_ws/src/tidal_vehicle_safety) by extensions ['colcon_pkg']
[0.522s] Level 1:colcon.colcon_core.package_identification:_identify(autonomous_tidal_vehicle_ws/src/tidal_vehicle_safety) by extension 'colcon_pkg'
[0.522s] Level 1:colcon.colcon_core.package_identification:_identify(autonomous_tidal_vehicle_ws/src/tidal_vehicle_safety) by extensions ['colcon_meta']
[0.522s] Level 1:colcon.colcon_core.package_identification:_identify(autonomous_tidal_vehicle_ws/src/tidal_vehicle_safety) by extension 'colcon_meta'
[0.522s] Level 1:colcon.colcon_core.package_identification:_identify(autonomous_tidal_vehicle_ws/src/tidal_vehicle_safety) by extensions ['ros']
[0.522s] Level 1:colcon.colcon_core.package_identification:_identify(autonomous_tidal_vehicle_ws/src/tidal_vehicle_safety) by extension 'ros'
[0.523s] DEBUG:colcon.colcon_core.package_identification:Package 'autonomous_tidal_vehicle_ws/src/tidal_vehicle_safety' with type 'ros.ament_python' and name 'tidal_vehicle_safety'
[0.523s] Level 1:colcon.colcon_core.package_identification:_identify(autonomous_tidal_vehicle_ws/src/tidal_vehicle_simulation) by extensions ['ignore', 'ignore_ament_install']
[0.523s] Level 1:colcon.colcon_core.package_identification:_identify(autonomous_tidal_vehicle_ws/src/tidal_vehicle_simulation) by extension 'ignore'
[0.524s] Level 1:colcon.colcon_core.package_identification:_identify(autonomous_tidal_vehicle_ws/src/tidal_vehicle_simulation) by extension 'ignore_ament_install'
[0.524s] Level 1:colcon.colcon_core.package_identification:_identify(autonomous_tidal_vehicle_ws/src/tidal_vehicle_simulation) by extensions ['colcon_pkg']
[0.524s] Level 1:colcon.colcon_core.package_identification:_identify(autonomous_tidal_vehicle_ws/src/tidal_vehicle_simulation) by extension 'colcon_pkg'
[0.524s] Level 1:colcon.colcon_core.package_identification:_identify(autonomous_tidal_vehicle_ws/src/tidal_vehicle_simulation) by extensions ['colcon_meta']
[0.524s] Level 1:colcon.colcon_core.package_identification:_identify(autonomous_tidal_vehicle_ws/src/tidal_vehicle_simulation) by extension 'colcon_meta'
[0.524s] Level 1:colcon.colcon_core.package_identification:_identify(autonomous_tidal_vehicle_ws/src/tidal_vehicle_simulation) by extensions ['ros']
[0.524s] Level 1:colcon.colcon_core.package_identification:_identify(autonomous_tidal_vehicle_ws/src/tidal_vehicle_simulation) by extension 'ros'
[0.525s] DEBUG:colcon.colcon_core.package_identification:Package 'autonomous_tidal_vehicle_ws/src/tidal_vehicle_simulation' with type 'ros.ament_cmake' and name 'tidal_vehicle_simulation'
[0.525s] Level 1:colcon.colcon_core.package_identification:_identify(build) by extensions ['ignore', 'ignore_ament_install']
[0.526s] Level 1:colcon.colcon_core.package_identification:_identify(build) by extension 'ignore'
[0.526s] Level 1:colcon.colcon_core.package_identification:_identify(build) ignored
[0.526s] Level 1:colcon.colcon_core.package_identification:_identify(docs) by extensions ['ignore', 'ignore_ament_install']
[0.527s] Level 1:colcon.colcon_core.package_identification:_identify(docs) by extension 'ignore'
[0.527s] Level 1:colcon.colcon_core.package_identification:_identify(docs) by extension 'ignore_ament_install'
[0.527s] Level 1:colcon.colcon_core.package_identification:_identify(docs) by extensions ['colcon_pkg']
[0.527s] Level 1:colcon.colcon_core.package_identification:_identify(docs) by extension 'colcon_pkg'
[0.527s] Level 1:colcon.colcon_core.package_identification:_identify(docs) by extensions ['colcon_meta']
[0.527s] Level 1:colcon.colcon_core.package_identification:_identify(docs) by extension 'colcon_meta'
[0.527s] Level 1:colcon.colcon_core.package_identification:_identify(docs) by extensions ['ros']
[0.527s] Level 1:colcon.colcon_core.package_identification:_identify(docs) by extension 'ros'
[0.527s] Level 1:colcon.colcon_core.package_identification:_identify(docs) by extensions ['cmake', 'python']
[0.527s] Level 1:colcon.colcon_core.package_identification:_identify(docs) by extension 'cmake'
[0.527s] Level 1:colcon.colcon_core.package_identification:_identify(docs) by extension 'python'
[0.527s] Level 1:colcon.colcon_core.package_identification:_identify(docs) by extensions ['python_setup_py']
[0.527s] Level 1:colcon.colcon_core.package_identification:_identify(docs) by extension 'python_setup_py'
[0.528s] Level 1:colcon.colcon_core.package_identification:_identify(install) by extensions ['ignore', 'ignore_ament_install']
[0.528s] Level 1:colcon.colcon_core.package_identification:_identify(install) by extension 'ignore'
[0.528s] Level 1:colcon.colcon_core.package_identification:_identify(install) ignored
[0.528s] Level 1:colcon.colcon_core.package_identification:_identify(log) by extensions ['ignore', 'ignore_ament_install']
[0.528s] Level 1:colcon.colcon_core.package_identification:_identify(log) by extension 'ignore'
[0.528s] Level 1:colcon.colcon_core.package_identification:_identify(log) ignored
[0.528s] Level 1:colcon.colcon_core.package_discovery:discover_packages(recursive) using defaults
[0.528s] Level 1:colcon.colcon_core.package_discovery:discover_packages(ignore) discover
[0.528s] Level 1:colcon.colcon_core.package_discovery:discover_packages(ignore) using defaults
[0.528s] Level 1:colcon.colcon_core.package_discovery:discover_packages(path) discover
[0.528s] Level 1:colcon.colcon_core.package_discovery:discover_packages(path) using defaults
[0.568s] INFO:colcon.colcon_core.package_selection:Skipping not selected package 'tidal_vehicle_bringup' in 'autonomous_tidal_vehicle_ws/src/tidal_vehicle_bringup'
[0.568s] INFO:colcon.colcon_core.package_selection:Skipping not selected package 'tidal_vehicle_description' in 'autonomous_tidal_vehicle_ws/src/tidal_vehicle_description'
[0.568s] INFO:colcon.colcon_core.package_selection:Skipping not selected package 'tidal_vehicle_interfaces' in 'autonomous_tidal_vehicle_ws/src/tidal_vehicle_interfaces'
[0.568s] INFO:colcon.colcon_core.package_selection:Skipping not selected package 'tidal_vehicle_autonomy' in 'autonomous_tidal_vehicle_ws/src/tidal_vehicle_autonomy'
[0.568s] INFO:colcon.colcon_core.package_selection:Skipping not selected package 'tidal_vehicle_evaluation' in 'autonomous_tidal_vehicle_ws/src/tidal_vehicle_evaluation'
[0.568s] INFO:colcon.colcon_core.package_selection:Skipping not selected package 'tidal_vehicle_operator' in 'autonomous_tidal_vehicle_ws/src/tidal_vehicle_operator'
[0.569s] INFO:colcon.colcon_core.package_selection:Skipping not selected package 'tidal_vehicle_safety' in 'autonomous_tidal_vehicle_ws/src/tidal_vehicle_safety'
[0.570s] Level 1:colcon.colcon_core.package_discovery:discover_packages(prefix_path) check parameters
[0.570s] Level 1:colcon.colcon_core.package_discovery:discover_packages(prefix_path) discover
[0.576s] DEBUG:colcon.colcon_installed_package_information.package_discovery:Found 321 installed packages in /opt/ros/jazzy
[0.578s] Level 1:colcon.colcon_core.package_discovery:discover_packages(prefix_path) using defaults
[0.662s] Level 5:colcon.colcon_core.verb:set package 'tidal_vehicle_simulation' build argument 'cmake_args' from command line to 'None'
[0.662s] Level 5:colcon.colcon_core.verb:set package 'tidal_vehicle_simulation' build argument 'cmake_target' from command line to 'None'
[0.663s] Level 5:colcon.colcon_core.verb:set package 'tidal_vehicle_simulation' build argument 'cmake_target_skip_unavailable' from command line to 'False'
[0.663s] Level 5:colcon.colcon_core.verb:set package 'tidal_vehicle_simulation' build argument 'cmake_clean_cache' from command line to 'False'
[0.663s] Level 5:colcon.colcon_core.verb:set package 'tidal_vehicle_simulation' build argument 'cmake_clean_first' from command line to 'False'
[0.663s] Level 5:colcon.colcon_core.verb:set package 'tidal_vehicle_simulation' build argument 'cmake_force_configure' from command line to 'False'
[0.663s] Level 5:colcon.colcon_core.verb:set package 'tidal_vehicle_simulation' build argument 'ament_cmake_args' from command line to 'None'
[0.663s] Level 5:colcon.colcon_core.verb:set package 'tidal_vehicle_simulation' build argument 'catkin_cmake_args' from command line to 'None'
[0.665s] Level 5:colcon.colcon_core.verb:set package 'tidal_vehicle_simulation' build argument 'catkin_skip_building_tests' from command line to 'False'
[0.665s] DEBUG:colcon.colcon_core.verb:Building package 'tidal_vehicle_simulation' with the following arguments: {'ament_cmake_args': None, 'build_base': '/home/tiffy/One-Wish-Coders/build/tidal_vehicle_simulation', 'catkin_cmake_args': None, 'catkin_skip_building_tests': False, 'cmake_args': None, 'cmake_clean_cache': False, 'cmake_clean_first': False, 'cmake_force_configure': False, 'cmake_target': None, 'cmake_target_skip_unavailable': False, 'install_base': '/home/tiffy/One-Wish-Coders/install/tidal_vehicle_simulation', 'merge_install': False, 'path': '/home/tiffy/One-Wish-Coders/autonomous_tidal_vehicle_ws/src/tidal_vehicle_simulation', 'symlink_install': True, 'test_result_base': None}
[0.666s] INFO:colcon.colcon_core.executor:Executing jobs using 'parallel' executor
[0.668s] DEBUG:colcon.colcon_parallel_executor.executor.parallel:run_until_complete
[0.669s] INFO:colcon.colcon_ros.task.ament_cmake.build:Building ROS package in '/home/tiffy/One-Wish-Coders/autonomous_tidal_vehicle_ws/src/tidal_vehicle_simulation' with build type 'ament_cmake'
[0.669s] INFO:colcon.colcon_cmake.task.cmake.build:Building CMake package in '/home/tiffy/One-Wish-Coders/autonomous_tidal_vehicle_ws/src/tidal_vehicle_simulation'
[0.674s] INFO:colcon.colcon_core.plugin_system:Skipping extension 'colcon_core.shell.bat': Not used on non-Windows systems
[0.674s] INFO:colcon.colcon_core.shell:Skip shell extension 'powershell' for command environment: Not usable outside of PowerShell
[0.674s] DEBUG:colcon.colcon_core.shell:Skip shell extension 'dsv' for command environment
[0.831s] DEBUG:colcon.colcon_core.event_handler.log_command:Invoking command in '/home/tiffy/One-Wish-Coders/build/tidal_vehicle_simulation': AMENT_PREFIX_PATH=/home/tiffy/One-Wish-Coders/install/tidal_vehicle_interfaces:${AMENT_PREFIX_PATH} CMAKE_PREFIX_PATH=/home/tiffy/One-Wish-Coders/install/tidal_vehicle_interfaces:/opt/ros/jazzy/opt/gz_sim_vendor:/opt/ros/jazzy/opt/gz_sensors_vendor:/opt/ros/jazzy/opt/gz_physics_vendor:/opt/ros/jazzy/opt/sdformat_vendor:/opt/ros/jazzy/opt/gz_gui_vendor:/opt/ros/jazzy/opt/gz_transport_vendor:/opt/ros/jazzy/opt/gz_rendering_vendor:/opt/ros/jazzy/opt/gz_plugin_vendor:/opt/ros/jazzy/opt/gz_fuel_tools_vendor:/opt/ros/jazzy/opt/gz_msgs_vendor:/opt/ros/jazzy/opt/gz_common_vendor:/opt/ros/jazzy/opt/gz_math_vendor:/opt/ros/jazzy/opt/gz_utils_vendor:/opt/ros/jazzy/opt/gz_tools_vendor:/opt/ros/jazzy/opt/gz_ogre_next_vendor:/opt/ros/jazzy/opt/gz_dartsim_vendor:/opt/ros/jazzy/opt/gz_cmake_vendor:/opt/ros/jazzy LD_LIBRARY_PATH=/home/tiffy/One-Wish-Coders/install/tidal_vehicle_interfaces/lib:${LD_LIBRARY_PATH} PYTHONPATH=/home/tiffy/One-Wish-Coders/install/tidal_vehicle_interfaces/lib/python3.12/site-packages:${PYTHONPATH} /usr/bin/cmake --build /home/tiffy/One-Wish-Coders/build/tidal_vehicle_simulation -- -j14 -l14
[0.999s] DEBUG:colcon.colcon_core.event_handler.log_command:Invoked command in '/home/tiffy/One-Wish-Coders/build/tidal_vehicle_simulation' returned '0': AMENT_PREFIX_PATH=/home/tiffy/One-Wish-Coders/install/tidal_vehicle_interfaces:${AMENT_PREFIX_PATH} CMAKE_PREFIX_PATH=/home/tiffy/One-Wish-Coders/install/tidal_vehicle_interfaces:/opt/ros/jazzy/opt/gz_sim_vendor:/opt/ros/jazzy/opt/gz_sensors_vendor:/opt/ros/jazzy/opt/gz_physics_vendor:/opt/ros/jazzy/opt/sdformat_vendor:/opt/ros/jazzy/opt/gz_gui_vendor:/opt/ros/jazzy/opt/gz_transport_vendor:/opt/ros/jazzy/opt/gz_rendering_vendor:/opt/ros/jazzy/opt/gz_plugin_vendor:/opt/ros/jazzy/opt/gz_fuel_tools_vendor:/opt/ros/jazzy/opt/gz_msgs_vendor:/opt/ros/jazzy/opt/gz_common_vendor:/opt/ros/jazzy/opt/gz_math_vendor:/opt/ros/jazzy/opt/gz_utils_vendor:/opt/ros/jazzy/opt/gz_tools_vendor:/opt/ros/jazzy/opt/gz_ogre_next_vendor:/opt/ros/jazzy/opt/gz_dartsim_vendor:/opt/ros/jazzy/opt/gz_cmake_vendor:/opt/ros/jazzy LD_LIBRARY_PATH=/home/tiffy/One-Wish-Coders/install/tidal_vehicle_interfaces/lib:${LD_LIBRARY_PATH} PYTHONPATH=/home/tiffy/One-Wish-Coders/install/tidal_vehicle_interfaces/lib/python3.12/site-packages:${PYTHONPATH} /usr/bin/cmake --build /home/tiffy/One-Wish-Coders/build/tidal_vehicle_simulation -- -j14 -l14
[1.022s] DEBUG:colcon.colcon_core.event_handler.log_command:Invoking command in '/home/tiffy/One-Wish-Coders/build/tidal_vehicle_simulation': AMENT_PREFIX_PATH=/home/tiffy/One-Wish-Coders/install/tidal_vehicle_interfaces:${AMENT_PREFIX_PATH} CMAKE_PREFIX_PATH=/home/tiffy/One-Wish-Coders/install/tidal_vehicle_interfaces:/opt/ros/jazzy/opt/gz_sim_vendor:/opt/ros/jazzy/opt/gz_sensors_vendor:/opt/ros/jazzy/opt/gz_physics_vendor:/opt/ros/jazzy/opt/sdformat_vendor:/opt/ros/jazzy/opt/gz_gui_vendor:/opt/ros/jazzy/opt/gz_transport_vendor:/opt/ros/jazzy/opt/gz_rendering_vendor:/opt/ros/jazzy/opt/gz_plugin_vendor:/opt/ros/jazzy/opt/gz_fuel_tools_vendor:/opt/ros/jazzy/opt/gz_msgs_vendor:/opt/ros/jazzy/opt/gz_common_vendor:/opt/ros/jazzy/opt/gz_math_vendor:/opt/ros/jazzy/opt/gz_utils_vendor:/opt/ros/jazzy/opt/gz_tools_vendor:/opt/ros/jazzy/opt/gz_ogre_next_vendor:/opt/ros/jazzy/opt/gz_dartsim_vendor:/opt/ros/jazzy/opt/gz_cmake_vendor:/opt/ros/jazzy LD_LIBRARY_PATH=/home/tiffy/One-Wish-Coders/install/tidal_vehicle_interfaces/lib:${LD_LIBRARY_PATH} PYTHONPATH=/home/tiffy/One-Wish-Coders/install/tidal_vehicle_interfaces/lib/python3.12/site-packages:${PYTHONPATH} /usr/bin/cmake --install /home/tiffy/One-Wish-Coders/build/tidal_vehicle_simulation
[1.090s] Level 1:colcon.colcon_core.environment:create_environment_scripts_only(tidal_vehicle_simulation)
[1.093s] DEBUG:colcon.colcon_core.event_handler.log_command:Invoked command in '/home/tiffy/One-Wish-Coders/build/tidal_vehicle_simulation' returned '0': AMENT_PREFIX_PATH=/home/tiffy/One-Wish-Coders/install/tidal_vehicle_interfaces:${AMENT_PREFIX_PATH} CMAKE_PREFIX_PATH=/home/tiffy/One-Wish-Coders/install/tidal_vehicle_interfaces:/opt/ros/jazzy/opt/gz_sim_vendor:/opt/ros/jazzy/opt/gz_sensors_vendor:/opt/ros/jazzy/opt/gz_physics_vendor:/opt/ros/jazzy/opt/sdformat_vendor:/opt/ros/jazzy/opt/gz_gui_vendor:/opt/ros/jazzy/opt/gz_transport_vendor:/opt/ros/jazzy/opt/gz_rendering_vendor:/opt/ros/jazzy/opt/gz_plugin_vendor:/opt/ros/jazzy/opt/gz_fuel_tools_vendor:/opt/ros/jazzy/opt/gz_msgs_vendor:/opt/ros/jazzy/opt/gz_common_vendor:/opt/ros/jazzy/opt/gz_math_vendor:/opt/ros/jazzy/opt/gz_utils_vendor:/opt/ros/jazzy/opt/gz_tools_vendor:/opt/ros/jazzy/opt/gz_ogre_next_vendor:/opt/ros/jazzy/opt/gz_dartsim_vendor:/opt/ros/jazzy/opt/gz_cmake_vendor:/opt/ros/jazzy LD_LIBRARY_PATH=/home/tiffy/One-Wish-Coders/install/tidal_vehicle_interfaces/lib:${LD_LIBRARY_PATH} PYTHONPATH=/home/tiffy/One-Wish-Coders/install/tidal_vehicle_interfaces/lib/python3.12/site-packages:${PYTHONPATH} /usr/bin/cmake --install /home/tiffy/One-Wish-Coders/build/tidal_vehicle_simulation
[1.094s] Level 1:colcon.colcon_core.environment:checking '/home/tiffy/One-Wish-Coders/install/tidal_vehicle_simulation' for CMake module files
[1.095s] Level 1:colcon.colcon_core.environment:checking '/home/tiffy/One-Wish-Coders/install/tidal_vehicle_simulation' for CMake config files
[1.096s] Level 1:colcon.colcon_core.shell:create_environment_hook('tidal_vehicle_simulation', 'cmake_prefix_path')
[1.097s] INFO:colcon.colcon_core.shell:Creating environment hook '/home/tiffy/One-Wish-Coders/install/tidal_vehicle_simulation/share/tidal_vehicle_simulation/hook/cmake_prefix_path.ps1'
[1.098s] INFO:colcon.colcon_core.shell:Creating environment descriptor '/home/tiffy/One-Wish-Coders/install/tidal_vehicle_simulation/share/tidal_vehicle_simulation/hook/cmake_prefix_path.dsv'
[1.099s] INFO:colcon.colcon_core.shell:Creating environment hook '/home/tiffy/One-Wish-Coders/install/tidal_vehicle_simulation/share/tidal_vehicle_simulation/hook/cmake_prefix_path.sh'
[1.101s] Level 1:colcon.colcon_core.environment:checking '/home/tiffy/One-Wish-Coders/install/tidal_vehicle_simulation/lib'
[1.102s] Level 1:colcon.colcon_core.shell:create_environment_hook('tidal_vehicle_simulation', 'ld_library_path_lib')
[1.103s] INFO:colcon.colcon_core.shell:Creating environment hook '/home/tiffy/One-Wish-Coders/install/tidal_vehicle_simulation/share/tidal_vehicle_simulation/hook/ld_library_path_lib.ps1'
[1.104s] INFO:colcon.colcon_core.shell:Creating environment descriptor '/home/tiffy/One-Wish-Coders/install/tidal_vehicle_simulation/share/tidal_vehicle_simulation/hook/ld_library_path_lib.dsv'
[1.105s] INFO:colcon.colcon_core.shell:Creating environment hook '/home/tiffy/One-Wish-Coders/install/tidal_vehicle_simulation/share/tidal_vehicle_simulation/hook/ld_library_path_lib.sh'
[1.106s] Level 1:colcon.colcon_core.environment:checking '/home/tiffy/One-Wish-Coders/install/tidal_vehicle_simulation/bin'
[1.107s] Level 1:colcon.colcon_core.environment:checking '/home/tiffy/One-Wish-Coders/install/tidal_vehicle_simulation/lib/pkgconfig/tidal_vehicle_simulation.pc'
[1.107s] Level 1:colcon.colcon_core.environment:checking '/home/tiffy/One-Wish-Coders/install/tidal_vehicle_simulation/lib/python3.12/site-packages'
[1.108s] Level 1:colcon.colcon_core.environment:checking '/home/tiffy/One-Wish-Coders/install/tidal_vehicle_simulation/bin'
[1.108s] INFO:colcon.colcon_core.shell:Creating package script '/home/tiffy/One-Wish-Coders/install/tidal_vehicle_simulation/share/tidal_vehicle_simulation/package.ps1'
[1.110s] INFO:colcon.colcon_core.shell:Creating package descriptor '/home/tiffy/One-Wish-Coders/install/tidal_vehicle_simulation/share/tidal_vehicle_simulation/package.dsv'
[1.111s] INFO:colcon.colcon_core.shell:Creating package script '/home/tiffy/One-Wish-Coders/install/tidal_vehicle_simulation/share/tidal_vehicle_simulation/package.sh'
[1.113s] INFO:colcon.colcon_core.shell:Creating package script '/home/tiffy/One-Wish-Coders/install/tidal_vehicle_simulation/share/tidal_vehicle_simulation/package.bash'
[1.114s] INFO:colcon.colcon_core.shell:Creating package script '/home/tiffy/One-Wish-Coders/install/tidal_vehicle_simulation/share/tidal_vehicle_simulation/package.zsh'
[1.115s] Level 1:colcon.colcon_core.environment:create_file_with_runtime_dependencies(/home/tiffy/One-Wish-Coders/install/tidal_vehicle_simulation/share/colcon-core/packages/tidal_vehicle_simulation)
[1.115s] Level 1:colcon.colcon_core.environment:create_environment_scripts_only(tidal_vehicle_simulation)
[1.115s] Level 1:colcon.colcon_core.environment:checking '/home/tiffy/One-Wish-Coders/install/tidal_vehicle_simulation' for CMake module files
[1.116s] Level 1:colcon.colcon_core.environment:checking '/home/tiffy/One-Wish-Coders/install/tidal_vehicle_simulation' for CMake config files
[1.116s] Level 1:colcon.colcon_core.shell:create_environment_hook('tidal_vehicle_simulation', 'cmake_prefix_path')
[1.116s] INFO:colcon.colcon_core.shell:Creating environment hook '/home/tiffy/One-Wish-Coders/install/tidal_vehicle_simulation/share/tidal_vehicle_simulation/hook/cmake_prefix_path.ps1'
[1.118s] INFO:colcon.colcon_core.shell:Creating environment descriptor '/home/tiffy/One-Wish-Coders/install/tidal_vehicle_simulation/share/tidal_vehicle_simulation/hook/cmake_prefix_path.dsv'
[1.119s] INFO:colcon.colcon_core.shell:Creating environment hook '/home/tiffy/One-Wish-Coders/install/tidal_vehicle_simulation/share/tidal_vehicle_simulation/hook/cmake_prefix_path.sh'
[1.120s] Level 1:colcon.colcon_core.environment:checking '/home/tiffy/One-Wish-Coders/install/tidal_vehicle_simulation/lib'
[1.126s] Level 1:colcon.colcon_core.shell:create_environment_hook('tidal_vehicle_simulation', 'ld_library_path_lib')
[1.126s] INFO:colcon.colcon_core.shell:Creating environment hook '/home/tiffy/One-Wish-Coders/install/tidal_vehicle_simulation/share/tidal_vehicle_simulation/hook/ld_library_path_lib.ps1'
[1.127s] INFO:colcon.colcon_core.shell:Creating environment descriptor '/home/tiffy/One-Wish-Coders/install/tidal_vehicle_simulation/share/tidal_vehicle_simulation/hook/ld_library_path_lib.dsv'
[1.129s] INFO:colcon.colcon_core.shell:Creating environment hook '/home/tiffy/One-Wish-Coders/install/tidal_vehicle_simulation/share/tidal_vehicle_simulation/hook/ld_library_path_lib.sh'
[1.130s] Level 1:colcon.colcon_core.environment:checking '/home/tiffy/One-Wish-Coders/install/tidal_vehicle_simulation/bin'
[1.130s] Level 1:colcon.colcon_core.environment:checking '/home/tiffy/One-Wish-Coders/install/tidal_vehicle_simulation/lib/pkgconfig/tidal_vehicle_simulation.pc'
[1.131s] Level 1:colcon.colcon_core.environment:checking '/home/tiffy/One-Wish-Coders/install/tidal_vehicle_simulation/lib/python3.12/site-packages'
[1.131s] Level 1:colcon.colcon_core.environment:checking '/home/tiffy/One-Wish-Coders/install/tidal_vehicle_simulation/bin'
[1.132s] INFO:colcon.colcon_core.shell:Creating package script '/home/tiffy/One-Wish-Coders/install/tidal_vehicle_simulation/share/tidal_vehicle_simulation/package.ps1'
[1.132s] INFO:colcon.colcon_core.shell:Creating package descriptor '/home/tiffy/One-Wish-Coders/install/tidal_vehicle_simulation/share/tidal_vehicle_simulation/package.dsv'
[1.134s] INFO:colcon.colcon_core.shell:Creating package script '/home/tiffy/One-Wish-Coders/install/tidal_vehicle_simulation/share/tidal_vehicle_simulation/package.sh'
[1.134s] INFO:colcon.colcon_core.shell:Creating package script '/home/tiffy/One-Wish-Coders/install/tidal_vehicle_simulation/share/tidal_vehicle_simulation/package.bash'
[1.135s] INFO:colcon.colcon_core.shell:Creating package script '/home/tiffy/One-Wish-Coders/install/tidal_vehicle_simulation/share/tidal_vehicle_simulation/package.zsh'
[1.135s] Level 1:colcon.colcon_core.environment:create_file_with_runtime_dependencies(/home/tiffy/One-Wish-Coders/install/tidal_vehicle_simulation/share/colcon-core/packages/tidal_vehicle_simulation)
[1.136s] DEBUG:colcon.colcon_parallel_executor.executor.parallel:closing loop
[1.136s] DEBUG:colcon.colcon_parallel_executor.executor.parallel:loop closed
[1.136s] DEBUG:colcon.colcon_parallel_executor.executor.parallel:run_until_complete finished with '0'
[1.136s] DEBUG:colcon.colcon_core.event_reactor:joining thread
[1.174s] INFO:colcon.colcon_core.plugin_system:Skipping extension 'colcon_notification.desktop_notification.notify_send': Could not find 'notify-send'
[1.174s] INFO:colcon.colcon_core.plugin_system:Skipping extension 'colcon_notification.desktop_notification.terminal_notifier': Not used on non-Darwin systems
[1.174s] INFO:colcon.colcon_core.plugin_system:Skipping extension 'colcon_notification.desktop_notification.win32': Not used on non-Windows systems
[1.175s] INFO:colcon.colcon_notification.desktop_notification:Sending desktop notification using 'notify2'
[1.177s] DEBUG:colcon.colcon_notification.desktop_notification.notify2:Failed to initialize notify2: org.freedesktop.DBus.Error.ServiceUnknown: The name org.freedesktop.Notifications was not provided by any .service files
[1.181s] DEBUG:colcon.colcon_core.event_reactor:joined thread
[1.181s] INFO:colcon.colcon_core.shell:Creating prefix script '/home/tiffy/One-Wish-Coders/install/local_setup.ps1'
[1.183s] INFO:colcon.colcon_core.shell:Creating prefix util module '/home/tiffy/One-Wish-Coders/install/_local_setup_util_ps1.py'
[1.187s] INFO:colcon.colcon_core.shell:Creating prefix chain script '/home/tiffy/One-Wish-Coders/install/setup.ps1'
[1.190s] INFO:colcon.colcon_core.shell:Creating prefix script '/home/tiffy/One-Wish-Coders/install/local_setup.sh'
[1.191s] INFO:colcon.colcon_core.shell:Creating prefix util module '/home/tiffy/One-Wish-Coders/install/_local_setup_util_sh.py'
[1.191s] INFO:colcon.colcon_core.shell:Creating prefix chain script '/home/tiffy/One-Wish-Coders/install/setup.sh'
[1.192s] INFO:colcon.colcon_core.shell:Creating prefix script '/home/tiffy/One-Wish-Coders/install/local_setup.bash'
[1.194s] INFO:colcon.colcon_core.shell:Creating prefix chain script '/home/tiffy/One-Wish-Coders/install/setup.bash'
[1.195s] INFO:colcon.colcon_core.shell:Creating prefix script '/home/tiffy/One-Wish-Coders/install/local_setup.zsh'
[1.196s] INFO:colcon.colcon_core.shell:Creating prefix chain script '/home/tiffy/One-Wish-Coders/install/setup.zsh'
