[0.039s] Invoking command in '/home/tiffy/One-Wish-Coders/build/tidal_vehicle_simulation': AMENT_PREFIX_PATH=/home/tiffy/One-Wish-Coders/install/tidal_vehicle_interfaces:${AMENT_PREFIX_PATH} CMAKE_PREFIX_PATH=/home/tiffy/One-Wish-Coders/install/tidal_vehicle_interfaces:/opt/ros/jazzy/opt/gz_sim_vendor:/opt/ros/jazzy/opt/gz_sensors_vendor:/opt/ros/jazzy/opt/gz_physics_vendor:/opt/ros/jazzy/opt/sdformat_vendor:/opt/ros/jazzy/opt/gz_gui_vendor:/opt/ros/jazzy/opt/gz_transport_vendor:/opt/ros/jazzy/opt/gz_rendering_vendor:/opt/ros/jazzy/opt/gz_plugin_vendor:/opt/ros/jazzy/opt/gz_fuel_tools_vendor:/opt/ros/jazzy/opt/gz_msgs_vendor:/opt/ros/jazzy/opt/gz_common_vendor:/opt/ros/jazzy/opt/gz_math_vendor:/opt/ros/jazzy/opt/gz_utils_vendor:/opt/ros/jazzy/opt/gz_tools_vendor:/opt/ros/jazzy/opt/gz_ogre_next_vendor:/opt/ros/jazzy/opt/gz_dartsim_vendor:/opt/ros/jazzy/opt/gz_cmake_vendor:/opt/ros/jazzy LD_LIBRARY_PATH=/home/tiffy/One-Wish-Coders/install/tidal_vehicle_interfaces/lib:${LD_LIBRARY_PATH} PYTHONPATH=/home/tiffy/One-Wish-Coders/install/tidal_vehicle_interfaces/lib/python3.12/site-packages:${PYTHONPATH} /usr/bin/cmake /home/tiffy/One-Wish-Coders/autonomous_tidal_vehicle_ws/src/tidal_vehicle_simulation -DAMENT_CMAKE_SYMLINK_INSTALL=1 -DCMAKE_INSTALL_PREFIX=/home/tiffy/One-Wish-Coders/install/tidal_vehicle_simulation
[0.094s] -- The C compiler identification is GNU 13.3.0
[0.277s] -- The CXX compiler identification is GNU 13.3.0
[0.427s] -- Detecting C compiler ABI info
[0.530s] -- Detecting C compiler ABI info - done
[0.535s] -- Check for working C compiler: /usr/bin/cc - skipped
[0.535s] -- Detecting C compile features
[0.535s] -- Detecting C compile features - done
[0.563s] -- Detecting CXX compiler ABI info
[0.666s] -- Detecting CXX compiler ABI info - done
[0.672s] -- Check for working CXX compiler: /usr/bin/c++ - skipped
[0.672s] -- Detecting CXX compile features
[0.672s] -- Detecting CXX compile features - done
[0.674s] -- Found ament_cmake: 2.5.6 (/opt/ros/jazzy/share/ament_cmake/cmake)
[0.773s] -- Found Python3: /usr/bin/python3 (found version "3.12.3") found components: Interpreter 
[0.827s] -- Override CMake install command with custom implementation using symlinks instead of copying resources
[0.853s] -- Looking for gz-sim8 -- found version 8.15.0
[0.863s] -- Searching for dependencies of gz-sim8
[0.864s] -- Looking for sdformat14 -- found version 14.9.0
[0.864s] -- Searching for dependencies of sdformat14
[0.870s] -- Checking for module 'tinyxml2'
[0.879s] --   Found tinyxml2, version 10.0.0
[0.899s] -- Looking for gz-math7 -- found version 7.7.0
[0.899s] -- Searching for dependencies of gz-math7
[0.901s] -- Looking for gz-utils2 -- found version 2.2.1
[0.901s] -- Searching for dependencies of gz-utils2
[0.903s] -- Looking for gz-utils2 -- found version 2.2.1
[0.904s] -- Searching for dependencies of gz-utils2
[0.904s] -- Searching for <gz-utils2> component [cli]
[0.905s] -- Looking for gz-utils2-cli -- found version 2.2.1
[0.905s] -- Searching for dependencies of gz-utils2-cli
[0.908s] -- Looking for gz-plugin2 -- found version 2.0.4
[0.908s] -- Searching for dependencies of gz-plugin2
[0.908s] -- Looking for gz-utils2 -- found version 2.2.1
[0.909s] -- Searching for <gz-plugin2> component [loader]
[0.911s] -- Looking for gz-plugin2-loader -- found version 2.0.4
[0.911s] -- Searching for dependencies of gz-plugin2-loader
[0.912s] -- Searching for <gz-plugin2> component [register]
[0.913s] -- Looking for gz-plugin2-register -- found version 2.0.4
[0.913s] -- Searching for dependencies of gz-plugin2-register
[0.915s] -- Looking for gz-transport13 -- found version 13.6.0
[0.915s] -- Searching for dependencies of gz-transport13
[1.601s] -- Found Protobuf: /usr/lib/x86_64-linux-gnu/libprotobuf.so (found version "3.21.12") 
[2.024s] -- Config-file not installed for ZeroMQ -- checking for pkg-config
[2.027s] -- Checking for module 'libzmq >= 4'
[2.046s] --   Found libzmq, version 4.3.5
[2.070s] -- Found ZeroMQ: TRUE (Required is at least version "4") 
[2.085s] -- Checking for module 'uuid'
[2.094s] --   Found uuid, version 2.39.3
[2.112s] -- Found UUID: TRUE  
[2.112s] -- Looking for gz-utils2 -- found version 2.2.1
[2.114s] -- Looking for gz-msgs10 -- found version 10.4.0
[2.115s] -- Searching for dependencies of gz-msgs10
[2.548s] -- Looking for gz-utils2 -- found version 2.2.1
[2.548s] -- Looking for gz-math7 -- found version 7.7.0
[2.564s] -- Searching for <gz-transport13> component [log]
[2.565s] -- Looking for gz-transport13-log -- found version 13.6.0
[2.565s] -- Searching for dependencies of gz-transport13-log
[2.566s] -- Searching for <gz-transport13> component [parameters]
[2.567s] -- Looking for gz-transport13-parameters -- found version 13.6.0
[2.567s] -- Searching for dependencies of gz-transport13-parameters
[2.568s] -- Looking for gz-msgs10 -- found version 10.4.0
[2.570s] -- Looking for gz-common5 -- found version 5.9.0
[2.570s] -- Searching for dependencies of gz-common5
[2.570s] -- Looking for gz-utils2 -- found version 2.2.1
[2.582s] -- Looking for dlfcn.h - found
[2.593s] -- Looking for libdl - found
[2.594s] -- Found DL: TRUE  
[2.600s] -- Searching for <gz-common5> component [av]
[2.601s] -- Looking for gz-common5-av -- found version 5.9.0
[2.601s] -- Searching for dependencies of gz-common5-av
[2.605s] -- Checking for module 'libswscale'
[2.615s] --   Found libswscale, version 7.5.100
[2.635s] -- Found SWSCALE: TRUE  
[2.639s] -- Checking for module 'libavdevice >= 56.4.100'
[2.648s] --   Found libavdevice, version 60.3.100
[2.676s] -- Found AVDEVICE: TRUE (Required is at least version "56.4.100") 
[2.679s] -- Checking for module 'libavformat'
[2.689s] --   Found libavformat, version 60.16.100
[2.710s] -- Found AVFORMAT: TRUE  
[2.714s] -- Checking for module 'libavcodec'
[2.723s] --   Found libavcodec, version 60.31.102
[2.744s] -- Found AVCODEC: TRUE  
[2.747s] -- Checking for module 'libavutil'
[2.756s] --   Found libavutil, version 58.29.100
[2.777s] -- Found AVUTIL: TRUE  
[2.778s] -- Searching for <gz-common5> component [events]
[2.780s] -- Looking for gz-common5-events -- found version 5.9.0
[2.780s] -- Searching for dependencies of gz-common5-events
[2.781s] -- Looking for gz-math7 -- found version 7.7.0
[2.782s] -- Searching for <gz-common5> component [graphics]
[2.783s] -- Looking for gz-common5-graphics -- found version 5.9.0
[2.783s] -- Searching for dependencies of gz-common5-graphics
[2.783s] -- Looking for gz-math7 -- found version 7.7.0
[2.788s] -- Found GzAssimp: TRUE (found version "5.3.0") 
[2.789s] -- Searching for <gz-common5> component [io]
[2.791s] -- Looking for gz-common5-io -- found version 5.9.0
[2.791s] -- Searching for dependencies of gz-common5-io
[2.792s] -- Searching for <gz-common5> component [profiler]
[2.793s] -- Looking for gz-common5-profiler -- found version 5.9.0
[2.793s] -- Searching for dependencies of gz-common5-profiler
[2.796s] -- Looking for gz-fuel_tools9 -- found version 9.1.1
[2.796s] -- Searching for dependencies of gz-fuel_tools9
[3.329s] -- Found CURL: /usr/lib/x86_64-linux-gnu/libcurl.so (found version "8.5.0")  
[3.338s] -- Checking for module 'jsoncpp'
[3.348s] --   Found jsoncpp, version 1.9.5
[3.368s] -- Found JSONCPP: TRUE  
[3.799s] -- Checking for module 'yaml-0.1'
[3.819s] --   Found yaml-0.1, version 0.2.5
[3.840s] -- Found YAML: TRUE  
[3.844s] -- Checking for module 'libzip'
[3.854s] --   Found libzip, version 1.7.3
[3.874s] -- Found ZIP: TRUE  
[3.875s] -- Looking for gz-utils2 -- found version 2.2.1
[3.875s] -- Looking for gz-common5 -- found version 5.9.0
[3.875s] -- Searching for dependencies of gz-common5
[3.875s] -- Looking for gz-utils2 -- found version 2.2.1
[3.875s] -- Looking for dlfcn.h - found
[3.875s] -- Looking for libdl - found
[3.881s] -- Searching for <gz-common5> component [testing]
[3.882s] -- Looking for gz-common5-testing -- found version 5.9.0
[3.883s] -- Searching for dependencies of gz-common5-testing
[3.884s] -- Looking for gz-math7 -- found version 7.7.0
[3.884s] -- Looking for gz-msgs10 -- found version 10.4.0
[3.886s] -- Looking for gz-gui8 -- found version 8.4.0
[3.887s] -- Searching for dependencies of gz-gui8
[4.346s] -- Looking for gz-utils2 -- found version 2.2.1
[4.346s] -- Looking for gz-math7 -- found version 7.7.0
[4.346s] -- Looking for gz-common5 -- found version 5.9.0
[4.346s] -- Looking for gz-plugin2 -- found version 2.0.4
[4.347s] -- Looking for gz-transport13 -- found version 13.6.0
[4.357s] -- Looking for gz-rendering8 -- found version 8.2.3
[4.358s] -- Searching for dependencies of gz-rendering8
[4.358s] -- Looking for gz-math7 -- found version 7.7.0
[4.358s] -- Searching for dependencies of gz-math7
[4.358s] -- Looking for gz-utils2 -- found version 2.2.1
[4.358s] -- Searching for <gz-math7> component [eigen3]
[4.360s] -- Looking for gz-math7-eigen3 -- found version 7.7.0
[4.360s] -- Searching for dependencies of gz-math7-eigen3
[4.368s] -- Looking for gz-common5 -- found version 5.9.0
[4.368s] -- Searching for dependencies of gz-common5
[4.369s] -- Looking for gz-utils2 -- found version 2.2.1
[4.369s] -- Looking for dlfcn.h - found
[4.369s] -- Looking for libdl - found
[4.374s] -- Searching for <gz-common5> component [graphics]
[4.375s] -- Searching for <gz-common5> component [events]
[4.375s] -- Searching for <gz-common5> component [geospatial]
[4.376s] -- Looking for gz-common5-geospatial -- found version 5.9.0
[4.376s] -- Searching for dependencies of gz-common5-geospatial
[4.376s] -- Looking for gz-math7 -- found version 7.7.0
[4.377s] -- Looking for gz-common5 -- found version 5.9.0
[4.378s] -- Looking for gz-plugin2 -- found version 2.0.4
[4.378s] -- Searching for dependencies of gz-plugin2
[4.379s] -- Looking for gz-utils2 -- found version 2.2.1
[4.379s] -- Searching for <gz-plugin2> component [all]
[4.380s] -- Looking for all libraries of gz-plugin2 -- found version 2.0.4
[4.381s] -- Looking for gz-plugin2 -- found version 2.0.4
[4.382s] -- Looking for gz-utils2 -- found version 2.2.1
[4.555s] -- Found OpenGL: /usr/lib/x86_64-linux-gnu/libOpenGL.so  found components: OpenGL 
[4.558s] -- Looking for gz-msgs10 -- found version 10.4.0
[4.618s] -- Looking for gz-physics7 -- found version 7.8.0
[4.618s] -- Searching for dependencies of gz-physics7
[4.619s] -- Looking for gz-common5 -- found version 5.9.0
[4.619s] -- Looking for gz-math7 -- found version 7.7.0
[4.619s] -- Looking for gz-plugin2 -- found version 2.0.4
[4.619s] -- Looking for gz-utils2 -- found version 2.2.1
[4.621s] -- Searching for <gz-physics7> component [heightmap]
[4.622s] -- Looking for gz-physics7-heightmap -- found version 7.8.0
[4.623s] -- Searching for dependencies of gz-physics7-heightmap
[4.623s] -- Looking for gz-common5 -- found version 5.9.0
[4.624s] -- Searching for <gz-physics7> component [mesh]
[4.626s] -- Looking for gz-physics7-mesh -- found version 7.8.0
[4.626s] -- Searching for dependencies of gz-physics7-mesh
[4.626s] -- Looking for gz-common5 -- found version 5.9.0
[4.627s] -- Searching for <gz-physics7> component [sdf]
[4.628s] -- Looking for gz-physics7-sdf -- found version 7.8.0
[4.628s] -- Searching for dependencies of gz-physics7-sdf
[4.628s] -- Looking for sdformat14 -- found version 14.9.0
[4.630s] -- Looking for gz-sensors8 -- found version 8.2.2
[4.630s] -- Searching for dependencies of gz-sensors8
[5.103s] -- Looking for gz-math7 -- found version 7.7.0
[5.103s] -- Looking for gz-common5 -- found version 5.9.0
[5.103s] -- Looking for gz-transport13 -- found version 13.6.0
[5.103s] -- Looking for gz-rendering8 -- found version 8.2.3
[5.104s] -- Looking for gz-msgs10 -- found version 10.4.0
[5.104s] -- Looking for sdformat14 -- found version 14.9.0
[5.106s] -- Searching for <gz-sensors8> component [air_pressure]
[5.107s] -- Looking for gz-sensors8-air_pressure -- found version 8.2.2
[5.107s] -- Searching for dependencies of gz-sensors8-air_pressure
[5.108s] -- Searching for <gz-sensors8> component [air_speed]
[5.110s] -- Looking for gz-sensors8-air_speed -- found version 8.2.2
[5.110s] -- Searching for dependencies of gz-sensors8-air_speed
[5.111s] -- Searching for <gz-sensors8> component [altimeter]
[5.112s] -- Looking for gz-sensors8-altimeter -- found version 8.2.2
[5.112s] -- Searching for dependencies of gz-sensors8-altimeter
[5.113s] -- Searching for <gz-sensors8> component [imu]
[5.114s] -- Looking for gz-sensors8-imu -- found version 8.2.2
[5.114s] -- Searching for dependencies of gz-sensors8-imu
[5.115s] -- Searching for <gz-sensors8> component [force_torque]
[5.116s] -- Looking for gz-sensors8-force_torque -- found version 8.2.2
[5.116s] -- Searching for dependencies of gz-sensors8-force_torque
[5.117s] -- Searching for <gz-sensors8> component [logical_camera]
[5.118s] -- Looking for gz-sensors8-logical_camera -- found version 8.2.2
[5.118s] -- Searching for dependencies of gz-sensors8-logical_camera
[5.119s] -- Searching for <gz-sensors8> component [magnetometer]
[5.120s] -- Looking for gz-sensors8-magnetometer -- found version 8.2.2
[5.120s] -- Searching for dependencies of gz-sensors8-magnetometer
[5.121s] -- Searching for <gz-sensors8> component [navsat]
[5.122s] -- Looking for gz-sensors8-navsat -- found version 8.2.2
[5.122s] -- Searching for dependencies of gz-sensors8-navsat
[5.123s] -- Searching for <gz-sensors8> component [dvl]
[5.124s] -- Looking for gz-sensors8-dvl -- found version 8.2.2
[5.124s] -- Searching for dependencies of gz-sensors8-dvl
[5.124s] -- Looking for gz-sensors8 -- found version 8.2.2
[5.125s] -- Searching for dependencies of gz-sensors8
[5.607s] -- Looking for gz-math7 -- found version 7.7.0
[5.607s] -- Looking for gz-common5 -- found version 5.9.0
[5.607s] -- Looking for gz-transport13 -- found version 13.6.0
[5.607s] -- Looking for gz-rendering8 -- found version 8.2.3
[5.608s] -- Looking for gz-msgs10 -- found version 10.4.0
[5.608s] -- Looking for sdformat14 -- found version 14.9.0
[5.608s] -- Searching for <gz-sensors8> component [rendering]
[5.619s] -- Looking for gz-sensors8-rendering -- found version 8.2.2
[5.619s] -- Searching for dependencies of gz-sensors8-rendering
[5.621s] -- Searching for <gz-sensors8> component [rendering]
[5.622s] -- Searching for <gz-sensors8> component [lidar]
[5.622s] -- Looking for gz-sensors8-lidar -- found version 8.2.2
[5.623s] -- Searching for dependencies of gz-sensors8-lidar
[5.623s] -- Looking for gz-sensors8 -- found version 8.2.2
[5.624s] -- Searching for <gz-sensors8> component [gpu_lidar]
[5.625s] -- Looking for gz-sensors8-gpu_lidar -- found version 8.2.2
[5.625s] -- Searching for dependencies of gz-sensors8-gpu_lidar
[5.625s] -- Looking for gz-sensors8 -- found version 8.2.2
[5.626s] -- Searching for <gz-sensors8> component [camera]
[5.627s] -- Looking for gz-sensors8-camera -- found version 8.2.2
[5.628s] -- Searching for dependencies of gz-sensors8-camera
[5.628s] -- Looking for gz-sensors8 -- found version 8.2.2
[5.630s] -- Searching for <gz-sensors8> component [boundingbox_camera]
[5.631s] -- Looking for gz-sensors8-boundingbox_camera -- found version 8.2.2
[5.631s] -- Searching for dependencies of gz-sensors8-boundingbox_camera
[5.632s] -- Searching for <gz-sensors8> component [segmentation_camera]
[5.633s] -- Looking for gz-sensors8-segmentation_camera -- found version 8.2.2
[5.634s] -- Searching for dependencies of gz-sensors8-segmentation_camera
[5.634s] -- Searching for <gz-sensors8> component [depth_camera]
[5.635s] -- Looking for gz-sensors8-depth_camera -- found version 8.2.2
[5.636s] -- Searching for dependencies of gz-sensors8-depth_camera
[5.636s] -- Looking for gz-sensors8 -- found version 8.2.2
[5.637s] -- Searching for <gz-sensors8> component [rgbd_camera]
[5.638s] -- Looking for gz-sensors8-rgbd_camera -- found version 8.2.2
[5.638s] -- Searching for dependencies of gz-sensors8-rgbd_camera
[5.638s] -- Looking for gz-sensors8 -- found version 8.2.2
[5.639s] -- Searching for <gz-sensors8> component [thermal_camera]
[5.640s] -- Looking for gz-sensors8-thermal_camera -- found version 8.2.2
[5.640s] -- Searching for dependencies of gz-sensors8-thermal_camera
[5.641s] -- Looking for gz-sensors8 -- found version 8.2.2
[5.642s] -- Searching for <gz-sensors8> component [wide_angle_camera]
[5.643s] -- Looking for gz-sensors8-wide_angle_camera -- found version 8.2.2
[5.643s] -- Searching for dependencies of gz-sensors8-wide_angle_camera
[5.645s] -- Looking for gz-rendering8 -- found version 8.2.3
[5.646s] -- Looking for gz-math7 -- found version 7.7.0
[5.646s] -- Looking for gz-utils2 -- found version 2.2.1
[6.217s] -- Configuring done (6.2s)
[6.232s] -- Generating done (0.0s)
[6.236s] -- Build files have been written to: /home/tiffy/One-Wish-Coders/build/tidal_vehicle_simulation
[6.246s] Invoked command in '/home/tiffy/One-Wish-Coders/build/tidal_vehicle_simulation' returned '0': AMENT_PREFIX_PATH=/home/tiffy/One-Wish-Coders/install/tidal_vehicle_interfaces:${AMENT_PREFIX_PATH} CMAKE_PREFIX_PATH=/home/tiffy/One-Wish-Coders/install/tidal_vehicle_interfaces:/opt/ros/jazzy/opt/gz_sim_vendor:/opt/ros/jazzy/opt/gz_sensors_vendor:/opt/ros/jazzy/opt/gz_physics_vendor:/opt/ros/jazzy/opt/sdformat_vendor:/opt/ros/jazzy/opt/gz_gui_vendor:/opt/ros/jazzy/opt/gz_transport_vendor:/opt/ros/jazzy/opt/gz_rendering_vendor:/opt/ros/jazzy/opt/gz_plugin_vendor:/opt/ros/jazzy/opt/gz_fuel_tools_vendor:/opt/ros/jazzy/opt/gz_msgs_vendor:/opt/ros/jazzy/opt/gz_common_vendor:/opt/ros/jazzy/opt/gz_math_vendor:/opt/ros/jazzy/opt/gz_utils_vendor:/opt/ros/jazzy/opt/gz_tools_vendor:/opt/ros/jazzy/opt/gz_ogre_next_vendor:/opt/ros/jazzy/opt/gz_dartsim_vendor:/opt/ros/jazzy/opt/gz_cmake_vendor:/opt/ros/jazzy LD_LIBRARY_PATH=/home/tiffy/One-Wish-Coders/install/tidal_vehicle_interfaces/lib:${LD_LIBRARY_PATH} PYTHONPATH=/home/tiffy/One-Wish-Coders/install/tidal_vehicle_interfaces/lib/python3.12/site-packages:${PYTHONPATH} /usr/bin/cmake /home/tiffy/One-Wish-Coders/autonomous_tidal_vehicle_ws/src/tidal_vehicle_simulation -DAMENT_CMAKE_SYMLINK_INSTALL=1 -DCMAKE_INSTALL_PREFIX=/home/tiffy/One-Wish-Coders/install/tidal_vehicle_simulation
[6.247s] Invoking command in '/home/tiffy/One-Wish-Coders/build/tidal_vehicle_simulation': AMENT_PREFIX_PATH=/home/tiffy/One-Wish-Coders/install/tidal_vehicle_interfaces:${AMENT_PREFIX_PATH} CMAKE_PREFIX_PATH=/home/tiffy/One-Wish-Coders/install/tidal_vehicle_interfaces:/opt/ros/jazzy/opt/gz_sim_vendor:/opt/ros/jazzy/opt/gz_sensors_vendor:/opt/ros/jazzy/opt/gz_physics_vendor:/opt/ros/jazzy/opt/sdformat_vendor:/opt/ros/jazzy/opt/gz_gui_vendor:/opt/ros/jazzy/opt/gz_transport_vendor:/opt/ros/jazzy/opt/gz_rendering_vendor:/opt/ros/jazzy/opt/gz_plugin_vendor:/opt/ros/jazzy/opt/gz_fuel_tools_vendor:/opt/ros/jazzy/opt/gz_msgs_vendor:/opt/ros/jazzy/opt/gz_common_vendor:/opt/ros/jazzy/opt/gz_math_vendor:/opt/ros/jazzy/opt/gz_utils_vendor:/opt/ros/jazzy/opt/gz_tools_vendor:/opt/ros/jazzy/opt/gz_ogre_next_vendor:/opt/ros/jazzy/opt/gz_dartsim_vendor:/opt/ros/jazzy/opt/gz_cmake_vendor:/opt/ros/jazzy LD_LIBRARY_PATH=/home/tiffy/One-Wish-Coders/install/tidal_vehicle_interfaces/lib:${LD_LIBRARY_PATH} PYTHONPATH=/home/tiffy/One-Wish-Coders/install/tidal_vehicle_interfaces/lib/python3.12/site-packages:${PYTHONPATH} /usr/bin/cmake --build /home/tiffy/One-Wish-Coders/build/tidal_vehicle_simulation -- -j14 -l14
[6.285s] [ 50%] Building CXX object CMakeFiles/tide_visual_system.dir/plugins/tide_visual_system.cpp.o
[9.443s] [100%] Linking CXX shared library libtide_visual_system.so
[9.606s] [100%] Built target tide_visual_system
[9.613s] Invoked command in '/home/tiffy/One-Wish-Coders/build/tidal_vehicle_simulation' returned '0': AMENT_PREFIX_PATH=/home/tiffy/One-Wish-Coders/install/tidal_vehicle_interfaces:${AMENT_PREFIX_PATH} CMAKE_PREFIX_PATH=/home/tiffy/One-Wish-Coders/install/tidal_vehicle_interfaces:/opt/ros/jazzy/opt/gz_sim_vendor:/opt/ros/jazzy/opt/gz_sensors_vendor:/opt/ros/jazzy/opt/gz_physics_vendor:/opt/ros/jazzy/opt/sdformat_vendor:/opt/ros/jazzy/opt/gz_gui_vendor:/opt/ros/jazzy/opt/gz_transport_vendor:/opt/ros/jazzy/opt/gz_rendering_vendor:/opt/ros/jazzy/opt/gz_plugin_vendor:/opt/ros/jazzy/opt/gz_fuel_tools_vendor:/opt/ros/jazzy/opt/gz_msgs_vendor:/opt/ros/jazzy/opt/gz_common_vendor:/opt/ros/jazzy/opt/gz_math_vendor:/opt/ros/jazzy/opt/gz_utils_vendor:/opt/ros/jazzy/opt/gz_tools_vendor:/opt/ros/jazzy/opt/gz_ogre_next_vendor:/opt/ros/jazzy/opt/gz_dartsim_vendor:/opt/ros/jazzy/opt/gz_cmake_vendor:/opt/ros/jazzy LD_LIBRARY_PATH=/home/tiffy/One-Wish-Coders/install/tidal_vehicle_interfaces/lib:${LD_LIBRARY_PATH} PYTHONPATH=/home/tiffy/One-Wish-Coders/install/tidal_vehicle_interfaces/lib/python3.12/site-packages:${PYTHONPATH} /usr/bin/cmake --build /home/tiffy/One-Wish-Coders/build/tidal_vehicle_simulation -- -j14 -l14
[9.615s] Invoking command in '/home/tiffy/One-Wish-Coders/build/tidal_vehicle_simulation': AMENT_PREFIX_PATH=/home/tiffy/One-Wish-Coders/install/tidal_vehicle_interfaces:${AMENT_PREFIX_PATH} CMAKE_PREFIX_PATH=/home/tiffy/One-Wish-Coders/install/tidal_vehicle_interfaces:/opt/ros/jazzy/opt/gz_sim_vendor:/opt/ros/jazzy/opt/gz_sensors_vendor:/opt/ros/jazzy/opt/gz_physics_vendor:/opt/ros/jazzy/opt/sdformat_vendor:/opt/ros/jazzy/opt/gz_gui_vendor:/opt/ros/jazzy/opt/gz_transport_vendor:/opt/ros/jazzy/opt/gz_rendering_vendor:/opt/ros/jazzy/opt/gz_plugin_vendor:/opt/ros/jazzy/opt/gz_fuel_tools_vendor:/opt/ros/jazzy/opt/gz_msgs_vendor:/opt/ros/jazzy/opt/gz_common_vendor:/opt/ros/jazzy/opt/gz_math_vendor:/opt/ros/jazzy/opt/gz_utils_vendor:/opt/ros/jazzy/opt/gz_tools_vendor:/opt/ros/jazzy/opt/gz_ogre_next_vendor:/opt/ros/jazzy/opt/gz_dartsim_vendor:/opt/ros/jazzy/opt/gz_cmake_vendor:/opt/ros/jazzy LD_LIBRARY_PATH=/home/tiffy/One-Wish-Coders/install/tidal_vehicle_interfaces/lib:${LD_LIBRARY_PATH} PYTHONPATH=/home/tiffy/One-Wish-Coders/install/tidal_vehicle_interfaces/lib/python3.12/site-packages:${PYTHONPATH} /usr/bin/cmake --install /home/tiffy/One-Wish-Coders/build/tidal_vehicle_simulation
[9.620s] -- Install configuration: ""
[9.621s] -- Execute custom install script
[9.621s] -- Symlinking: /home/tiffy/One-Wish-Coders/install/tidal_vehicle_simulation/lib/libtide_visual_system.so
[9.628s] -- Symlinking: /home/tiffy/One-Wish-Coders/install/tidal_vehicle_simulation/lib/tidal_vehicle_simulation/tide_manager.py
[9.635s] -- Symlinking: /home/tiffy/One-Wish-Coders/install/tidal_vehicle_simulation/share/tidal_vehicle_simulation/config/scenario_defaults.yaml
[9.641s] -- Symlinking: /home/tiffy/One-Wish-Coders/install/tidal_vehicle_simulation/share/tidal_vehicle_simulation/launch/.gitkeep
[9.649s] -- Symlinking: /home/tiffy/One-Wish-Coders/install/tidal_vehicle_simulation/share/tidal_vehicle_simulation/launch/environment.launch.py
[9.657s] -- Symlinking: /home/tiffy/One-Wish-Coders/install/tidal_vehicle_simulation/share/tidal_vehicle_simulation/models/.gitkeep
[9.664s] -- Symlinking: /home/tiffy/One-Wish-Coders/install/tidal_vehicle_simulation/share/tidal_vehicle_simulation/models/barrage_obstacles/model.config
[9.671s] -- Symlinking: /home/tiffy/One-Wish-Coders/install/tidal_vehicle_simulation/share/tidal_vehicle_simulation/models/barrage_obstacles/model.sdf
[9.678s] -- Symlinking: /home/tiffy/One-Wish-Coders/install/tidal_vehicle_simulation/share/tidal_vehicle_simulation/models/destination_incline/meshes/destination_incline.obj
[9.685s] -- Symlinking: /home/tiffy/One-Wish-Coders/install/tidal_vehicle_simulation/share/tidal_vehicle_simulation/models/destination_incline/model.config
[9.693s] -- Symlinking: /home/tiffy/One-Wish-Coders/install/tidal_vehicle_simulation/share/tidal_vehicle_simulation/models/destination_incline/model.sdf
[9.699s] -- Symlinking: /home/tiffy/One-Wish-Coders/install/tidal_vehicle_simulation/share/tidal_vehicle_simulation/models/mangrove_cluster/meshes/mangrove.mtl
[9.706s] -- Symlinking: /home/tiffy/One-Wish-Coders/install/tidal_vehicle_simulation/share/tidal_vehicle_simulation/models/mangrove_cluster/meshes/mangrove_mature.obj
[9.712s] -- Symlinking: /home/tiffy/One-Wish-Coders/install/tidal_vehicle_simulation/share/tidal_vehicle_simulation/models/mangrove_cluster/meshes/mangrove_spreading.obj
[9.719s] -- Symlinking: /home/tiffy/One-Wish-Coders/install/tidal_vehicle_simulation/share/tidal_vehicle_simulation/models/mangrove_cluster/meshes/mangrove_young.obj
[9.725s] -- Symlinking: /home/tiffy/One-Wish-Coders/install/tidal_vehicle_simulation/share/tidal_vehicle_simulation/models/mangrove_cluster/model.config
[9.731s] -- Symlinking: /home/tiffy/One-Wish-Coders/install/tidal_vehicle_simulation/share/tidal_vehicle_simulation/models/mangrove_cluster/model.sdf
[9.738s] -- Symlinking: /home/tiffy/One-Wish-Coders/install/tidal_vehicle_simulation/share/tidal_vehicle_simulation/models/mission_markers/model.config
[9.745s] -- Symlinking: /home/tiffy/One-Wish-Coders/install/tidal_vehicle_simulation/share/tidal_vehicle_simulation/models/mission_markers/model.sdf
[9.751s] -- Symlinking: /home/tiffy/One-Wish-Coders/install/tidal_vehicle_simulation/share/tidal_vehicle_simulation/models/natural_obstacles/meshes/natural_obstacles.mtl
[9.758s] -- Symlinking: /home/tiffy/One-Wish-Coders/install/tidal_vehicle_simulation/share/tidal_vehicle_simulation/models/natural_obstacles/meshes/natural_obstacles.obj
[9.764s] -- Symlinking: /home/tiffy/One-Wish-Coders/install/tidal_vehicle_simulation/share/tidal_vehicle_simulation/models/natural_obstacles/model.config
[9.770s] -- Symlinking: /home/tiffy/One-Wish-Coders/install/tidal_vehicle_simulation/share/tidal_vehicle_simulation/models/natural_obstacles/model.sdf
[9.776s] -- Symlinking: /home/tiffy/One-Wish-Coders/install/tidal_vehicle_simulation/share/tidal_vehicle_simulation/models/placeholder_obstacles/model.config
[9.782s] -- Symlinking: /home/tiffy/One-Wish-Coders/install/tidal_vehicle_simulation/share/tidal_vehicle_simulation/models/placeholder_obstacles/model.sdf
[9.789s] -- Symlinking: /home/tiffy/One-Wish-Coders/install/tidal_vehicle_simulation/share/tidal_vehicle_simulation/models/terrain/heightmap.pgm
[9.796s] -- Symlinking: /home/tiffy/One-Wish-Coders/install/tidal_vehicle_simulation/share/tidal_vehicle_simulation/models/terrain/heightmap.png
[9.802s] -- Symlinking: /home/tiffy/One-Wish-Coders/install/tidal_vehicle_simulation/share/tidal_vehicle_simulation/models/terrain/materials/mudflat.png
[9.808s] -- Symlinking: /home/tiffy/One-Wish-Coders/install/tidal_vehicle_simulation/share/tidal_vehicle_simulation/models/terrain/meshes/terrain_visual.mtl
[9.814s] -- Symlinking: /home/tiffy/One-Wish-Coders/install/tidal_vehicle_simulation/share/tidal_vehicle_simulation/models/terrain/meshes/terrain_visual.obj
[9.821s] -- Symlinking: /home/tiffy/One-Wish-Coders/install/tidal_vehicle_simulation/share/tidal_vehicle_simulation/models/terrain/model.config
[9.828s] -- Symlinking: /home/tiffy/One-Wish-Coders/install/tidal_vehicle_simulation/share/tidal_vehicle_simulation/models/terrain/model.sdf
[9.834s] -- Symlinking: /home/tiffy/One-Wish-Coders/install/tidal_vehicle_simulation/share/tidal_vehicle_simulation/models/tidal_corridor_lighting/model.config
[9.841s] -- Symlinking: /home/tiffy/One-Wish-Coders/install/tidal_vehicle_simulation/share/tidal_vehicle_simulation/models/tidal_corridor_lighting/model.sdf
[9.847s] -- Symlinking: /home/tiffy/One-Wish-Coders/install/tidal_vehicle_simulation/share/tidal_vehicle_simulation/models/water_pools/meshes/low_tide_pools.obj
[9.854s] -- Symlinking: /home/tiffy/One-Wish-Coders/install/tidal_vehicle_simulation/share/tidal_vehicle_simulation/models/water_pools/model.config
[9.861s] -- Symlinking: /home/tiffy/One-Wish-Coders/install/tidal_vehicle_simulation/share/tidal_vehicle_simulation/models/water_pools/model.sdf
[9.867s] -- Symlinking: /home/tiffy/One-Wish-Coders/install/tidal_vehicle_simulation/share/tidal_vehicle_simulation/models/water_surface/materials/muddy_water.png
[9.873s] -- Symlinking: /home/tiffy/One-Wish-Coders/install/tidal_vehicle_simulation/share/tidal_vehicle_simulation/models/water_surface/meshes/water_surface.mtl
[9.880s] -- Symlinking: /home/tiffy/One-Wish-Coders/install/tidal_vehicle_simulation/share/tidal_vehicle_simulation/models/water_surface/meshes/water_surface.obj
[9.886s] -- Symlinking: /home/tiffy/One-Wish-Coders/install/tidal_vehicle_simulation/share/tidal_vehicle_simulation/models/water_surface/model.config
[9.893s] -- Symlinking: /home/tiffy/One-Wish-Coders/install/tidal_vehicle_simulation/share/tidal_vehicle_simulation/models/water_surface/model.sdf
[9.900s] -- Symlinking: /home/tiffy/One-Wish-Coders/install/tidal_vehicle_simulation/share/tidal_vehicle_simulation/plugins/.gitkeep
[9.905s] -- Symlinking: /home/tiffy/One-Wish-Coders/install/tidal_vehicle_simulation/share/tidal_vehicle_simulation/plugins/tide_visual_system.cpp
[9.912s] -- Symlinking: /home/tiffy/One-Wish-Coders/install/tidal_vehicle_simulation/share/tidal_vehicle_simulation/worlds/.gitkeep
[9.918s] -- Symlinking: /home/tiffy/One-Wish-Coders/install/tidal_vehicle_simulation/share/tidal_vehicle_simulation/worlds/tidal_corridor.sdf
[9.925s] -- Symlinking: /home/tiffy/One-Wish-Coders/install/tidal_vehicle_simulation/share/ament_index/resource_index/package_run_dependencies/tidal_vehicle_simulation
[9.932s] -- Symlinking: /home/tiffy/One-Wish-Coders/install/tidal_vehicle_simulation/share/ament_index/resource_index/parent_prefix_path/tidal_vehicle_simulation
[9.938s] -- Symlinking: /home/tiffy/One-Wish-Coders/install/tidal_vehicle_simulation/share/tidal_vehicle_simulation/environment/ament_prefix_path.sh
[9.944s] -- Symlinking: /home/tiffy/One-Wish-Coders/install/tidal_vehicle_simulation/share/tidal_vehicle_simulation/environment/ament_prefix_path.dsv
[9.951s] -- Symlinking: /home/tiffy/One-Wish-Coders/install/tidal_vehicle_simulation/share/tidal_vehicle_simulation/environment/path.sh
[9.957s] -- Symlinking: /home/tiffy/One-Wish-Coders/install/tidal_vehicle_simulation/share/tidal_vehicle_simulation/environment/path.dsv
[9.964s] -- Symlinking: /home/tiffy/One-Wish-Coders/install/tidal_vehicle_simulation/share/tidal_vehicle_simulation/local_setup.bash
[9.969s] -- Symlinking: /home/tiffy/One-Wish-Coders/install/tidal_vehicle_simulation/share/tidal_vehicle_simulation/local_setup.sh
[9.975s] -- Symlinking: /home/tiffy/One-Wish-Coders/install/tidal_vehicle_simulation/share/tidal_vehicle_simulation/local_setup.zsh
[9.982s] -- Symlinking: /home/tiffy/One-Wish-Coders/install/tidal_vehicle_simulation/share/tidal_vehicle_simulation/local_setup.dsv
[9.988s] -- Symlinking: /home/tiffy/One-Wish-Coders/install/tidal_vehicle_simulation/share/tidal_vehicle_simulation/package.dsv
[9.994s] -- Symlinking: /home/tiffy/One-Wish-Coders/install/tidal_vehicle_simulation/share/ament_index/resource_index/packages/tidal_vehicle_simulation
[10.001s] -- Symlinking: /home/tiffy/One-Wish-Coders/install/tidal_vehicle_simulation/share/tidal_vehicle_simulation/cmake/tidal_vehicle_simulationConfig.cmake
[10.007s] -- Symlinking: /home/tiffy/One-Wish-Coders/install/tidal_vehicle_simulation/share/tidal_vehicle_simulation/cmake/tidal_vehicle_simulationConfig-version.cmake
[10.013s] -- Symlinking: /home/tiffy/One-Wish-Coders/install/tidal_vehicle_simulation/share/tidal_vehicle_simulation/package.xml
[10.021s] Invoked command in '/home/tiffy/One-Wish-Coders/build/tidal_vehicle_simulation' returned '0': AMENT_PREFIX_PATH=/home/tiffy/One-Wish-Coders/install/tidal_vehicle_interfaces:${AMENT_PREFIX_PATH} CMAKE_PREFIX_PATH=/home/tiffy/One-Wish-Coders/install/tidal_vehicle_interfaces:/opt/ros/jazzy/opt/gz_sim_vendor:/opt/ros/jazzy/opt/gz_sensors_vendor:/opt/ros/jazzy/opt/gz_physics_vendor:/opt/ros/jazzy/opt/sdformat_vendor:/opt/ros/jazzy/opt/gz_gui_vendor:/opt/ros/jazzy/opt/gz_transport_vendor:/opt/ros/jazzy/opt/gz_rendering_vendor:/opt/ros/jazzy/opt/gz_plugin_vendor:/opt/ros/jazzy/opt/gz_fuel_tools_vendor:/opt/ros/jazzy/opt/gz_msgs_vendor:/opt/ros/jazzy/opt/gz_common_vendor:/opt/ros/jazzy/opt/gz_math_vendor:/opt/ros/jazzy/opt/gz_utils_vendor:/opt/ros/jazzy/opt/gz_tools_vendor:/opt/ros/jazzy/opt/gz_ogre_next_vendor:/opt/ros/jazzy/opt/gz_dartsim_vendor:/opt/ros/jazzy/opt/gz_cmake_vendor:/opt/ros/jazzy LD_LIBRARY_PATH=/home/tiffy/One-Wish-Coders/install/tidal_vehicle_interfaces/lib:${LD_LIBRARY_PATH} PYTHONPATH=/home/tiffy/One-Wish-Coders/install/tidal_vehicle_interfaces/lib/python3.12/site-packages:${PYTHONPATH} /usr/bin/cmake --install /home/tiffy/One-Wish-Coders/build/tidal_vehicle_simulation
